[2024-08-24T03:45:18.665+0000][65][info][gc,init] CardTable entry size: 512
[2024-08-24T03:45:18.666+0000][65][info][gc     ] Using G1
[2024-08-24T03:45:18.768+0000][65][info][gc,init] Version: 20.0.1+9-29 (release)
[2024-08-24T03:45:18.768+0000][65][info][gc,init] CPUs: 8 total, 8 available
[2024-08-24T03:45:18.768+0000][65][info][gc,init] Memory: 7839M
[2024-08-24T03:45:18.769+0000][65][info][gc,init] Large Page Support: Disabled
[2024-08-24T03:45:18.769+0000][65][info][gc,init] NUMA Support: Disabled
[2024-08-24T03:45:18.769+0000][65][info][gc,init] Compressed Oops: Enabled (32-bit)
[2024-08-24T03:45:18.769+0000][65][info][gc,init] Heap Region Size: 4M
[2024-08-24T03:45:18.769+0000][65][info][gc,init] Heap Min Capacity: 512M
[2024-08-24T03:45:18.769+0000][65][info][gc,init] Heap Initial Capacity: 512M
[2024-08-24T03:45:18.769+0000][65][info][gc,init] Heap Max Capacity: 512M
[2024-08-24T03:45:18.769+0000][65][info][gc,init] Pre-touch: Enabled
[2024-08-24T03:45:18.769+0000][65][info][gc,init] Parallel Workers: 8
[2024-08-24T03:45:18.769+0000][65][info][gc,init] Concurrent Workers: 2
[2024-08-24T03:45:18.769+0000][65][info][gc,init] Concurrent Refinement Workers: 8
[2024-08-24T03:45:18.769+0000][65][info][gc,init] Periodic GC: Disabled
[2024-08-24T03:45:18.769+0000][65][info][gc,metaspace] CDS archive(s) mapped at: [0x0000000800000000-0x0000000800c80000-0x0000000800c80000), size 13107200, SharedBaseAddress: 0x0000000800000000, ArchiveRelocationMode: 0.
[2024-08-24T03:45:18.769+0000][65][info][gc,metaspace] Compressed class space mapped at: 0x0000000801000000-0x0000000841000000, reserved size: 1073741824
[2024-08-24T03:45:18.769+0000][65][info][gc,metaspace] Narrow klass base: 0x0000000800000000, Narrow klass shift: 0, Narrow klass range: 0x100000000
[2024-08-24T03:45:18.816+0000][65][info][safepoint   ] Safepoint "ICBufferFull", Time since last: 43013625 ns, Reaching safepoint: 695084 ns, Cleanup: 87958 ns, At safepoint: 11500 ns, Total: 794542 ns
[2024-08-24T03:45:18.862+0000][65][info][safepoint   ] Safepoint "ICBufferFull", Time since last: 46097792 ns, Reaching safepoint: 2208 ns, Cleanup: 124083 ns, At safepoint: 16917 ns, Total: 143208 ns
[2024-08-24T03:45:18.888+0000][65][info][gc,start    ] GC(0) Pause Young (Normal) (G1 Evacuation Pause)
[2024-08-24T03:45:18.888+0000][65][info][gc,task     ] GC(0) Using 8 workers of 8 for evacuation
[2024-08-24T03:45:18.888+0000][65][debug][gc,age      ] GC(0) Desired survivor size 2097152 bytes, new threshold 15 (max threshold 15)
[2024-08-24T03:45:18.890+0000][65][info ][gc,phases   ] GC(0)   Pre Evacuate Collection Set: 0.1ms
[2024-08-24T03:45:18.890+0000][65][info ][gc,phases   ] GC(0)   Merge Heap Roots: 0.0ms
[2024-08-24T03:45:18.890+0000][65][info ][gc,phases   ] GC(0)   Evacuate Collection Set: 0.7ms
[2024-08-24T03:45:18.890+0000][65][info ][gc,phases   ] GC(0)   Post Evacuate Collection Set: 0.2ms
[2024-08-24T03:45:18.890+0000][65][info ][gc,phases   ] GC(0)   Other: 0.1ms
[2024-08-24T03:45:18.890+0000][65][trace][gc,age      ] GC(0) Age table with threshold 15 (max threshold 15)
[2024-08-24T03:45:18.890+0000][65][trace][gc,age      ] GC(0) - age   1:    3067680 bytes,    3067680 total
[2024-08-24T03:45:18.890+0000][65][info ][gc,heap     ] GC(0) Eden regions: 6->0(19)
[2024-08-24T03:45:18.890+0000][65][info ][gc,heap     ] GC(0) Survivor regions: 0->1(1)
[2024-08-24T03:45:18.890+0000][65][info ][gc,heap     ] GC(0) Old regions: 0->0
[2024-08-24T03:45:18.890+0000][65][info ][gc,heap     ] GC(0) Archive regions: 2->2
[2024-08-24T03:45:18.890+0000][65][info ][gc,heap     ] GC(0) Humongous regions: 0->0
[2024-08-24T03:45:18.890+0000][65][info ][gc,metaspace] GC(0) Metaspace: 1305K(1472K)->1305K(1472K) NonClass: 1203K(1280K)->1203K(1280K) Class: 102K(192K)->102K(192K)
[2024-08-24T03:45:18.890+0000][65][info ][gc          ] GC(0) Pause Young (Normal) (G1 Evacuation Pause) 28M->7M(512M) 1.903ms
[2024-08-24T03:45:18.890+0000][65][info ][gc,cpu      ] GC(0) User=0.00s Sys=0.00s Real=0.01s
[2024-08-24T03:45:18.890+0000][65][info ][safepoint   ] Safepoint "G1CollectForAllocation", Time since last: 26173042 ns, Reaching safepoint: 1875 ns, Cleanup: 42041 ns, At safepoint: 1967667 ns, Total: 2011583 ns
[2024-08-24T03:45:18.974+0000][65][info ][safepoint   ] Safepoint "ICBufferFull", Time since last: 83813958 ns, Reaching safepoint: 1584 ns, Cleanup: 122583 ns, At safepoint: 7250 ns, Total: 131417 ns
[2024-08-24T03:45:19.056+0000][65][info ][safepoint   ] Safepoint "ICBufferFull", Time since last: 81577208 ns, Reaching safepoint: 1709 ns, Cleanup: 98375 ns, At safepoint: 1625 ns, Total: 101709 ns
[2024-08-24T03:45:19.117+0000][65][info ][safepoint   ] Safepoint "ICBufferFull", Time since last: 61581667 ns, Reaching safepoint: 1833 ns, Cleanup: 117333 ns, At safepoint: 18750 ns, Total: 137916 ns
[2024-08-24T03:45:19.212+0000][65][info ][safepoint   ] Safepoint "ICBufferFull", Time since last: 94481167 ns, Reaching safepoint: 1667 ns, Cleanup: 126541 ns, At safepoint: 1417 ns, Total: 129625 ns
[2024-08-24T03:45:19.346+0000][65][info ][safepoint   ] Safepoint "ICBufferFull", Time since last: 132462208 ns, Reaching safepoint: 1161917 ns, Cleanup: 127708 ns, At safepoint: 14000 ns, Total: 1303625 ns
[2024-08-24T03:45:19.391+0000][65][info ][safepoint   ] Safepoint "ICBufferFull", Time since last: 45414250 ns, Reaching safepoint: 2000 ns, Cleanup: 156042 ns, At safepoint: 13375 ns, Total: 171417 ns
[2024-08-24T03:45:19.518+0000][65][info ][safepoint   ] Safepoint "ICBufferFull", Time since last: 126145542 ns, Reaching safepoint: 2750 ns, Cleanup: 134250 ns, At safepoint: 4875 ns, Total: 141875 ns
[2024-08-24T03:45:19.553+0000][65][info ][gc,start    ] GC(1) Pause Young (Normal) (G1 Evacuation Pause)
[2024-08-24T03:45:19.554+0000][65][info ][gc,task     ] GC(1) Using 8 workers of 8 for evacuation
[2024-08-24T03:45:19.554+0000][65][debug][gc,age      ] GC(1) Desired survivor size 6291456 bytes, new threshold 15 (max threshold 15)
[2024-08-24T03:45:19.558+0000][65][info ][gc,phases   ] GC(1)   Pre Evacuate Collection Set: 0.1ms
[2024-08-24T03:45:19.558+0000][65][info ][gc,phases   ] GC(1)   Merge Heap Roots: 0.1ms
[2024-08-24T03:45:19.558+0000][65][info ][gc,phases   ] GC(1)   Evacuate Collection Set: 2.9ms
[2024-08-24T03:45:19.558+0000][65][info ][gc,phases   ] GC(1)   Post Evacuate Collection Set: 0.9ms
[2024-08-24T03:45:19.558+0000][65][info ][gc,phases   ] GC(1)   Other: 0.1ms
[2024-08-24T03:45:19.558+0000][65][trace][gc,age      ] GC(1) Age table with threshold 15 (max threshold 15)
[2024-08-24T03:45:19.558+0000][65][trace][gc,age      ] GC(1) - age   1:    5449952 bytes,    5449952 total
[2024-08-24T03:45:19.558+0000][65][trace][gc,age      ] GC(1) - age   2:    3040760 bytes,    8490712 total
[2024-08-24T03:45:19.558+0000][65][info ][gc,heap     ] GC(1) Eden regions: 19->0(37)
[2024-08-24T03:45:19.558+0000][65][info ][gc,heap     ] GC(1) Survivor regions: 1->3(3)
[2024-08-24T03:45:19.558+0000][65][info ][gc,heap     ] GC(1) Old regions: 0->0
[2024-08-24T03:45:19.558+0000][65][info ][gc,heap     ] GC(1) Archive regions: 2->2
[2024-08-24T03:45:19.558+0000][65][info ][gc,heap     ] GC(1) Humongous regions: 0->0
[2024-08-24T03:45:19.558+0000][65][info ][gc,metaspace] GC(1) Metaspace: 15454K(16000K)->15454K(16000K) NonClass: 13669K(13952K)->13669K(13952K) Class: 1784K(2048K)->1784K(2048K)
[2024-08-24T03:45:19.558+0000][65][info ][gc          ] GC(1) Pause Young (Normal) (G1 Evacuation Pause) 83M->12M(512M) 4.826ms
[2024-08-24T03:45:19.558+0000][65][info ][gc,cpu      ] GC(1) User=0.02s Sys=0.00s Real=0.00s
[2024-08-24T03:45:19.558+0000][65][info ][safepoint   ] Safepoint "G1CollectForAllocation", Time since last: 35692416 ns, Reaching safepoint: 2417 ns, Cleanup: 126000 ns, At safepoint: 4912292 ns, Total: 5040709 ns
[2024-08-24T03:45:19.663+0000][65][info ][safepoint   ] Safepoint "ICBufferFull", Time since last: 104600958 ns, Reaching safepoint: 1958 ns, Cleanup: 157167 ns, At safepoint: 1917 ns, Total: 161042 ns
[2024-08-24T03:45:19.716+0000][65][info ][safepoint   ] Safepoint "ICBufferFull", Time since last: 52460708 ns, Reaching safepoint: 2833 ns, Cleanup: 148375 ns, At safepoint: 10084 ns, Total: 161292 ns
[2024-08-24T03:45:19.837+0000][65][info ][safepoint   ] Safepoint "ICBufferFull", Time since last: 121007208 ns, Reaching safepoint: 2750 ns, Cleanup: 128000 ns, At safepoint: 2084 ns, Total: 132834 ns
[2024-08-24T03:45:19.900+0000][65][info ][gc,start    ] GC(2) Pause Young (Normal) (G1 Evacuation Pause)
[2024-08-24T03:45:19.901+0000][65][info ][gc,task     ] GC(2) Using 8 workers of 8 for evacuation
[2024-08-24T03:45:19.901+0000][65][debug][gc,age      ] GC(2) Desired survivor size 10485760 bytes, new threshold 15 (max threshold 15)
[2024-08-24T03:45:19.906+0000][65][info ][gc,phases   ] GC(2)   Pre Evacuate Collection Set: 0.1ms
[2024-08-24T03:45:19.906+0000][65][info ][gc,phases   ] GC(2)   Merge Heap Roots: 0.1ms
[2024-08-24T03:45:19.906+0000][65][info ][gc,phases   ] GC(2)   Evacuate Collection Set: 4.4ms
[2024-08-24T03:45:19.906+0000][65][info ][gc,phases   ] GC(2)   Post Evacuate Collection Set: 0.7ms
[2024-08-24T03:45:19.906+0000][65][info ][gc,phases   ] GC(2)   Other: 0.1ms
[2024-08-24T03:45:19.906+0000][65][trace][gc,age      ] GC(2) Age table with threshold 15 (max threshold 15)
[2024-08-24T03:45:19.906+0000][65][trace][gc,age      ] GC(2) - age   1:    3707920 bytes,    3707920 total
[2024-08-24T03:45:19.906+0000][65][trace][gc,age      ] GC(2) - age   2:    4494080 bytes,    8202000 total
[2024-08-24T03:45:19.906+0000][65][trace][gc,age      ] GC(2) - age   3:    3040200 bytes,   11242200 total
[2024-08-24T03:45:19.906+0000][65][info ][gc,heap     ] GC(2) Eden regions: 37->0(73)
[2024-08-24T03:45:19.906+0000][65][info ][gc,heap     ] GC(2) Survivor regions: 3->3(5)
[2024-08-24T03:45:19.906+0000][65][info ][gc,heap     ] GC(2) Old regions: 0->0
[2024-08-24T03:45:19.906+0000][65][info ][gc,heap     ] GC(2) Archive regions: 2->2
[2024-08-24T03:45:19.906+0000][65][info ][gc,heap     ] GC(2) Humongous regions: 0->0
[2024-08-24T03:45:19.906+0000][65][info ][gc,metaspace] GC(2) Metaspace: 17935K(18432K)->17935K(18432K) NonClass: 15894K(16192K)->15894K(16192K) Class: 2040K(2240K)->2040K(2240K)
[2024-08-24T03:45:19.906+0000][65][info ][gc          ] GC(2) Pause Young (Normal) (G1 Evacuation Pause) 160M->15M(512M) 5.809ms
[2024-08-24T03:45:19.906+0000][65][info ][gc,cpu      ] GC(2) User=0.04s Sys=0.00s Real=0.00s
[2024-08-24T03:45:19.906+0000][65][info ][safepoint   ] Safepoint "G1CollectForAllocation", Time since last: 63254291 ns, Reaching safepoint: 257375 ns, Cleanup: 115834 ns, At safepoint: 5889625 ns, Total: 6262834 ns
[2024-08-24T03:45:19.985+0000][65][info ][gc,start    ] GC(3) Pause Young (Concurrent Start) (Metadata GC Threshold)
[2024-08-24T03:45:19.985+0000][65][info ][gc,task     ] GC(3) Using 8 workers of 8 for evacuation
[2024-08-24T03:45:19.985+0000][65][debug][gc,age      ] GC(3) Desired survivor size 20971520 bytes, new threshold 15 (max threshold 15)
[2024-08-24T03:45:19.989+0000][65][info ][gc,phases   ] GC(3)   Pre Evacuate Collection Set: 0.1ms
[2024-08-24T03:45:19.989+0000][65][info ][gc,phases   ] GC(3)   Merge Heap Roots: 0.1ms
[2024-08-24T03:45:19.989+0000][65][info ][gc,phases   ] GC(3)   Evacuate Collection Set: 2.6ms
[2024-08-24T03:45:19.989+0000][65][info ][gc,phases   ] GC(3)   Post Evacuate Collection Set: 0.6ms
[2024-08-24T03:45:19.989+0000][65][info ][gc,phases   ] GC(3)   Other: 0.1ms
[2024-08-24T03:45:19.989+0000][65][trace][gc,age      ] GC(3) Age table with threshold 15 (max threshold 15)
[2024-08-24T03:45:19.989+0000][65][trace][gc,age      ] GC(3) - age   1:     983784 bytes,     983784 total
[2024-08-24T03:45:19.989+0000][65][trace][gc,age      ] GC(3) - age   2:    2466072 bytes,    3449856 total
[2024-08-24T03:45:19.989+0000][65][trace][gc,age      ] GC(3) - age   3:    4492928 bytes,    7942784 total
[2024-08-24T03:45:19.989+0000][65][trace][gc,age      ] GC(3) - age   4:    3040200 bytes,   10982984 total
[2024-08-24T03:45:19.989+0000][65][info ][gc,heap     ] GC(3) Eden regions: 6->0(72)
[2024-08-24T03:45:19.989+0000][65][info ][gc,heap     ] GC(3) Survivor regions: 3->4(10)
[2024-08-24T03:45:19.989+0000][65][info ][gc,heap     ] GC(3) Old regions: 0->0
[2024-08-24T03:45:19.989+0000][65][info ][gc,heap     ] GC(3) Archive regions: 2->2
[2024-08-24T03:45:19.989+0000][65][info ][gc,heap     ] GC(3) Humongous regions: 0->0
[2024-08-24T03:45:19.989+0000][65][info ][gc,metaspace] GC(3) Metaspace: 21030K(21504K)->21030K(21504K) NonClass: 18681K(18944K)->18681K(18944K) Class: 2349K(2560K)->2349K(2560K)
[2024-08-24T03:45:19.989+0000][65][info ][gc          ] GC(3) Pause Young (Concurrent Start) (Metadata GC Threshold) 37M->16M(512M) 4.285ms
[2024-08-24T03:45:19.989+0000][65][info ][gc,cpu      ] GC(3) User=0.02s Sys=0.00s Real=0.01s
[2024-08-24T03:45:19.989+0000][65][info ][gc          ] GC(4) Concurrent Mark Cycle
[2024-08-24T03:45:19.989+0000][65][info ][gc,marking  ] GC(4) Concurrent Scan Root Regions
[2024-08-24T03:45:19.989+0000][65][info ][safepoint   ] Safepoint "CollectForMetadataAllocation", Time since last: 78414500 ns, Reaching safepoint: 2333 ns, Cleanup: 106208 ns, At safepoint: 4451792 ns, Total: 4560333 ns
[2024-08-24T03:45:19.992+0000][65][info ][gc,marking  ] GC(4) Concurrent Scan Root Regions 2.260ms
[2024-08-24T03:45:19.992+0000][65][info ][gc,marking  ] GC(4) Concurrent Mark
[2024-08-24T03:45:19.993+0000][65][info ][gc,marking  ] GC(4) Concurrent Mark From Roots
[2024-08-24T03:45:19.996+0000][65][info ][gc,task     ] GC(4) Using 2 workers of 2 for marking
[2024-08-24T03:45:19.997+0000][65][info ][gc,marking  ] GC(4) Concurrent Mark From Roots 3.883ms
[2024-08-24T03:45:19.997+0000][65][info ][gc,marking  ] GC(4) Concurrent Preclean
[2024-08-24T03:45:19.997+0000][65][info ][gc,marking  ] GC(4) Concurrent Preclean 0.085ms
[2024-08-24T03:45:19.997+0000][65][info ][gc,start    ] GC(4) Pause Remark
[2024-08-24T03:45:19.999+0000][65][info ][gc          ] GC(4) Pause Remark 19M->19M(512M) 1.615ms
[2024-08-24T03:45:19.999+0000][65][info ][gc,cpu      ] GC(4) User=0.01s Sys=0.00s Real=0.01s
[2024-08-24T03:45:19.999+0000][65][info ][safepoint   ] Safepoint "G1PauseRemark", Time since last: 7806833 ns, Reaching safepoint: 248667 ns, Cleanup: 72333 ns, At safepoint: 1696875 ns, Total: 2017875 ns
[2024-08-24T03:45:19.999+0000][65][info ][gc,marking  ] GC(4) Concurrent Mark 6.927ms
[2024-08-24T03:45:19.999+0000][65][info ][gc,marking  ] GC(4) Concurrent Rebuild Remembered Sets and Scrub Regions
[2024-08-24T03:45:19.999+0000][65][info ][safepoint   ] Safepoint "CollectForMetadataAllocation", Time since last: 61459 ns, Reaching safepoint: 625 ns, Cleanup: 35958 ns, At safepoint: 52458 ns, Total: 89041 ns
[2024-08-24T03:45:19.999+0000][65][info ][gc,marking  ] GC(4) Concurrent Rebuild Remembered Sets and Scrub Regions 0.108ms
[2024-08-24T03:45:20.001+0000][65][info ][gc,start    ] GC(4) Pause Cleanup
[2024-08-24T03:45:20.001+0000][65][info ][gc          ] GC(4) Pause Cleanup 19M->19M(512M) 0.037ms
[2024-08-24T03:45:20.001+0000][65][info ][gc,cpu      ] GC(4) User=0.00s Sys=0.00s Real=0.00s
[2024-08-24T03:45:20.001+0000][65][info ][safepoint   ] Safepoint "G1PauseCleanup", Time since last: 2024334 ns, Reaching safepoint: 1125 ns, Cleanup: 35666 ns, At safepoint: 95209 ns, Total: 132000 ns
[2024-08-24T03:45:20.001+0000][65][info ][gc,marking  ] GC(4) Concurrent Clear Claimed Marks
[2024-08-24T03:45:20.002+0000][65][info ][gc,marking  ] GC(4) Concurrent Clear Claimed Marks 0.066ms
[2024-08-24T03:45:20.002+0000][65][info ][gc,marking  ] GC(4) Concurrent Cleanup for Next Mark
[2024-08-24T03:45:20.002+0000][65][info ][gc,marking  ] GC(4) Concurrent Cleanup for Next Mark 0.680ms
[2024-08-24T03:45:20.002+0000][65][info ][gc          ] GC(4) Concurrent Mark Cycle 13.264ms
[2024-08-24T03:45:20.081+0000][65][info ][safepoint   ] Safepoint "ICBufferFull", Time since last: 79348416 ns, Reaching safepoint: 2000 ns, Cleanup: 131209 ns, At safepoint: 7791 ns, Total: 141000 ns
[2024-08-24T03:45:20.179+0000][65][info ][safepoint   ] Safepoint "ICBufferFull", Time since last: 98378500 ns, Reaching safepoint: 2667 ns, Cleanup: 125917 ns, At safepoint: 9375 ns, Total: 137959 ns
[2024-08-24T03:45:20.308+0000][65][info ][safepoint   ] Safepoint "ICBufferFull", Time since last: 128897458 ns, Reaching safepoint: 2542 ns, Cleanup: 115583 ns, At safepoint: 7708 ns, Total: 125833 ns
[2024-08-24T03:45:20.395+0000][65][info ][gc,start    ] GC(5) Pause Young (Normal) (G1 Evacuation Pause)
[2024-08-24T03:45:20.395+0000][65][info ][gc,task     ] GC(5) Using 8 workers of 8 for evacuation
[2024-08-24T03:45:20.395+0000][65][debug][gc,age      ] GC(5) Desired survivor size 20971520 bytes, new threshold 15 (max threshold 15)
[2024-08-24T03:45:20.400+0000][65][info ][gc,phases   ] GC(5)   Pre Evacuate Collection Set: 0.1ms
[2024-08-24T03:45:20.400+0000][65][info ][gc,phases   ] GC(5)   Merge Heap Roots: 0.0ms
[2024-08-24T03:45:20.400+0000][65][info ][gc,phases   ] GC(5)   Evacuate Collection Set: 4.6ms
[2024-08-24T03:45:20.400+0000][65][info ][gc,phases   ] GC(5)   Post Evacuate Collection Set: 0.7ms
[2024-08-24T03:45:20.400+0000][65][info ][gc,phases   ] GC(5)   Other: 0.1ms
[2024-08-24T03:45:20.400+0000][65][trace][gc,age      ] GC(5) Age table with threshold 15 (max threshold 15)
[2024-08-24T03:45:20.400+0000][65][trace][gc,age      ] GC(5) - age   1:    6790440 bytes,    6790440 total
[2024-08-24T03:45:20.400+0000][65][trace][gc,age      ] GC(5) - age   2:     963784 bytes,    7754224 total
[2024-08-24T03:45:20.400+0000][65][trace][gc,age      ] GC(5) - age   3:    2462192 bytes,   10216416 total
[2024-08-24T03:45:20.400+0000][65][trace][gc,age      ] GC(5) - age   4:    4488640 bytes,   14705056 total
[2024-08-24T03:45:20.400+0000][65][trace][gc,age      ] GC(5) - age   5:    3039896 bytes,   17744952 total
[2024-08-24T03:45:20.400+0000][65][info ][gc,heap     ] GC(5) Eden regions: 72->0(71)
[2024-08-24T03:45:20.401+0000][65][info ][gc,heap     ] GC(5) Survivor regions: 4->5(10)
[2024-08-24T03:45:20.401+0000][65][info ][gc,heap     ] GC(5) Old regions: 0->0
[2024-08-24T03:45:20.401+0000][65][info ][gc,heap     ] GC(5) Archive regions: 2->2
[2024-08-24T03:45:20.401+0000][65][info ][gc,heap     ] GC(5) Humongous regions: 0->0
[2024-08-24T03:45:20.401+0000][65][info ][gc,metaspace] GC(5) Metaspace: 25744K(26368K)->25744K(26368K) NonClass: 22747K(23104K)->22747K(23104K) Class: 2996K(3264K)->2996K(3264K)
[2024-08-24T03:45:20.401+0000][65][info ][gc          ] GC(5) Pause Young (Normal) (G1 Evacuation Pause) 304M->22M(512M) 6.066ms
[2024-08-24T03:45:20.401+0000][65][info ][gc,cpu      ] GC(5) User=0.03s Sys=0.00s Real=0.01s
[2024-08-24T03:45:20.401+0000][65][info ][safepoint   ] Safepoint "G1CollectForAllocation", Time since last: 85323709 ns, Reaching safepoint: 644958 ns, Cleanup: 101042 ns, At safepoint: 6134875 ns, Total: 6880875 ns
[2024-08-24T03:45:20.555+0000][65][info ][safepoint   ] Safepoint "ICBufferFull", Time since last: 154590000 ns, Reaching safepoint: 1583 ns, Cleanup: 129417 ns, At safepoint: 5208 ns, Total: 136208 ns
[2024-08-24T03:45:20.673+0000][65][info ][safepoint   ] Safepoint "ICBufferFull", Time since last: 117503500 ns, Reaching safepoint: 2459 ns, Cleanup: 197041 ns, At safepoint: 2292 ns, Total: 201792 ns
[2024-08-24T03:45:20.764+0000][65][info ][gc,start    ] GC(6) Pause Young (Normal) (G1 Evacuation Pause)
[2024-08-24T03:45:20.764+0000][65][info ][gc,task     ] GC(6) Using 8 workers of 8 for evacuation
[2024-08-24T03:45:20.764+0000][65][debug][gc,age      ] GC(6) Desired survivor size 20971520 bytes, new threshold 15 (max threshold 15)
[2024-08-24T03:45:20.771+0000][65][info ][gc,phases   ] GC(6)   Pre Evacuate Collection Set: 0.1ms
[2024-08-24T03:45:20.771+0000][65][info ][gc,phases   ] GC(6)   Merge Heap Roots: 0.1ms
[2024-08-24T03:45:20.771+0000][65][info ][gc,phases   ] GC(6)   Evacuate Collection Set: 6.3ms
[2024-08-24T03:45:20.771+0000][65][info ][gc,phases   ] GC(6)   Post Evacuate Collection Set: 1.0ms
[2024-08-24T03:45:20.771+0000][65][info ][gc,phases   ] GC(6)   Other: 0.1ms
[2024-08-24T03:45:20.771+0000][65][trace][gc,age      ] GC(6) Age table with threshold 15 (max threshold 15)
[2024-08-24T03:45:20.771+0000][65][trace][gc,age      ] GC(6) - age   1:    5816312 bytes,    5816312 total
[2024-08-24T03:45:20.771+0000][65][trace][gc,age      ] GC(6) - age   2:    6759984 bytes,   12576296 total
[2024-08-24T03:45:20.772+0000][65][trace][gc,age      ] GC(6) - age   3:     963752 bytes,   13540048 total
[2024-08-24T03:45:20.772+0000][65][trace][gc,age      ] GC(6) - age   4:    2458248 bytes,   15998296 total
[2024-08-24T03:45:20.772+0000][65][trace][gc,age      ] GC(6) - age   5:    4488288 bytes,   20486584 total
[2024-08-24T03:45:20.772+0000][65][trace][gc,age      ] GC(6) - age   6:    3039800 bytes,   23526384 total
[2024-08-24T03:45:20.772+0000][65][info ][gc,heap     ] GC(6) Eden regions: 71->0(69)
[2024-08-24T03:45:20.772+0000][65][info ][gc,heap     ] GC(6) Survivor regions: 5->7(10)
[2024-08-24T03:45:20.772+0000][65][info ][gc,heap     ] GC(6) Old regions: 0->0
[2024-08-24T03:45:20.772+0000][65][info ][gc,heap     ] GC(6) Archive regions: 2->2
[2024-08-24T03:45:20.772+0000][65][info ][gc,heap     ] GC(6) Humongous regions: 0->0
[2024-08-24T03:45:20.772+0000][65][info ][gc,metaspace] GC(6) Metaspace: 31720K(32384K)->31720K(32384K) NonClass: 28056K(28416K)->28056K(28416K) Class: 3663K(3968K)->3663K(3968K)
[2024-08-24T03:45:20.772+0000][65][info ][gc          ] GC(6) Pause Young (Normal) (G1 Evacuation Pause) 306M->29M(512M) 8.217ms
[2024-08-24T03:45:20.772+0000][65][info ][gc,cpu      ] GC(6) User=0.04s Sys=0.00s Real=0.01s
[2024-08-24T03:45:20.772+0000][65][info ][safepoint   ] Safepoint "G1CollectForAllocation", Time since last: 90316417 ns, Reaching safepoint: 2583 ns, Cleanup: 101625 ns, At safepoint: 8286583 ns, Total: 8390791 ns
[2024-08-24T03:45:21.037+0000][65][info ][gc,start    ] GC(7) Pause Young (Normal) (G1 Evacuation Pause)
[2024-08-24T03:45:21.037+0000][65][info ][gc,task     ] GC(7) Using 8 workers of 8 for evacuation
[2024-08-24T03:45:21.037+0000][65][debug][gc,age      ] GC(7) Desired survivor size 20971520 bytes, new threshold 6 (max threshold 15)
[2024-08-24T03:45:21.045+0000][65][info ][gc,phases   ] GC(7)   Pre Evacuate Collection Set: 0.1ms
[2024-08-24T03:45:21.045+0000][65][info ][gc,phases   ] GC(7)   Merge Heap Roots: 0.1ms
[2024-08-24T03:45:21.045+0000][65][info ][gc,phases   ] GC(7)   Evacuate Collection Set: 6.2ms
[2024-08-24T03:45:21.045+0000][65][info ][gc,phases   ] GC(7)   Post Evacuate Collection Set: 0.8ms
[2024-08-24T03:45:21.045+0000][65][info ][gc,phases   ] GC(7)   Other: 0.1ms
[2024-08-24T03:45:21.045+0000][65][trace][gc,age      ] GC(7) Age table with threshold 6 (max threshold 15)
[2024-08-24T03:45:21.045+0000][65][trace][gc,age      ] GC(7) - age   1:    4830528 bytes,    4830528 total
[2024-08-24T03:45:21.045+0000][65][trace][gc,age      ] GC(7) - age   2:    4609064 bytes,    9439592 total
[2024-08-24T03:45:21.045+0000][65][trace][gc,age      ] GC(7) - age   3:    6755752 bytes,   16195344 total
[2024-08-24T03:45:21.045+0000][65][trace][gc,age      ] GC(7) - age   4:     963752 bytes,   17159096 total
[2024-08-24T03:45:21.045+0000][65][trace][gc,age      ] GC(7) - age   5:    2457336 bytes,   19616432 total
[2024-08-24T03:45:21.045+0000][65][trace][gc,age      ] GC(7) - age   6:    4482176 bytes,   24098608 total
[2024-08-24T03:45:21.045+0000][65][info ][gc,heap     ] GC(7) Eden regions: 69->0(69)
[2024-08-24T03:45:21.045+0000][65][info ][gc,heap     ] GC(7) Survivor regions: 7->7(10)
[2024-08-24T03:45:21.045+0000][65][info ][gc,heap     ] GC(7) Old regions: 0->1
[2024-08-24T03:45:21.045+0000][65][info ][gc,heap     ] GC(7) Archive regions: 2->2
[2024-08-24T03:45:21.045+0000][65][info ][gc,heap     ] GC(7) Humongous regions: 0->0
[2024-08-24T03:45:21.045+0000][65][info ][gc,metaspace] GC(7) Metaspace: 33310K(34112K)->33310K(34112K) NonClass: 29437K(29888K)->29437K(29888K) Class: 3873K(4224K)->3873K(4224K)
[2024-08-24T03:45:21.045+0000][65][info ][gc          ] GC(7) Pause Young (Normal) (G1 Evacuation Pause) 305M->32M(512M) 7.857ms
[2024-08-24T03:45:21.045+0000][65][info ][gc,cpu      ] GC(7) User=0.04s Sys=0.00s Real=0.01s
[2024-08-24T03:45:21.045+0000][65][info ][safepoint   ] Safepoint "G1CollectForAllocation", Time since last: 265358500 ns, Reaching safepoint: 2542 ns, Cleanup: 129208 ns, At safepoint: 7926292 ns, Total: 8058042 ns
[2024-08-24T03:45:21.262+0000][65][info ][gc,start    ] GC(8) Pause Young (Normal) (G1 Evacuation Pause)
[2024-08-24T03:45:21.262+0000][65][info ][gc,task     ] GC(8) Using 8 workers of 8 for evacuation
[2024-08-24T03:45:21.262+0000][65][debug][gc,age      ] GC(8) Desired survivor size 20971520 bytes, new threshold 6 (max threshold 15)
[2024-08-24T03:45:21.268+0000][65][info ][gc,phases   ] GC(8)   Pre Evacuate Collection Set: 0.1ms
[2024-08-24T03:45:21.268+0000][65][info ][gc,phases   ] GC(8)   Merge Heap Roots: 0.1ms
[2024-08-24T03:45:21.268+0000][65][info ][gc,phases   ] GC(8)   Evacuate Collection Set: 5.3ms
[2024-08-24T03:45:21.268+0000][65][info ][gc,phases   ] GC(8)   Post Evacuate Collection Set: 0.6ms
[2024-08-24T03:45:21.268+0000][65][info ][gc,phases   ] GC(8)   Other: 0.1ms
[2024-08-24T03:45:21.268+0000][65][trace][gc,age      ] GC(8) Age table with threshold 6 (max threshold 15)
[2024-08-24T03:45:21.268+0000][65][trace][gc,age      ] GC(8) - age   1:    4756656 bytes,    4756656 total
[2024-08-24T03:45:21.268+0000][65][trace][gc,age      ] GC(8) - age   2:    4628856 bytes,    9385512 total
[2024-08-24T03:45:21.268+0000][65][trace][gc,age      ] GC(8) - age   3:    4606968 bytes,   13992480 total
[2024-08-24T03:45:21.268+0000][65][trace][gc,age      ] GC(8) - age   4:    6755752 bytes,   20748232 total
[2024-08-24T03:45:21.268+0000][65][trace][gc,age      ] GC(8) - age   5:     963752 bytes,   21711984 total
[2024-08-24T03:45:21.268+0000][65][trace][gc,age      ] GC(8) - age   6:    2457336 bytes,   24169320 total
[2024-08-24T03:45:21.268+0000][65][info ][gc,heap     ] GC(8) Eden regions: 69->0(69)
[2024-08-24T03:45:21.268+0000][65][info ][gc,heap     ] GC(8) Survivor regions: 7->7(10)
[2024-08-24T03:45:21.268+0000][65][info ][gc,heap     ] GC(8) Old regions: 1->2
[2024-08-24T03:45:21.269+0000][65][info ][gc,heap     ] GC(8) Archive regions: 2->2
[2024-08-24T03:45:21.269+0000][65][info ][gc,heap     ] GC(8) Humongous regions: 0->0
[2024-08-24T03:45:21.269+0000][65][info ][gc,metaspace] GC(8) Metaspace: 34157K(35008K)->34157K(35008K) NonClass: 30169K(30656K)->30169K(30656K) Class: 3987K(4352K)->3987K(4352K)
[2024-08-24T03:45:21.269+0000][65][info ][gc          ] GC(8) Pause Young (Normal) (G1 Evacuation Pause) 308M->36M(512M) 6.826ms
[2024-08-24T03:45:21.269+0000][65][info ][gc,cpu      ] GC(8) User=0.04s Sys=0.01s Real=0.01s
[2024-08-24T03:45:21.269+0000][65][info ][safepoint   ] Safepoint "G1CollectForAllocation", Time since last: 216424917 ns, Reaching safepoint: 3167 ns, Cleanup: 92500 ns, At safepoint: 6916458 ns, Total: 7012125 ns
[2024-08-24T03:45:21.334+0000][65][info ][gc,start    ] GC(9) Pause Young (Concurrent Start) (Metadata GC Threshold)
[2024-08-24T03:45:21.334+0000][65][info ][gc,task     ] GC(9) Using 8 workers of 8 for evacuation
[2024-08-24T03:45:21.334+0000][65][debug][gc,age      ] GC(9) Desired survivor size 20971520 bytes, new threshold 5 (max threshold 15)
[2024-08-24T03:45:21.338+0000][65][info ][gc,phases   ] GC(9)   Pre Evacuate Collection Set: 0.1ms
[2024-08-24T03:45:21.338+0000][65][info ][gc,phases   ] GC(9)   Merge Heap Roots: 0.1ms
[2024-08-24T03:45:21.338+0000][65][info ][gc,phases   ] GC(9)   Evacuate Collection Set: 3.4ms
[2024-08-24T03:45:21.338+0000][65][info ][gc,phases   ] GC(9)   Post Evacuate Collection Set: 0.4ms
[2024-08-24T03:45:21.338+0000][65][info ][gc,phases   ] GC(9)   Other: 0.1ms
[2024-08-24T03:45:21.338+0000][65][trace][gc,age      ] GC(9) Age table with threshold 5 (max threshold 15)
[2024-08-24T03:45:21.338+0000][65][trace][gc,age      ] GC(9) - age   1:     705112 bytes,     705112 total
[2024-08-24T03:45:21.338+0000][65][trace][gc,age      ] GC(9) - age   2:    3234008 bytes,    3939120 total
[2024-08-24T03:45:21.338+0000][65][trace][gc,age      ] GC(9) - age   3:    4617472 bytes,    8556592 total
[2024-08-24T03:45:21.338+0000][65][trace][gc,age      ] GC(9) - age   4:    4594912 bytes,   13151504 total
[2024-08-24T03:45:21.338+0000][65][trace][gc,age      ] GC(9) - age   5:    6741064 bytes,   19892568 total
[2024-08-24T03:45:21.338+0000][65][info ][gc,heap     ] GC(9) Eden regions: 5->0(70)
[2024-08-24T03:45:21.338+0000][65][info ][gc,heap     ] GC(9) Survivor regions: 7->6(10)
[2024-08-24T03:45:21.338+0000][65][info ][gc,heap     ] GC(9) Old regions: 2->3
[2024-08-24T03:45:21.338+0000][65][info ][gc,heap     ] GC(9) Archive regions: 2->2
[2024-08-24T03:45:21.338+0000][65][info ][gc,heap     ] GC(9) Humongous regions: 0->0
[2024-08-24T03:45:21.338+0000][65][info ][gc,metaspace] GC(9) Metaspace: 35526K(36416K)->35526K(36416K) NonClass: 31354K(31872K)->31354K(31872K) Class: 4172K(4544K)->4172K(4544K)
[2024-08-24T03:45:21.338+0000][65][info ][gc          ] GC(9) Pause Young (Concurrent Start) (Metadata GC Threshold) 52M->36M(512M) 4.570ms
[2024-08-24T03:45:21.338+0000][65][info ][gc,cpu      ] GC(9) User=0.03s Sys=0.00s Real=0.00s
[2024-08-24T03:45:21.338+0000][65][info ][gc          ] GC(10) Concurrent Mark Cycle
[2024-08-24T03:45:21.338+0000][65][info ][gc,marking  ] GC(10) Concurrent Scan Root Regions
[2024-08-24T03:45:21.338+0000][65][info ][safepoint   ] Safepoint "CollectForMetadataAllocation", Time since last: 64753958 ns, Reaching safepoint: 1917 ns, Cleanup: 98833 ns, At safepoint: 4743250 ns, Total: 4844000 ns
[2024-08-24T03:45:21.341+0000][65][info ][gc,marking  ] GC(10) Concurrent Scan Root Regions 2.722ms
[2024-08-24T03:45:21.341+0000][65][info ][gc,marking  ] GC(10) Concurrent Mark
[2024-08-24T03:45:21.341+0000][65][info ][gc,marking  ] GC(10) Concurrent Mark From Roots
[2024-08-24T03:45:21.341+0000][65][info ][gc,task     ] GC(10) Using 2 workers of 2 for marking
[2024-08-24T03:45:21.344+0000][65][info ][gc,marking  ] GC(10) Concurrent Mark From Roots 2.863ms
[2024-08-24T03:45:21.344+0000][65][info ][gc,marking  ] GC(10) Concurrent Preclean
[2024-08-24T03:45:21.344+0000][65][info ][gc,marking  ] GC(10) Concurrent Preclean 0.065ms
[2024-08-24T03:45:21.346+0000][65][info ][gc,start    ] GC(10) Pause Remark
[2024-08-24T03:45:21.350+0000][65][info ][gc          ] GC(10) Pause Remark 40M->40M(512M) 4.209ms
[2024-08-24T03:45:21.350+0000][65][info ][gc,cpu      ] GC(10) User=0.03s Sys=0.00s Real=0.01s
[2024-08-24T03:45:21.350+0000][65][info ][safepoint   ] Safepoint "G1PauseRemark", Time since last: 6155459 ns, Reaching safepoint: 1117000 ns, Cleanup: 31208 ns, At safepoint: 4344625 ns, Total: 5492833 ns
[2024-08-24T03:45:21.350+0000][65][info ][gc,marking  ] GC(10) Concurrent Mark 9.191ms
[2024-08-24T03:45:21.351+0000][65][info ][gc,marking  ] GC(10) Concurrent Rebuild Remembered Sets and Scrub Regions
[2024-08-24T03:45:21.353+0000][65][info ][gc,marking  ] GC(10) Concurrent Rebuild Remembered Sets and Scrub Regions 2.651ms
[2024-08-24T03:45:21.355+0000][65][info ][gc,start    ] GC(10) Pause Cleanup
[2024-08-24T03:45:21.355+0000][65][info ][gc          ] GC(10) Pause Cleanup 40M->40M(512M) 0.167ms
[2024-08-24T03:45:21.355+0000][65][info ][gc,cpu      ] GC(10) User=0.00s Sys=0.00s Real=0.00s
[2024-08-24T03:45:21.355+0000][65][info ][safepoint   ] Safepoint "G1PauseCleanup", Time since last: 3804583 ns, Reaching safepoint: 750000 ns, Cleanup: 59167 ns, At safepoint: 278208 ns, Total: 1087375 ns
[2024-08-24T03:45:21.355+0000][65][info ][gc,marking  ] GC(10) Concurrent Clear Claimed Marks
[2024-08-24T03:45:21.355+0000][65][info ][gc,marking  ] GC(10) Concurrent Clear Claimed Marks 0.183ms
[2024-08-24T03:45:21.355+0000][65][info ][gc,marking  ] GC(10) Concurrent Cleanup for Next Mark
[2024-08-24T03:45:21.356+0000][65][info ][gc,marking  ] GC(10) Concurrent Cleanup for Next Mark 0.322ms
[2024-08-24T03:45:21.356+0000][65][info ][gc          ] GC(10) Concurrent Mark Cycle 17.677ms
[2024-08-24T03:45:21.645+0000][65][info ][safepoint   ] Safepoint "ICBufferFull", Time since last: 289674334 ns, Reaching safepoint: 2583 ns, Cleanup: 118542 ns, At safepoint: 8583 ns, Total: 129708 ns
[2024-08-24T03:45:21.750+0000][65][info ][safepoint   ] Safepoint "ICBufferFull", Time since last: 105032250 ns, Reaching safepoint: 2875 ns, Cleanup: 145000 ns, At safepoint: 5083 ns, Total: 152958 ns
[2024-08-24T03:45:21.867+0000][65][info ][safepoint   ] Safepoint "ICBufferFull", Time since last: 117131709 ns, Reaching safepoint: 3041 ns, Cleanup: 130209 ns, At safepoint: 7791 ns, Total: 141041 ns
[2024-08-24T03:45:22.315+0000][65][info ][gc,start    ] GC(11) Pause Young (Normal) (G1 Evacuation Pause)
[2024-08-24T03:45:22.315+0000][65][info ][gc,task     ] GC(11) Using 8 workers of 8 for evacuation
[2024-08-24T03:45:22.315+0000][65][debug][gc,age      ] GC(11) Desired survivor size 20971520 bytes, new threshold 15 (max threshold 15)
[2024-08-24T03:45:22.325+0000][65][info ][gc,phases   ] GC(11)   Pre Evacuate Collection Set: 0.1ms
[2024-08-24T03:45:22.325+0000][65][info ][gc,phases   ] GC(11)   Merge Heap Roots: 0.0ms
[2024-08-24T03:45:22.325+0000][65][info ][gc,phases   ] GC(11)   Evacuate Collection Set: 8.6ms
[2024-08-24T03:45:22.325+0000][65][info ][gc,phases   ] GC(11)   Post Evacuate Collection Set: 1.1ms
[2024-08-24T03:45:22.325+0000][65][info ][gc,phases   ] GC(11)   Other: 0.1ms
[2024-08-24T03:45:22.325+0000][65][trace][gc,age      ] GC(11) Age table with threshold 15 (max threshold 15)
[2024-08-24T03:45:22.325+0000][65][trace][gc,age      ] GC(11) - age   1:   18357920 bytes,   18357920 total
[2024-08-24T03:45:22.325+0000][65][trace][gc,age      ] GC(11) - age   2:     680152 bytes,   19038072 total
[2024-08-24T03:45:22.325+0000][65][trace][gc,age      ] GC(11) - age   3:    3230208 bytes,   22268280 total
[2024-08-24T03:45:22.325+0000][65][trace][gc,age      ] GC(11) - age   4:    4593352 bytes,   26861632 total
[2024-08-24T03:45:22.325+0000][65][trace][gc,age      ] GC(11) - age   5:    4585176 bytes,   31446808 total
[2024-08-24T03:45:22.325+0000][65][trace][gc,age      ] GC(11) - age   6:    6719352 bytes,   38166160 total
[2024-08-24T03:45:22.325+0000][65][info ][gc,heap     ] GC(11) Eden regions: 70->0(66)
[2024-08-24T03:45:22.325+0000][65][info ][gc,heap     ] GC(11) Survivor regions: 6->10(10)
[2024-08-24T03:45:22.325+0000][65][info ][gc,heap     ] GC(11) Old regions: 3->3
[2024-08-24T03:45:22.325+0000][65][info ][gc,heap     ] GC(11) Archive regions: 2->2
[2024-08-24T03:45:22.325+0000][65][info ][gc,heap     ] GC(11) Humongous regions: 0->0
[2024-08-24T03:45:22.325+0000][65][info ][gc,metaspace] GC(11) Metaspace: 44129K(45504K)->44129K(45504K) NonClass: 38796K(39616K)->38796K(39616K) Class: 5333K(5888K)->5333K(5888K)
[2024-08-24T03:45:22.325+0000][65][info ][gc          ] GC(11) Pause Young (Normal) (G1 Evacuation Pause) 316M->55M(512M) 10.734ms
[2024-08-24T03:45:22.325+0000][65][info ][gc,cpu      ] GC(11) User=0.07s Sys=0.00s Real=0.01s
[2024-08-24T03:45:22.325+0000][65][info ][safepoint   ] Safepoint "G1CollectForAllocation", Time since last: 447286709 ns, Reaching safepoint: 2667 ns, Cleanup: 157583 ns, At safepoint: 10855208 ns, Total: 11015458 ns
[2024-08-24T03:45:22.451+0000][65][info ][safepoint   ] Safepoint "ICBufferFull", Time since last: 125117375 ns, Reaching safepoint: 2375 ns, Cleanup: 141834 ns, At safepoint: 5416 ns, Total: 149625 ns
[2024-08-24T03:45:22.586+0000][65][info ][safepoint   ] Safepoint "ICBufferFull", Time since last: 135216626 ns, Reaching safepoint: 2208 ns, Cleanup: 142833 ns, At safepoint: 1917 ns, Total: 146958 ns
[2024-08-24T03:45:22.667+0000][65][info ][safepoint   ] Safepoint "ICBufferFull", Time since last: 80464042 ns, Reaching safepoint: 5833 ns, Cleanup: 228375 ns, At safepoint: 9292 ns, Total: 243500 ns
[2024-08-24T03:45:22.891+0000][65][info ][gc,start    ] GC(12) Pause Young (Concurrent Start) (Metadata GC Threshold)
[2024-08-24T03:45:22.891+0000][65][info ][gc,task     ] GC(12) Using 8 workers of 8 for evacuation
[2024-08-24T03:45:22.891+0000][65][debug][gc,age      ] GC(12) Desired survivor size 20971520 bytes, new threshold 3 (max threshold 15)
[2024-08-24T03:45:22.900+0000][65][info ][gc,phases   ] GC(12)   Pre Evacuate Collection Set: 0.1ms
[2024-08-24T03:45:22.900+0000][65][info ][gc,phases   ] GC(12)   Merge Heap Roots: 0.1ms
[2024-08-24T03:45:22.900+0000][65][info ][gc,phases   ] GC(12)   Evacuate Collection Set: 8.1ms
[2024-08-24T03:45:22.900+0000][65][info ][gc,phases   ] GC(12)   Post Evacuate Collection Set: 0.9ms
[2024-08-24T03:45:22.900+0000][65][info ][gc,phases   ] GC(12)   Other: 0.1ms
[2024-08-24T03:45:22.900+0000][65][trace][gc,age      ] GC(12) Age table with threshold 3 (max threshold 15)
[2024-08-24T03:45:22.900+0000][65][trace][gc,age      ] GC(12) - age   1:    7328672 bytes,    7328672 total
[2024-08-24T03:45:22.900+0000][65][trace][gc,age      ] GC(12) - age   2:   17930328 bytes,   25259000 total
[2024-08-24T03:45:22.900+0000][65][trace][gc,age      ] GC(12) - age   3:     667848 bytes,   25926848 total
[2024-08-24T03:45:22.900+0000][65][info ][gc,heap     ] GC(12) Eden regions: 45->0(68)
[2024-08-24T03:45:22.900+0000][65][info ][gc,heap     ] GC(12) Survivor regions: 10->8(10)
[2024-08-24T03:45:22.900+0000][65][info ][gc,heap     ] GC(12) Old regions: 3->8
[2024-08-24T03:45:22.900+0000][65][info ][gc,heap     ] GC(12) Archive regions: 2->2
[2024-08-24T03:45:22.900+0000][65][info ][gc,heap     ] GC(12) Humongous regions: 0->0
[2024-08-24T03:45:22.900+0000][65][info ][gc,metaspace] GC(12) Metaspace: 59557K(60928K)->59557K(60928K) NonClass: 52046K(52864K)->52046K(52864K) Class: 7511K(8064K)->7511K(8064K)
[2024-08-24T03:45:22.900+0000][65][info ][gc          ] GC(12) Pause Young (Concurrent Start) (Metadata GC Threshold) 233M->62M(512M) 9.867ms
[2024-08-24T03:45:22.901+0000][65][info ][gc,cpu      ] GC(12) User=0.06s Sys=0.00s Real=0.01s
[2024-08-24T03:45:22.901+0000][65][info ][gc          ] GC(13) Concurrent Mark Cycle
[2024-08-24T03:45:22.901+0000][65][info ][gc,marking  ] GC(13) Concurrent Scan Root Regions
[2024-08-24T03:45:22.901+0000][65][info ][safepoint   ] Safepoint "CollectForMetadataAllocation", Time since last: 223782125 ns, Reaching safepoint: 2583 ns, Cleanup: 108333 ns, At safepoint: 10028834 ns, Total: 10139750 ns
[2024-08-24T03:45:22.910+0000][65][info ][gc,marking  ] GC(13) Concurrent Scan Root Regions 9.532ms
[2024-08-24T03:45:22.910+0000][65][info ][gc,marking  ] GC(13) Concurrent Mark
[2024-08-24T03:45:22.911+0000][65][info ][gc,marking  ] GC(13) Concurrent Mark From Roots
[2024-08-24T03:45:22.911+0000][65][info ][gc,task     ] GC(13) Using 2 workers of 2 for marking
[2024-08-24T03:45:22.916+0000][65][info ][gc,marking  ] GC(13) Concurrent Mark From Roots 5.025ms
[2024-08-24T03:45:22.916+0000][65][info ][gc,marking  ] GC(13) Concurrent Preclean
[2024-08-24T03:45:22.917+0000][65][info ][gc,marking  ] GC(13) Concurrent Preclean 1.208ms
[2024-08-24T03:45:22.918+0000][65][info ][gc,start    ] GC(13) Pause Remark
[2024-08-24T03:45:22.921+0000][65][info ][gc          ] GC(13) Pause Remark 66M->66M(512M) 3.075ms
[2024-08-24T03:45:22.922+0000][65][info ][gc,cpu      ] GC(13) User=0.02s Sys=0.00s Real=0.00s
[2024-08-24T03:45:22.922+0000][65][info ][safepoint   ] Safepoint "G1PauseRemark", Time since last: 17602083 ns, Reaching safepoint: 83500 ns, Cleanup: 29292 ns, At safepoint: 3244708 ns, Total: 3357500 ns
[2024-08-24T03:45:22.925+0000][65][info ][gc,marking  ] GC(13) Concurrent Mark 14.720ms
[2024-08-24T03:45:22.925+0000][65][info ][gc,marking  ] GC(13) Concurrent Rebuild Remembered Sets and Scrub Regions
[2024-08-24T03:45:22.934+0000][65][info ][gc,marking  ] GC(13) Concurrent Rebuild Remembered Sets and Scrub Regions 8.359ms
[2024-08-24T03:45:22.934+0000][65][info ][gc,start    ] GC(13) Pause Cleanup
[2024-08-24T03:45:22.934+0000][65][info ][gc          ] GC(13) Pause Cleanup 66M->66M(512M) 0.137ms
[2024-08-24T03:45:22.934+0000][65][info ][gc,cpu      ] GC(13) User=0.00s Sys=0.00s Real=0.00s
[2024-08-24T03:45:22.934+0000][65][info ][safepoint   ] Safepoint "G1PauseCleanup", Time since last: 12328333 ns, Reaching safepoint: 5625 ns, Cleanup: 60459 ns, At safepoint: 270208 ns, Total: 336292 ns
[2024-08-24T03:45:22.935+0000][65][info ][gc,marking  ] GC(13) Concurrent Clear Claimed Marks
[2024-08-24T03:45:22.935+0000][65][info ][gc,marking  ] GC(13) Concurrent Clear Claimed Marks 0.190ms
[2024-08-24T03:45:22.935+0000][65][info ][gc,marking  ] GC(13) Concurrent Cleanup for Next Mark
[2024-08-24T03:45:22.935+0000][65][info ][gc,marking  ] GC(13) Concurrent Cleanup for Next Mark 0.329ms
[2024-08-24T03:45:22.935+0000][65][info ][gc          ] GC(13) Concurrent Mark Cycle 34.957ms
[2024-08-24T03:45:23.153+0000][65][info ][safepoint   ] Safepoint "ICBufferFull", Time since last: 218461125 ns, Reaching safepoint: 5333 ns, Cleanup: 134459 ns, At safepoint: 5958 ns, Total: 145750 ns
[2024-08-24T03:45:23.414+0000][65][info ][gc,start    ] GC(14) Pause Young (Normal) (G1 Evacuation Pause)
[2024-08-24T03:45:23.414+0000][65][info ][gc,task     ] GC(14) Using 8 workers of 8 for evacuation
[2024-08-24T03:45:23.414+0000][65][debug][gc,age      ] GC(14) Desired survivor size 20971520 bytes, new threshold 2 (max threshold 15)
[2024-08-24T03:45:23.423+0000][65][info ][gc,phases   ] GC(14)   Pre Evacuate Collection Set: 0.1ms
[2024-08-24T03:45:23.423+0000][65][info ][gc,phases   ] GC(14)   Merge Heap Roots: 0.1ms
[2024-08-24T03:45:23.423+0000][65][info ][gc,phases   ] GC(14)   Evacuate Collection Set: 8.5ms
[2024-08-24T03:45:23.423+0000][65][info ][gc,phases   ] GC(14)   Post Evacuate Collection Set: 0.8ms
[2024-08-24T03:45:23.423+0000][65][info ][gc,phases   ] GC(14)   Other: 0.1ms
[2024-08-24T03:45:23.424+0000][65][trace][gc,age      ] GC(14) Age table with threshold 2 (max threshold 15)
[2024-08-24T03:45:23.424+0000][65][trace][gc,age      ] GC(14) - age   1:    2118880 bytes,    2118880 total
[2024-08-24T03:45:23.424+0000][65][trace][gc,age      ] GC(14) - age   2:    7089376 bytes,    9208256 total
[2024-08-24T03:45:23.424+0000][65][info ][gc,heap     ] GC(14) Eden regions: 68->0(73)
[2024-08-24T03:45:23.424+0000][65][info ][gc,heap     ] GC(14) Survivor regions: 8->3(10)
[2024-08-24T03:45:23.424+0000][65][info ][gc,heap     ] GC(14) Old regions: 8->13
[2024-08-24T03:45:23.424+0000][65][info ][gc,heap     ] GC(14) Archive regions: 2->2
[2024-08-24T03:45:23.424+0000][65][info ][gc,heap     ] GC(14) Humongous regions: 0->0
[2024-08-24T03:45:23.424+0000][65][info ][gc,metaspace] GC(14) Metaspace: 66295K(67776K)->66295K(67776K) NonClass: 57693K(58624K)->57693K(58624K) Class: 8601K(9152K)->8601K(9152K)
[2024-08-24T03:45:23.424+0000][65][info ][gc          ] GC(14) Pause Young (Normal) (G1 Evacuation Pause) 334M->64M(512M) 10.245ms
[2024-08-24T03:45:23.424+0000][65][info ][gc,cpu      ] GC(14) User=0.06s Sys=0.00s Real=0.01s
[2024-08-24T03:45:23.424+0000][65][info ][safepoint   ] Safepoint "G1CollectForAllocation", Time since last: 260610125 ns, Reaching safepoint: 2834 ns, Cleanup: 66250 ns, At safepoint: 10338458 ns, Total: 10407542 ns
[2024-08-24T03:45:23.641+0000][65][info ][safepoint   ] Safepoint "ICBufferFull", Time since last: 216781208 ns, Reaching safepoint: 2459 ns, Cleanup: 152375 ns, At safepoint: 2000 ns, Total: 156834 ns
[2024-08-24T03:45:24.152+0000][65][info ][safepoint   ] Safepoint "ICBufferFull", Time since last: 511008792 ns, Reaching safepoint: 2625 ns, Cleanup: 200333 ns, At safepoint: 5083 ns, Total: 208041 ns
[2024-08-24T03:45:24.226+0000][65][info ][safepoint   ] Safepoint "ICBufferFull", Time since last: 72990875 ns, Reaching safepoint: 359375 ns, Cleanup: 151459 ns, At safepoint: 5583 ns, Total: 516417 ns
[2024-08-24T03:45:24.383+0000][65][info ][safepoint   ] Safepoint "ICBufferFull", Time since last: 157172375 ns, Reaching safepoint: 2583 ns, Cleanup: 151000 ns, At safepoint: 15459 ns, Total: 169042 ns
[2024-08-24T03:45:24.500+0000][65][info ][gc,start    ] GC(15) Pause Young (Concurrent Start) (Metadata GC Threshold)
[2024-08-24T03:45:24.500+0000][65][info ][gc,task     ] GC(15) Using 8 workers of 8 for evacuation
[2024-08-24T03:45:24.500+0000][65][debug][gc,age      ] GC(15) Desired survivor size 20971520 bytes, new threshold 15 (max threshold 15)
[2024-08-24T03:45:24.511+0000][65][info ][gc,phases   ] GC(15)   Pre Evacuate Collection Set: 0.1ms
[2024-08-24T03:45:24.511+0000][65][info ][gc,phases   ] GC(15)   Merge Heap Roots: 0.1ms
[2024-08-24T03:45:24.511+0000][65][info ][gc,phases   ] GC(15)   Evacuate Collection Set: 8.9ms
[2024-08-24T03:45:24.511+0000][65][info ][gc,phases   ] GC(15)   Post Evacuate Collection Set: 1.4ms
[2024-08-24T03:45:24.511+0000][65][info ][gc,phases   ] GC(15)   Other: 0.2ms
[2024-08-24T03:45:24.511+0000][65][trace][gc,age      ] GC(15) Age table with threshold 15 (max threshold 15)
[2024-08-24T03:45:24.511+0000][65][trace][gc,age      ] GC(15) - age   1:   14306824 bytes,   14306824 total
[2024-08-24T03:45:24.511+0000][65][trace][gc,age      ] GC(15) - age   2:    1945784 bytes,   16252608 total
[2024-08-24T03:45:24.511+0000][65][trace][gc,age      ] GC(15) - age   3:    6990824 bytes,   23243432 total
[2024-08-24T03:45:24.511+0000][65][info ][gc,heap     ] GC(15) Eden regions: 49->0(69)
[2024-08-24T03:45:24.511+0000][65][info ][gc,heap     ] GC(15) Survivor regions: 3->7(10)
[2024-08-24T03:45:24.511+0000][65][info ][gc,heap     ] GC(15) Old regions: 13->13
[2024-08-24T03:45:24.511+0000][65][info ][gc,heap     ] GC(15) Archive regions: 2->2
[2024-08-24T03:45:24.511+0000][65][info ][gc,heap     ] GC(15) Humongous regions: 0->0
[2024-08-24T03:45:24.511+0000][65][info ][gc,metaspace] GC(15) Metaspace: 99425K(102080K)->99425K(102080K) NonClass: 86030K(87488K)->86030K(87488K) Class: 13395K(14592K)->13395K(14592K)
[2024-08-24T03:45:24.511+0000][65][info ][gc          ] GC(15) Pause Young (Concurrent Start) (Metadata GC Threshold) 260M->77M(512M) 11.519ms
[2024-08-24T03:45:24.511+0000][65][info ][gc,cpu      ] GC(15) User=0.06s Sys=0.00s Real=0.01s
[2024-08-24T03:45:24.511+0000][65][info ][gc          ] GC(16) Concurrent Mark Cycle
[2024-08-24T03:45:24.512+0000][65][info ][gc,marking  ] GC(16) Concurrent Scan Root Regions
[2024-08-24T03:45:24.512+0000][65][info ][safepoint   ] Safepoint "CollectForMetadataAllocation", Time since last: 116870916 ns, Reaching safepoint: 2459 ns, Cleanup: 90000 ns, At safepoint: 11717666 ns, Total: 11810125 ns
[2024-08-24T03:45:24.519+0000][65][info ][gc,marking  ] GC(16) Concurrent Scan Root Regions 7.149ms
[2024-08-24T03:45:24.520+0000][65][info ][gc,marking  ] GC(16) Concurrent Mark
[2024-08-24T03:45:24.524+0000][65][info ][gc,marking  ] GC(16) Concurrent Mark From Roots
[2024-08-24T03:45:24.524+0000][65][info ][gc,task     ] GC(16) Using 2 workers of 2 for marking
[2024-08-24T03:45:24.526+0000][65][info ][safepoint   ] Safepoint "CollectForMetadataAllocation", Time since last: 13794959 ns, Reaching safepoint: 60541 ns, Cleanup: 86459 ns, At safepoint: 124791 ns, Total: 271791 ns
[2024-08-24T03:45:24.546+0000][65][info ][safepoint   ] Safepoint "CollectForMetadataAllocation", Time since last: 19790375 ns, Reaching safepoint: 74334 ns, Cleanup: 135458 ns, At safepoint: 87750 ns, Total: 297542 ns
[2024-08-24T03:45:24.550+0000][65][info ][gc,marking  ] GC(16) Concurrent Mark From Roots 25.462ms
[2024-08-24T03:45:24.553+0000][65][info ][gc,marking  ] GC(16) Concurrent Preclean
[2024-08-24T03:45:24.554+0000][65][info ][gc,marking  ] GC(16) Concurrent Preclean 0.498ms
[2024-08-24T03:45:24.554+0000][65][info ][gc,start    ] GC(16) Pause Remark
[2024-08-24T03:45:24.558+0000][65][info ][gc          ] GC(16) Pause Remark 85M->85M(512M) 3.616ms
[2024-08-24T03:45:24.558+0000][65][info ][gc,cpu      ] GC(16) User=0.02s Sys=0.00s Real=0.00s
[2024-08-24T03:45:24.558+0000][65][info ][safepoint   ] Safepoint "G1PauseRemark", Time since last: 8335417 ns, Reaching safepoint: 281791 ns, Cleanup: 89625 ns, At safepoint: 3788042 ns, Total: 4159458 ns
[2024-08-24T03:45:24.561+0000][65][info ][gc,marking  ] GC(16) Concurrent Mark 40.379ms
[2024-08-24T03:45:24.561+0000][65][info ][gc,marking  ] GC(16) Concurrent Rebuild Remembered Sets and Scrub Regions
[2024-08-24T03:45:24.571+0000][65][info ][gc,marking  ] GC(16) Concurrent Rebuild Remembered Sets and Scrub Regions 10.126ms
[2024-08-24T03:45:24.576+0000][65][info ][gc,start    ] GC(16) Pause Cleanup
[2024-08-24T03:45:24.576+0000][65][info ][gc          ] GC(16) Pause Cleanup 89M->89M(512M) 0.144ms
[2024-08-24T03:45:24.576+0000][65][info ][gc,cpu      ] GC(16) User=0.00s Sys=0.00s Real=0.00s
[2024-08-24T03:45:24.576+0000][65][info ][safepoint   ] Safepoint "G1PauseCleanup", Time since last: 16486917 ns, Reaching safepoint: 745666 ns, Cleanup: 57459 ns, At safepoint: 267541 ns, Total: 1070666 ns
[2024-08-24T03:45:24.577+0000][65][info ][gc,marking  ] GC(16) Concurrent Clear Claimed Marks
[2024-08-24T03:45:24.577+0000][65][info ][gc,marking  ] GC(16) Concurrent Clear Claimed Marks 0.338ms
[2024-08-24T03:45:24.577+0000][65][info ][gc,marking  ] GC(16) Concurrent Cleanup for Next Mark
[2024-08-24T03:45:24.577+0000][65][info ][gc,marking  ] GC(16) Concurrent Cleanup for Next Mark 0.364ms
[2024-08-24T03:45:24.578+0000][65][info ][gc          ] GC(16) Concurrent Mark Cycle 66.109ms
[2024-08-24T03:45:24.773+0000][65][info ][safepoint   ] Safepoint "ICBufferFull", Time since last: 196682709 ns, Reaching safepoint: 2833 ns, Cleanup: 253125 ns, At safepoint: 2209 ns, Total: 258167 ns
[2024-08-24T03:45:24.957+0000][65][info ][safepoint   ] Safepoint "ICBufferFull", Time since last: 183561875 ns, Reaching safepoint: 15708 ns, Cleanup: 329583 ns, At safepoint: 10292 ns, Total: 355583 ns
[2024-08-24T03:45:25.088+0000][65][info ][safepoint   ] Safepoint "ICBufferFull", Time since last: 131433583 ns, Reaching safepoint: 4459 ns, Cleanup: 156708 ns, At safepoint: 9542 ns, Total: 170709 ns
[2024-08-24T03:45:26.090+0000][65][info ][safepoint   ] Safepoint "Cleanup", Time since last: 1001280042 ns, Reaching safepoint: 16292 ns, Cleanup: 312666 ns, At safepoint: 7709 ns, Total: 336667 ns
[2024-08-24T03:45:28.096+0000][65][info ][safepoint   ] Safepoint "Cleanup", Time since last: 2006279625 ns, Reaching safepoint: 56917 ns, Cleanup: 230250 ns, At safepoint: 8208 ns, Total: 295375 ns
[2024-08-24T03:45:36.120+0000][65][info ][safepoint   ] Safepoint "Cleanup", Time since last: 8023470921 ns, Reaching safepoint: 27333 ns, Cleanup: 110459 ns, At safepoint: 5958 ns, Total: 143750 ns
[2024-08-24T03:45:44.137+0000][65][info ][safepoint   ] Safepoint "Cleanup", Time since last: 8016747045 ns, Reaching safepoint: 29042 ns, Cleanup: 115833 ns, At safepoint: 6250 ns, Total: 151125 ns
[2024-08-24T03:45:55.159+0000][65][info ][safepoint   ] Safepoint "Cleanup", Time since last: 11022740422 ns, Reaching safepoint: 17458 ns, Cleanup: 112125 ns, At safepoint: 9958 ns, Total: 139541 ns
[2024-08-24T03:46:02.175+0000][65][info ][safepoint   ] Safepoint "Cleanup", Time since last: 7015407337 ns, Reaching safepoint: 164875 ns, Cleanup: 246375 ns, At safepoint: 8458 ns, Total: 419708 ns
[2024-08-24T03:46:03.177+0000][65][info ][safepoint   ] Safepoint "Cleanup", Time since last: 1001712251 ns, Reaching safepoint: 80667 ns, Cleanup: 126250 ns, At safepoint: 18166 ns, Total: 225083 ns
[2024-08-24T03:46:05.179+0000][65][info ][safepoint   ] Safepoint "Cleanup", Time since last: 2001871293 ns, Reaching safepoint: 32833 ns, Cleanup: 121375 ns, At safepoint: 5917 ns, Total: 160125 ns
[2024-08-24T03:46:07.183+0000][65][info ][safepoint   ] Safepoint "Cleanup", Time since last: 2004006584 ns, Reaching safepoint: 36250 ns, Cleanup: 104500 ns, At safepoint: 5292 ns, Total: 146042 ns
[2024-08-24T03:46:08.185+0000][65][info ][safepoint   ] Safepoint "Cleanup", Time since last: 1001769209 ns, Reaching safepoint: 31125 ns, Cleanup: 140083 ns, At safepoint: 6292 ns, Total: 177500 ns
[2024-08-24T03:46:11.190+0000][65][info ][safepoint   ] Safepoint "Cleanup", Time since last: 3004816293 ns, Reaching safepoint: 51250 ns, Cleanup: 219875 ns, At safepoint: 8333 ns, Total: 279458 ns
[2024-08-24T03:46:13.194+0000][65][info ][safepoint   ] Safepoint "Cleanup", Time since last: 2003288501 ns, Reaching safepoint: 37667 ns, Cleanup: 238541 ns, At safepoint: 12542 ns, Total: 288750 ns
[2024-08-24T03:46:16.200+0000][65][info ][safepoint   ] Safepoint "Cleanup", Time since last: 3005959168 ns, Reaching safepoint: 30250 ns, Cleanup: 116792 ns, At safepoint: 6000 ns, Total: 153042 ns
[2024-08-24T03:46:25.212+0000][65][info ][safepoint   ] Safepoint "Cleanup", Time since last: 9013117045 ns, Reaching safepoint: 28458 ns, Cleanup: 116959 ns, At safepoint: 5541 ns, Total: 150958 ns
[2024-08-24T03:46:32.226+0000][65][info ][safepoint   ] Safepoint "Cleanup", Time since last: 7013747004 ns, Reaching safepoint: 124166 ns, Cleanup: 114709 ns, At safepoint: 8166 ns, Total: 247041 ns
[2024-08-24T03:46:33.229+0000][65][info ][safepoint   ] Safepoint "Cleanup", Time since last: 1002383543 ns, Reaching safepoint: 26958 ns, Cleanup: 243833 ns, At safepoint: 9459 ns, Total: 280250 ns
[2024-08-24T03:46:37.234+0000][65][info ][safepoint   ] Safepoint "Cleanup", Time since last: 4004897085 ns, Reaching safepoint: 25375 ns, Cleanup: 119916 ns, At safepoint: 6125 ns, Total: 151416 ns
[2024-08-24T03:46:45.259+0000][65][info ][safepoint   ] Safepoint "Cleanup", Time since last: 8024630963 ns, Reaching safepoint: 127750 ns, Cleanup: 232375 ns, At safepoint: 9875 ns, Total: 370000 ns
[2024-08-24T03:46:55.273+0000][65][info ][safepoint   ] Safepoint "Cleanup", Time since last: 10014472045 ns, Reaching safepoint: 30625 ns, Cleanup: 155042 ns, At safepoint: 7042 ns, Total: 192709 ns
[2024-08-24T03:47:00.283+0000][65][info ][safepoint   ] Safepoint "Cleanup", Time since last: 5009510877 ns, Reaching safepoint: 114625 ns, Cleanup: 565292 ns, At safepoint: 14167 ns, Total: 694084 ns
[2024-08-24T03:47:04.294+0000][65][info ][safepoint   ] Safepoint "Cleanup", Time since last: 4011082418 ns, Reaching safepoint: 65667 ns, Cleanup: 125458 ns, At safepoint: 4958 ns, Total: 196083 ns
[2024-08-24T03:47:06.299+0000][65][info ][safepoint   ] Safepoint "Cleanup", Time since last: 2004286376 ns, Reaching safepoint: 35167 ns, Cleanup: 326083 ns, At safepoint: 12250 ns, Total: 373500 ns
[2024-08-24T03:47:19.333+0000][65][info ][safepoint   ] Safepoint "Cleanup", Time since last: 13034329089 ns, Reaching safepoint: 125209 ns, Cleanup: 148750 ns, At safepoint: 11666 ns, Total: 285625 ns
[2024-08-24T03:47:23.346+0000][65][info ][safepoint   ] Safepoint "Cleanup", Time since last: 4013273836 ns, Reaching safepoint: 31208 ns, Cleanup: 171542 ns, At safepoint: 7958 ns, Total: 210708 ns
[2024-08-24T03:47:25.350+0000][65][info ][safepoint   ] Safepoint "Cleanup", Time since last: 2003573126 ns, Reaching safepoint: 32708 ns, Cleanup: 266000 ns, At safepoint: 11708 ns, Total: 310416 ns
[2024-08-24T03:47:29.359+0000][65][info ][safepoint   ] Safepoint "Cleanup", Time since last: 4008384877 ns, Reaching safepoint: 26459 ns, Cleanup: 246333 ns, At safepoint: 9625 ns, Total: 282417 ns
[2024-08-24T03:47:30.361+0000][65][info ][safepoint   ] Safepoint "Cleanup", Time since last: 1001458167 ns, Reaching safepoint: 33834 ns, Cleanup: 162875 ns, At safepoint: 7500 ns, Total: 204209 ns
[2024-08-24T03:47:31.364+0000][65][info ][safepoint   ] Safepoint "Cleanup", Time since last: 1002762167 ns, Reaching safepoint: 34500 ns, Cleanup: 150875 ns, At safepoint: 10416 ns, Total: 195791 ns
[2024-08-24T03:47:50.395+0000][65][info ][safepoint   ] Safepoint "Cleanup", Time since last: 19031442842 ns, Reaching safepoint: 109416 ns, Cleanup: 290875 ns, At safepoint: 10167 ns, Total: 410458 ns
[2024-08-24T03:47:55.403+0000][65][info ][safepoint   ] Safepoint "Cleanup", Time since last: 5008264336 ns, Reaching safepoint: 30625 ns, Cleanup: 124500 ns, At safepoint: 7583 ns, Total: 162708 ns
[2024-08-24T03:48:25.448+0000][65][info ][safepoint   ] Safepoint "Cleanup", Time since last: 30045114806 ns, Reaching safepoint: 54083 ns, Cleanup: 96584 ns, At safepoint: 6000 ns, Total: 156667 ns
[2024-08-24T03:48:33.466+0000][65][info ][safepoint   ] Safepoint "Cleanup", Time since last: 8018364253 ns, Reaching safepoint: 52667 ns, Cleanup: 260250 ns, At safepoint: 8708 ns, Total: 321625 ns
[2024-08-24T03:48:35.472+0000][65][info ][safepoint   ] Safepoint "Cleanup", Time since last: 2005549585 ns, Reaching safepoint: 15833 ns, Cleanup: 190958 ns, At safepoint: 8459 ns, Total: 215250 ns
[2024-08-24T03:49:14.546+0000][65][info ][safepoint   ] Safepoint "Cleanup", Time since last: 39074739101 ns, Reaching safepoint: 84459 ns, Cleanup: 106333 ns, At safepoint: 4417 ns, Total: 195209 ns
[2024-08-24T03:49:25.570+0000][65][info ][safepoint   ] Safepoint "Cleanup", Time since last: 11024637712 ns, Reaching safepoint: 56709 ns, Cleanup: 169750 ns, At safepoint: 5750 ns, Total: 232209 ns
[2024-08-24T03:49:29.576+0000][65][info ][safepoint   ] Safepoint "Cleanup", Time since last: 4005887043 ns, Reaching safepoint: 12750 ns, Cleanup: 72250 ns, At safepoint: 3333 ns, Total: 88333 ns
[2024-08-24T03:49:55.639+0000][65][info ][safepoint   ] Safepoint "Cleanup", Time since last: 26062864721 ns, Reaching safepoint: 126083 ns, Cleanup: 119500 ns, At safepoint: 5584 ns, Total: 251167 ns
[2024-08-24T03:50:25.702+0000][65][info ][safepoint   ] Safepoint "Cleanup", Time since last: 30064646305 ns, Reaching safepoint: 27083 ns, Cleanup: 119417 ns, At safepoint: 6000 ns, Total: 152500 ns
[2024-08-24T03:50:31.715+0000][65][info ][safepoint   ] Safepoint "Cleanup", Time since last: 6011854253 ns, Reaching safepoint: 28750 ns, Cleanup: 207625 ns, At safepoint: 9125 ns, Total: 245500 ns
[2024-08-24T03:51:55.879+0000][65][info ][safepoint   ] Safepoint "Cleanup", Time since last: 84166205371 ns, Reaching safepoint: 95833 ns, Cleanup: 126583 ns, At safepoint: 5542 ns, Total: 227958 ns
[2024-08-24T03:51:56.883+0000][65][info ][safepoint   ] Safepoint "Cleanup", Time since last: 1003793251 ns, Reaching safepoint: 17250 ns, Cleanup: 314916 ns, At safepoint: 7417 ns, Total: 339583 ns
[2024-08-24T03:51:58.594+0000][65][info ][gc,heap,exit] Heap
[2024-08-24T03:51:58.595+0000][65][info ][gc,heap,exit]  garbage-first heap   total 524288K, used 202409K [0x00000000e0000000, 0x0000000100000000)
[2024-08-24T03:51:58.595+0000][65][info ][gc,heap,exit]   region size 4096K, 38 young (155648K), 7 survivors (28672K)
[2024-08-24T03:51:58.595+0000][65][info ][gc,heap,exit]  Metaspace       used 111070K, committed 114304K, reserved 1179648K
[2024-08-24T03:51:58.595+0000][65][info ][gc,heap,exit]   class space    used 15221K, committed 16704K, reserved 1048576K
