[2024-08-24T03:24:31.984+0000][48][info][gc,init] CardTable entry size: 512
[2024-08-24T03:24:31.984+0000][48][info][gc     ] Using G1
[2024-08-24T03:24:31.987+0000][48][info][gc,init] Version: 20.0.1+9-29 (release)
[2024-08-24T03:24:31.987+0000][48][info][gc,init] CPUs: 8 total, 8 available
[2024-08-24T03:24:31.987+0000][48][info][gc,init] Memory: 7839M
[2024-08-24T03:24:31.987+0000][48][info][gc,init] Large Page Support: Disabled
[2024-08-24T03:24:31.987+0000][48][info][gc,init] NUMA Support: Disabled
[2024-08-24T03:24:31.987+0000][48][info][gc,init] Compressed Oops: Enabled (32-bit)
[2024-08-24T03:24:31.987+0000][48][info][gc,init] Heap Region Size: 1M
[2024-08-24T03:24:31.987+0000][48][info][gc,init] Heap Min Capacity: 512M
[2024-08-24T03:24:31.987+0000][48][info][gc,init] Heap Initial Capacity: 512M
[2024-08-24T03:24:31.987+0000][48][info][gc,init] Heap Max Capacity: 512M
[2024-08-24T03:24:31.987+0000][48][info][gc,init] Pre-touch: Disabled
[2024-08-24T03:24:31.987+0000][48][info][gc,init] Parallel Workers: 8
[2024-08-24T03:24:31.987+0000][48][info][gc,init] Concurrent Workers: 2
[2024-08-24T03:24:31.987+0000][48][info][gc,init] Concurrent Refinement Workers: 8
[2024-08-24T03:24:31.987+0000][48][info][gc,init] Periodic GC: Disabled
[2024-08-24T03:24:31.987+0000][48][info][gc,metaspace] CDS archive(s) mapped at: [0x0000000800000000-0x0000000800c80000-0x0000000800c80000), size 13107200, SharedBaseAddress: 0x0000000800000000, ArchiveRelocationMode: 0.
[2024-08-24T03:24:31.987+0000][48][info][gc,metaspace] Compressed class space mapped at: 0x0000000801000000-0x0000000841000000, reserved size: 1073741824
[2024-08-24T03:24:31.987+0000][48][info][gc,metaspace] Narrow klass base: 0x0000000800000000, Narrow klass shift: 0, Narrow klass range: 0x100000000
[2024-08-24T03:24:32.004+0000][48][info][gc,heap,exit] Heap
[2024-08-24T03:24:32.005+0000][48][info][gc,heap,exit]  garbage-first heap   total 524288K, used 2114K [0x00000000e0000000, 0x0000000100000000)
[2024-08-24T03:24:32.005+0000][48][info][gc,heap,exit]   region size 1024K, 2 young (2048K), 0 survivors (0K)
[2024-08-24T03:24:32.005+0000][48][info][gc,heap,exit]  Metaspace       used 46K, committed 128K, reserved 1114112K
[2024-08-24T03:24:32.005+0000][48][info][gc,heap,exit]   class space    used 1K, committed 64K, reserved 1048576K
