[2024-08-24T06:58:06.857+0000][65][info][gc,init] CardTable entry size: 512
[2024-08-24T06:58:06.857+0000][65][info][gc     ] Using G1
[2024-08-24T06:58:06.901+0000][65][info][gc,init] Version: 20.0.1+9-29 (release)
[2024-08-24T06:58:06.901+0000][65][info][gc,init] CPUs: 8 total, 8 available
[2024-08-24T06:58:06.901+0000][65][info][gc,init] Memory: 7839M
[2024-08-24T06:58:06.901+0000][65][info][gc,init] Large Page Support: Disabled
[2024-08-24T06:58:06.902+0000][65][info][gc,init] NUMA Support: Disabled
[2024-08-24T06:58:06.902+0000][65][info][gc,init] Compressed Oops: Enabled (32-bit)
[2024-08-24T06:58:06.902+0000][65][info][gc,init] Heap Region Size: 4M
[2024-08-24T06:58:06.902+0000][65][info][gc,init] Heap Min Capacity: 512M
[2024-08-24T06:58:06.902+0000][65][info][gc,init] Heap Initial Capacity: 512M
[2024-08-24T06:58:06.902+0000][65][info][gc,init] Heap Max Capacity: 512M
[2024-08-24T06:58:06.902+0000][65][info][gc,init] Pre-touch: Enabled
[2024-08-24T06:58:06.902+0000][65][info][gc,init] Parallel Workers: 8
[2024-08-24T06:58:06.902+0000][65][info][gc,init] Concurrent Workers: 2
[2024-08-24T06:58:06.902+0000][65][info][gc,init] Concurrent Refinement Workers: 8
[2024-08-24T06:58:06.902+0000][65][info][gc,init] Periodic GC: Disabled
[2024-08-24T06:58:06.902+0000][65][info][gc,metaspace] CDS archive(s) mapped at: [0x0000000800000000-0x0000000800c80000-0x0000000800c80000), size 13107200, SharedBaseAddress: 0x0000000800000000, ArchiveRelocationMode: 0.
[2024-08-24T06:58:06.902+0000][65][info][gc,metaspace] Compressed class space mapped at: 0x0000000801000000-0x0000000841000000, reserved size: 1073741824
[2024-08-24T06:58:06.902+0000][65][info][gc,metaspace] Narrow klass base: 0x0000000800000000, Narrow klass shift: 0, Narrow klass range: 0x100000000
[2024-08-24T06:58:06.944+0000][65][info][safepoint   ] Safepoint "ICBufferFull", Time since last: 39250125 ns, Reaching safepoint: 1792 ns, Cleanup: 84958 ns, At safepoint: 4625 ns, Total: 91375 ns
[2024-08-24T06:58:06.998+0000][65][info][safepoint   ] Safepoint "ICBufferFull", Time since last: 54605959 ns, Reaching safepoint: 2000 ns, Cleanup: 96833 ns, At safepoint: 9792 ns, Total: 108625 ns
[2024-08-24T06:58:07.006+0000][65][info][gc,start    ] GC(0) Pause Young (Normal) (G1 Evacuation Pause)
[2024-08-24T06:58:07.006+0000][65][info][gc,task     ] GC(0) Using 8 workers of 8 for evacuation
[2024-08-24T06:58:07.006+0000][65][debug][gc,age      ] GC(0) Desired survivor size 2097152 bytes, new threshold 15 (max threshold 15)
[2024-08-24T06:58:07.007+0000][65][info ][gc,phases   ] GC(0)   Pre Evacuate Collection Set: 0.1ms
[2024-08-24T06:58:07.007+0000][65][info ][gc,phases   ] GC(0)   Merge Heap Roots: 0.0ms
[2024-08-24T06:58:07.007+0000][65][info ][gc,phases   ] GC(0)   Evacuate Collection Set: 0.6ms
[2024-08-24T06:58:07.007+0000][65][info ][gc,phases   ] GC(0)   Post Evacuate Collection Set: 0.3ms
[2024-08-24T06:58:07.008+0000][65][info ][gc,phases   ] GC(0)   Other: 0.2ms
[2024-08-24T06:58:07.008+0000][65][trace][gc,age      ] GC(0) Age table with threshold 15 (max threshold 15)
[2024-08-24T06:58:07.008+0000][65][trace][gc,age      ] GC(0) - age   1:    3066256 bytes,    3066256 total
[2024-08-24T06:58:07.008+0000][65][info ][gc,heap     ] GC(0) Eden regions: 6->0(20)
[2024-08-24T06:58:07.008+0000][65][info ][gc,heap     ] GC(0) Survivor regions: 0->1(1)
[2024-08-24T06:58:07.008+0000][65][info ][gc,heap     ] GC(0) Old regions: 0->0
[2024-08-24T06:58:07.008+0000][65][info ][gc,heap     ] GC(0) Archive regions: 2->2
[2024-08-24T06:58:07.008+0000][65][info ][gc,heap     ] GC(0) Humongous regions: 0->0
[2024-08-24T06:58:07.008+0000][65][info ][gc,metaspace] GC(0) Metaspace: 1302K(1472K)->1302K(1472K) NonClass: 1200K(1280K)->1200K(1280K) Class: 102K(192K)->102K(192K)
[2024-08-24T06:58:07.008+0000][65][info ][gc          ] GC(0) Pause Young (Normal) (G1 Evacuation Pause) 28M->7M(512M) 1.960ms
[2024-08-24T06:58:07.008+0000][65][info ][gc,cpu      ] GC(0) User=0.00s Sys=0.00s Real=0.00s
[2024-08-24T06:58:07.008+0000][65][info ][safepoint   ] Safepoint "G1CollectForAllocation", Time since last: 7631000 ns, Reaching safepoint: 3250 ns, Cleanup: 48000 ns, At safepoint: 2073167 ns, Total: 2124417 ns
[2024-08-24T06:58:07.091+0000][65][info ][safepoint   ] Safepoint "ICBufferFull", Time since last: 82620833 ns, Reaching safepoint: 2125 ns, Cleanup: 126000 ns, At safepoint: 10042 ns, Total: 138167 ns
[2024-08-24T06:58:07.185+0000][65][info ][safepoint   ] Safepoint "ICBufferFull", Time since last: 94016958 ns, Reaching safepoint: 2042 ns, Cleanup: 121625 ns, At safepoint: 1666 ns, Total: 125333 ns
[2024-08-24T06:58:07.244+0000][65][info ][safepoint   ] Safepoint "ICBufferFull", Time since last: 59205750 ns, Reaching safepoint: 2292 ns, Cleanup: 129000 ns, At safepoint: 4792 ns, Total: 136084 ns
[2024-08-24T06:58:07.334+0000][65][info ][safepoint   ] Safepoint "ICBufferFull", Time since last: 89469666 ns, Reaching safepoint: 382542 ns, Cleanup: 153625 ns, At safepoint: 16208 ns, Total: 552375 ns
[2024-08-24T06:58:07.389+0000][65][info ][safepoint   ] Safepoint "ICBufferFull", Time since last: 54498042 ns, Reaching safepoint: 2708 ns, Cleanup: 139875 ns, At safepoint: 2250 ns, Total: 144833 ns
[2024-08-24T06:58:07.469+0000][65][info ][safepoint   ] Safepoint "ICBufferFull", Time since last: 79325375 ns, Reaching safepoint: 5875 ns, Cleanup: 178667 ns, At safepoint: 23583 ns, Total: 208125 ns
[2024-08-24T06:58:07.602+0000][65][info ][safepoint   ] Safepoint "ICBufferFull", Time since last: 133264834 ns, Reaching safepoint: 5541 ns, Cleanup: 192500 ns, At safepoint: 11167 ns, Total: 209208 ns
[2024-08-24T06:58:07.636+0000][65][info ][gc,start    ] GC(1) Pause Young (Normal) (G1 Evacuation Pause)
[2024-08-24T06:58:07.636+0000][65][info ][gc,task     ] GC(1) Using 8 workers of 8 for evacuation
[2024-08-24T06:58:07.636+0000][65][debug][gc,age      ] GC(1) Desired survivor size 6291456 bytes, new threshold 15 (max threshold 15)
[2024-08-24T06:58:07.640+0000][65][info ][gc,phases   ] GC(1)   Pre Evacuate Collection Set: 0.1ms
[2024-08-24T06:58:07.640+0000][65][info ][gc,phases   ] GC(1)   Merge Heap Roots: 0.1ms
[2024-08-24T06:58:07.640+0000][65][info ][gc,phases   ] GC(1)   Evacuate Collection Set: 2.6ms
[2024-08-24T06:58:07.640+0000][65][info ][gc,phases   ] GC(1)   Post Evacuate Collection Set: 0.8ms
[2024-08-24T06:58:07.640+0000][65][info ][gc,phases   ] GC(1)   Other: 0.2ms
[2024-08-24T06:58:07.640+0000][65][trace][gc,age      ] GC(1) Age table with threshold 15 (max threshold 15)
[2024-08-24T06:58:07.640+0000][65][trace][gc,age      ] GC(1) - age   1:    5568984 bytes,    5568984 total
[2024-08-24T06:58:07.640+0000][65][trace][gc,age      ] GC(1) - age   2:    3040824 bytes,    8609808 total
[2024-08-24T06:58:07.641+0000][65][info ][gc,heap     ] GC(1) Eden regions: 20->0(37)
[2024-08-24T06:58:07.641+0000][65][info ][gc,heap     ] GC(1) Survivor regions: 1->3(3)
[2024-08-24T06:58:07.641+0000][65][info ][gc,heap     ] GC(1) Old regions: 0->0
[2024-08-24T06:58:07.641+0000][65][info ][gc,heap     ] GC(1) Archive regions: 2->2
[2024-08-24T06:58:07.641+0000][65][info ][gc,heap     ] GC(1) Humongous regions: 0->0
[2024-08-24T06:58:07.641+0000][65][info ][gc,metaspace] GC(1) Metaspace: 15464K(16000K)->15464K(16000K) NonClass: 13678K(13952K)->13678K(13952K) Class: 1785K(2048K)->1785K(2048K)
[2024-08-24T06:58:07.641+0000][65][info ][gc          ] GC(1) Pause Young (Normal) (G1 Evacuation Pause) 87M->12M(512M) 4.624ms
[2024-08-24T06:58:07.641+0000][65][info ][gc,cpu      ] GC(1) User=0.01s Sys=0.00s Real=0.01s
[2024-08-24T06:58:07.641+0000][65][info ][safepoint   ] Safepoint "G1CollectForAllocation", Time since last: 34051625 ns, Reaching safepoint: 5542 ns, Cleanup: 98791 ns, At safepoint: 4742875 ns, Total: 4847208 ns
[2024-08-24T06:58:07.732+0000][65][info ][safepoint   ] Safepoint "ICBufferFull", Time since last: 90794251 ns, Reaching safepoint: 2666 ns, Cleanup: 142209 ns, At safepoint: 2125 ns, Total: 147000 ns
[2024-08-24T06:58:07.797+0000][65][info ][safepoint   ] Safepoint "ICBufferFull", Time since last: 64671000 ns, Reaching safepoint: 2708 ns, Cleanup: 172167 ns, At safepoint: 2458 ns, Total: 177333 ns
[2024-08-24T06:58:07.905+0000][65][info ][safepoint   ] Safepoint "ICBufferFull", Time since last: 108624458 ns, Reaching safepoint: 4084 ns, Cleanup: 137083 ns, At safepoint: 8333 ns, Total: 149500 ns
[2024-08-24T06:58:07.946+0000][65][info ][gc,start    ] GC(2) Pause Young (Normal) (G1 Evacuation Pause)
[2024-08-24T06:58:07.946+0000][65][info ][gc,task     ] GC(2) Using 8 workers of 8 for evacuation
[2024-08-24T06:58:07.947+0000][65][debug][gc,age      ] GC(2) Desired survivor size 10485760 bytes, new threshold 15 (max threshold 15)
[2024-08-24T06:58:07.953+0000][65][info ][gc,phases   ] GC(2)   Pre Evacuate Collection Set: 0.1ms
[2024-08-24T06:58:07.954+0000][65][info ][gc,phases   ] GC(2)   Merge Heap Roots: 0.1ms
[2024-08-24T06:58:07.954+0000][65][info ][gc,phases   ] GC(2)   Evacuate Collection Set: 5.8ms
[2024-08-24T06:58:07.954+0000][65][info ][gc,phases   ] GC(2)   Post Evacuate Collection Set: 0.8ms
[2024-08-24T06:58:07.954+0000][65][info ][gc,phases   ] GC(2)   Other: 0.2ms
[2024-08-24T06:58:07.954+0000][65][trace][gc,age      ] GC(2) Age table with threshold 15 (max threshold 15)
[2024-08-24T06:58:07.954+0000][65][trace][gc,age      ] GC(2) - age   1:    4451232 bytes,    4451232 total
[2024-08-24T06:58:07.954+0000][65][trace][gc,age      ] GC(2) - age   2:    4604888 bytes,    9056120 total
[2024-08-24T06:58:07.954+0000][65][trace][gc,age      ] GC(2) - age   3:    3040200 bytes,   12096320 total
[2024-08-24T06:58:07.954+0000][65][info ][gc,heap     ] GC(2) Eden regions: 37->0(72)
[2024-08-24T06:58:07.954+0000][65][info ][gc,heap     ] GC(2) Survivor regions: 3->4(5)
[2024-08-24T06:58:07.954+0000][65][info ][gc,heap     ] GC(2) Old regions: 0->0
[2024-08-24T06:58:07.954+0000][65][info ][gc,heap     ] GC(2) Archive regions: 2->2
[2024-08-24T06:58:07.954+0000][65][info ][gc,heap     ] GC(2) Humongous regions: 0->0
[2024-08-24T06:58:07.954+0000][65][info ][gc,metaspace] GC(2) Metaspace: 17920K(18432K)->17920K(18432K) NonClass: 15880K(16192K)->15880K(16192K) Class: 2040K(2240K)->2040K(2240K)
[2024-08-24T06:58:07.954+0000][65][info ][gc          ] GC(2) Pause Young (Normal) (G1 Evacuation Pause) 160M->16M(512M) 7.912ms
[2024-08-24T06:58:07.954+0000][65][info ][gc,cpu      ] GC(2) User=0.03s Sys=0.00s Real=0.01s
[2024-08-24T06:58:07.954+0000][65][info ][safepoint   ] Safepoint "G1CollectForAllocation", Time since last: 40730042 ns, Reaching safepoint: 3542 ns, Cleanup: 116083 ns, At safepoint: 8033042 ns, Total: 8152667 ns
[2024-08-24T06:58:08.027+0000][65][info ][gc,start    ] GC(3) Pause Young (Concurrent Start) (Metadata GC Threshold)
[2024-08-24T06:58:08.027+0000][65][info ][gc,task     ] GC(3) Using 8 workers of 8 for evacuation
[2024-08-24T06:58:08.027+0000][65][debug][gc,age      ] GC(3) Desired survivor size 20971520 bytes, new threshold 15 (max threshold 15)
[2024-08-24T06:58:08.030+0000][65][info ][gc,phases   ] GC(3)   Pre Evacuate Collection Set: 0.1ms
[2024-08-24T06:58:08.030+0000][65][info ][gc,phases   ] GC(3)   Merge Heap Roots: 0.0ms
[2024-08-24T06:58:08.030+0000][65][info ][gc,phases   ] GC(3)   Evacuate Collection Set: 2.5ms
[2024-08-24T06:58:08.030+0000][65][info ][gc,phases   ] GC(3)   Post Evacuate Collection Set: 0.6ms
[2024-08-24T06:58:08.030+0000][65][info ][gc,phases   ] GC(3)   Other: 0.2ms
[2024-08-24T06:58:08.030+0000][65][trace][gc,age      ] GC(3) Age table with threshold 15 (max threshold 15)
[2024-08-24T06:58:08.030+0000][65][trace][gc,age      ] GC(3) - age   1:    1062664 bytes,    1062664 total
[2024-08-24T06:58:08.031+0000][65][trace][gc,age      ] GC(3) - age   2:    2356168 bytes,    3418832 total
[2024-08-24T06:58:08.031+0000][65][trace][gc,age      ] GC(3) - age   3:    4603736 bytes,    8022568 total
[2024-08-24T06:58:08.031+0000][65][trace][gc,age      ] GC(3) - age   4:    3040200 bytes,   11062768 total
[2024-08-24T06:58:08.031+0000][65][info ][gc,heap     ] GC(3) Eden regions: 5->0(73)
[2024-08-24T06:58:08.031+0000][65][info ][gc,heap     ] GC(3) Survivor regions: 4->3(10)
[2024-08-24T06:58:08.031+0000][65][info ][gc,heap     ] GC(3) Old regions: 0->0
[2024-08-24T06:58:08.031+0000][65][info ][gc,heap     ] GC(3) Archive regions: 2->2
[2024-08-24T06:58:08.031+0000][65][info ][gc,heap     ] GC(3) Humongous regions: 0->0
[2024-08-24T06:58:08.031+0000][65][info ][gc,metaspace] GC(3) Metaspace: 20998K(21504K)->20998K(21504K) NonClass: 18651K(18944K)->18651K(18944K) Class: 2347K(2560K)->2347K(2560K)
[2024-08-24T06:58:08.031+0000][65][info ][gc          ] GC(3) Pause Young (Concurrent Start) (Metadata GC Threshold) 34M->15M(512M) 4.246ms
[2024-08-24T06:58:08.031+0000][65][info ][gc,cpu      ] GC(3) User=0.02s Sys=0.00s Real=0.01s
[2024-08-24T06:58:08.031+0000][65][info ][gc          ] GC(4) Concurrent Mark Cycle
[2024-08-24T06:58:08.031+0000][65][info ][gc,marking  ] GC(4) Concurrent Scan Root Regions
[2024-08-24T06:58:08.031+0000][65][info ][safepoint   ] Safepoint "CollectForMetadataAllocation", Time since last: 72184166 ns, Reaching safepoint: 2709 ns, Cleanup: 96375 ns, At safepoint: 4405208 ns, Total: 4504292 ns
[2024-08-24T06:58:08.033+0000][65][info ][gc,marking  ] GC(4) Concurrent Scan Root Regions 1.937ms
[2024-08-24T06:58:08.033+0000][65][info ][gc,marking  ] GC(4) Concurrent Mark
[2024-08-24T06:58:08.034+0000][65][info ][gc,marking  ] GC(4) Concurrent Mark From Roots
[2024-08-24T06:58:08.034+0000][65][info ][gc,task     ] GC(4) Using 2 workers of 2 for marking
[2024-08-24T06:58:08.035+0000][65][info ][gc,marking  ] GC(4) Concurrent Mark From Roots 1.435ms
[2024-08-24T06:58:08.035+0000][65][info ][gc,marking  ] GC(4) Concurrent Preclean
[2024-08-24T06:58:08.035+0000][65][info ][gc,marking  ] GC(4) Concurrent Preclean 0.175ms
[2024-08-24T06:58:08.036+0000][65][info ][gc,start    ] GC(4) Pause Remark
[2024-08-24T06:58:08.037+0000][65][info ][gc          ] GC(4) Pause Remark 18M->18M(512M) 1.625ms
[2024-08-24T06:58:08.037+0000][65][info ][gc,cpu      ] GC(4) User=0.01s Sys=0.00s Real=0.00s
[2024-08-24T06:58:08.037+0000][65][info ][safepoint   ] Safepoint "G1PauseRemark", Time since last: 4564667 ns, Reaching safepoint: 4833 ns, Cleanup: 58583 ns, At safepoint: 1778042 ns, Total: 1841458 ns
[2024-08-24T06:58:08.040+0000][65][info ][gc,marking  ] GC(4) Concurrent Mark 6.336ms
[2024-08-24T06:58:08.040+0000][65][info ][gc,marking  ] GC(4) Concurrent Rebuild Remembered Sets and Scrub Regions
[2024-08-24T06:58:08.043+0000][65][info ][gc,marking  ] GC(4) Concurrent Rebuild Remembered Sets and Scrub Regions 3.536ms
[2024-08-24T06:58:08.043+0000][65][info ][gc,start    ] GC(4) Pause Cleanup
[2024-08-24T06:58:08.043+0000][65][info ][gc          ] GC(4) Pause Cleanup 18M->18M(512M) 0.078ms
[2024-08-24T06:58:08.044+0000][65][info ][gc,cpu      ] GC(4) User=0.00s Sys=0.00s Real=0.00s
[2024-08-24T06:58:08.044+0000][65][info ][safepoint   ] Safepoint "G1PauseCleanup", Time since last: 5913583 ns, Reaching safepoint: 2542 ns, Cleanup: 29917 ns, At safepoint: 249000 ns, Total: 281459 ns
[2024-08-24T06:58:08.045+0000][65][info ][gc,marking  ] GC(4) Concurrent Clear Claimed Marks
[2024-08-24T06:58:08.048+0000][65][info ][gc,marking  ] GC(4) Concurrent Clear Claimed Marks 3.422ms
[2024-08-24T06:58:08.048+0000][65][info ][gc,marking  ] GC(4) Concurrent Cleanup for Next Mark
[2024-08-24T06:58:08.049+0000][65][info ][gc,marking  ] GC(4) Concurrent Cleanup for Next Mark 0.342ms
[2024-08-24T06:58:08.049+0000][65][info ][gc          ] GC(4) Concurrent Mark Cycle 17.896ms
[2024-08-24T06:58:08.128+0000][65][info ][safepoint   ] Safepoint "ICBufferFull", Time since last: 84511083 ns, Reaching safepoint: 2292 ns, Cleanup: 143333 ns, At safepoint: 2125 ns, Total: 147750 ns
[2024-08-24T06:58:08.247+0000][65][info ][safepoint   ] Safepoint "ICBufferFull", Time since last: 118304708 ns, Reaching safepoint: 3292 ns, Cleanup: 162417 ns, At safepoint: 5250 ns, Total: 170959 ns
[2024-08-24T06:58:08.330+0000][65][info ][safepoint   ] Safepoint "ICBufferFull", Time since last: 83297291 ns, Reaching safepoint: 3542 ns, Cleanup: 147292 ns, At safepoint: 14333 ns, Total: 165167 ns
[2024-08-24T06:58:08.421+0000][65][info ][gc,start    ] GC(5) Pause Young (Normal) (G1 Evacuation Pause)
[2024-08-24T06:58:08.421+0000][65][info ][gc,task     ] GC(5) Using 8 workers of 8 for evacuation
[2024-08-24T06:58:08.421+0000][65][debug][gc,age      ] GC(5) Desired survivor size 20971520 bytes, new threshold 15 (max threshold 15)
[2024-08-24T06:58:08.427+0000][65][info ][gc,phases   ] GC(5)   Pre Evacuate Collection Set: 0.1ms
[2024-08-24T06:58:08.427+0000][65][info ][gc,phases   ] GC(5)   Merge Heap Roots: 0.1ms
[2024-08-24T06:58:08.427+0000][65][info ][gc,phases   ] GC(5)   Evacuate Collection Set: 4.3ms
[2024-08-24T06:58:08.427+0000][65][info ][gc,phases   ] GC(5)   Post Evacuate Collection Set: 0.9ms
[2024-08-24T06:58:08.427+0000][65][info ][gc,phases   ] GC(5)   Other: 0.2ms
[2024-08-24T06:58:08.427+0000][65][trace][gc,age      ] GC(5) Age table with threshold 15 (max threshold 15)
[2024-08-24T06:58:08.427+0000][65][trace][gc,age      ] GC(5) - age   1:    7568224 bytes,    7568224 total
[2024-08-24T06:58:08.427+0000][65][trace][gc,age      ] GC(5) - age   2:     962048 bytes,    8530272 total
[2024-08-24T06:58:08.427+0000][65][trace][gc,age      ] GC(5) - age   3:    2352032 bytes,   10882304 total
[2024-08-24T06:58:08.427+0000][65][trace][gc,age      ] GC(5) - age   4:    4599640 bytes,   15481944 total
[2024-08-24T06:58:08.427+0000][65][trace][gc,age      ] GC(5) - age   5:    3039864 bytes,   18521808 total
[2024-08-24T06:58:08.427+0000][65][info ][gc,heap     ] GC(5) Eden regions: 73->0(71)
[2024-08-24T06:58:08.427+0000][65][info ][gc,heap     ] GC(5) Survivor regions: 3->5(10)
[2024-08-24T06:58:08.427+0000][65][info ][gc,heap     ] GC(5) Old regions: 0->0
[2024-08-24T06:58:08.428+0000][65][info ][gc,heap     ] GC(5) Archive regions: 2->2
[2024-08-24T06:58:08.428+0000][65][info ][gc,heap     ] GC(5) Humongous regions: 0->0
[2024-08-24T06:58:08.428+0000][65][info ][gc,metaspace] GC(5) Metaspace: 25629K(26304K)->25629K(26304K) NonClass: 22647K(23040K)->22647K(23040K) Class: 2981K(3264K)->2981K(3264K)
[2024-08-24T06:58:08.428+0000][65][info ][gc          ] GC(5) Pause Young (Normal) (G1 Evacuation Pause) 307M->23M(512M) 6.652ms
[2024-08-24T06:58:08.428+0000][65][info ][gc,cpu      ] GC(5) User=0.03s Sys=0.00s Real=0.00s
[2024-08-24T06:58:08.428+0000][65][info ][safepoint   ] Safepoint "G1CollectForAllocation", Time since last: 90658459 ns, Reaching safepoint: 2583 ns, Cleanup: 136000 ns, At safepoint: 6767500 ns, Total: 6906083 ns
[2024-08-24T06:58:08.557+0000][65][info ][safepoint   ] Safepoint "ICBufferFull", Time since last: 129343500 ns, Reaching safepoint: 2958 ns, Cleanup: 139792 ns, At safepoint: 2375 ns, Total: 145125 ns
[2024-08-24T06:58:08.647+0000][65][info ][safepoint   ] Safepoint "ICBufferFull", Time since last: 90071583 ns, Reaching safepoint: 2959 ns, Cleanup: 128291 ns, At safepoint: 10625 ns, Total: 141875 ns
[2024-08-24T06:58:08.755+0000][65][info ][gc,start    ] GC(6) Pause Young (Normal) (G1 Evacuation Pause)
[2024-08-24T06:58:08.755+0000][65][info ][gc,task     ] GC(6) Using 8 workers of 8 for evacuation
[2024-08-24T06:58:08.755+0000][65][debug][gc,age      ] GC(6) Desired survivor size 20971520 bytes, new threshold 15 (max threshold 15)
[2024-08-24T06:58:08.762+0000][65][info ][gc,phases   ] GC(6)   Pre Evacuate Collection Set: 0.1ms
[2024-08-24T06:58:08.762+0000][65][info ][gc,phases   ] GC(6)   Merge Heap Roots: 0.0ms
[2024-08-24T06:58:08.762+0000][65][info ][gc,phases   ] GC(6)   Evacuate Collection Set: 6.0ms
[2024-08-24T06:58:08.762+0000][65][info ][gc,phases   ] GC(6)   Post Evacuate Collection Set: 0.9ms
[2024-08-24T06:58:08.762+0000][65][info ][gc,phases   ] GC(6)   Other: 0.1ms
[2024-08-24T06:58:08.762+0000][65][trace][gc,age      ] GC(6) Age table with threshold 15 (max threshold 15)
[2024-08-24T06:58:08.762+0000][65][trace][gc,age      ] GC(6) - age   1:    6204744 bytes,    6204744 total
[2024-08-24T06:58:08.762+0000][65][trace][gc,age      ] GC(6) - age   2:    7222408 bytes,   13427152 total
[2024-08-24T06:58:08.762+0000][65][trace][gc,age      ] GC(6) - age   3:     961872 bytes,   14389024 total
[2024-08-24T06:58:08.763+0000][65][trace][gc,age      ] GC(6) - age   4:    2348376 bytes,   16737400 total
[2024-08-24T06:58:08.763+0000][65][trace][gc,age      ] GC(6) - age   5:    4599384 bytes,   21336784 total
[2024-08-24T06:58:08.763+0000][65][trace][gc,age      ] GC(6) - age   6:    3039800 bytes,   24376584 total
[2024-08-24T06:58:08.763+0000][65][info ][gc,heap     ] GC(6) Eden regions: 71->0(69)
[2024-08-24T06:58:08.763+0000][65][info ][gc,heap     ] GC(6) Survivor regions: 5->7(10)
[2024-08-24T06:58:08.763+0000][65][info ][gc,heap     ] GC(6) Old regions: 0->0
[2024-08-24T06:58:08.763+0000][65][info ][gc,heap     ] GC(6) Archive regions: 2->2
[2024-08-24T06:58:08.763+0000][65][info ][gc,heap     ] GC(6) Humongous regions: 0->0
[2024-08-24T06:58:08.763+0000][65][info ][gc,metaspace] GC(6) Metaspace: 31606K(32320K)->31606K(32320K) NonClass: 27957K(28352K)->27957K(28352K) Class: 3648K(3968K)->3648K(3968K)
[2024-08-24T06:58:08.763+0000][65][info ][gc          ] GC(6) Pause Young (Normal) (G1 Evacuation Pause) 307M->28M(512M) 8.106ms
[2024-08-24T06:58:08.763+0000][65][info ][gc,cpu      ] GC(6) User=0.05s Sys=0.00s Real=0.01s
[2024-08-24T06:58:08.763+0000][65][info ][safepoint   ] Safepoint "G1CollectForAllocation", Time since last: 107247750 ns, Reaching safepoint: 3042 ns, Cleanup: 84500 ns, At safepoint: 8190458 ns, Total: 8278000 ns
[2024-08-24T06:58:09.012+0000][65][info ][gc,start    ] GC(7) Pause Young (Normal) (G1 Evacuation Pause)
[2024-08-24T06:58:09.012+0000][65][info ][gc,task     ] GC(7) Using 8 workers of 8 for evacuation
[2024-08-24T06:58:09.012+0000][65][debug][gc,age      ] GC(7) Desired survivor size 20971520 bytes, new threshold 5 (max threshold 15)
[2024-08-24T06:58:09.019+0000][65][info ][gc,phases   ] GC(7)   Pre Evacuate Collection Set: 0.1ms
[2024-08-24T06:58:09.019+0000][65][info ][gc,phases   ] GC(7)   Merge Heap Roots: 0.1ms
[2024-08-24T06:58:09.019+0000][65][info ][gc,phases   ] GC(7)   Evacuate Collection Set: 6.5ms
[2024-08-24T06:58:09.019+0000][65][info ][gc,phases   ] GC(7)   Post Evacuate Collection Set: 0.8ms
[2024-08-24T06:58:09.019+0000][65][info ][gc,phases   ] GC(7)   Other: 0.1ms
[2024-08-24T06:58:09.020+0000][65][trace][gc,age      ] GC(7) Age table with threshold 5 (max threshold 15)
[2024-08-24T06:58:09.020+0000][65][trace][gc,age      ] GC(7) - age   1:    5235632 bytes,    5235632 total
[2024-08-24T06:58:09.020+0000][65][trace][gc,age      ] GC(7) - age   2:    4051592 bytes,    9287224 total
[2024-08-24T06:58:09.020+0000][65][trace][gc,age      ] GC(7) - age   3:    7217504 bytes,   16504728 total
[2024-08-24T06:58:09.020+0000][65][trace][gc,age      ] GC(7) - age   4:     961872 bytes,   17466600 total
[2024-08-24T06:58:09.020+0000][65][trace][gc,age      ] GC(7) - age   5:    2347496 bytes,   19814096 total
[2024-08-24T06:58:09.020+0000][65][info ][gc,heap     ] GC(7) Eden regions: 69->0(70)
[2024-08-24T06:58:09.020+0000][65][info ][gc,heap     ] GC(7) Survivor regions: 7->6(10)
[2024-08-24T06:58:09.020+0000][65][info ][gc,heap     ] GC(7) Old regions: 0->2
[2024-08-24T06:58:09.020+0000][65][info ][gc,heap     ] GC(7) Archive regions: 2->2
[2024-08-24T06:58:09.020+0000][65][info ][gc,heap     ] GC(7) Humongous regions: 0->0
[2024-08-24T06:58:09.020+0000][65][info ][gc,metaspace] GC(7) Metaspace: 33190K(33984K)->33190K(33984K) NonClass: 29332K(29824K)->29332K(29824K) Class: 3858K(4160K)->3858K(4160K)
[2024-08-24T06:58:09.020+0000][65][info ][gc          ] GC(7) Pause Young (Normal) (G1 Evacuation Pause) 304M->33M(512M) 8.362ms
[2024-08-24T06:58:09.020+0000][65][info ][gc,cpu      ] GC(7) User=0.06s Sys=0.00s Real=0.01s
[2024-08-24T06:58:09.020+0000][65][info ][safepoint   ] Safepoint "G1CollectForAllocation", Time since last: 248311875 ns, Reaching safepoint: 3667 ns, Cleanup: 163000 ns, At safepoint: 8447417 ns, Total: 8614084 ns
[2024-08-24T06:58:09.220+0000][65][info ][gc,start    ] GC(8) Pause Young (Normal) (G1 Evacuation Pause)
[2024-08-24T06:58:09.220+0000][65][info ][gc,task     ] GC(8) Using 8 workers of 8 for evacuation
[2024-08-24T06:58:09.220+0000][65][debug][gc,age      ] GC(8) Desired survivor size 20971520 bytes, new threshold 15 (max threshold 15)
[2024-08-24T06:58:09.224+0000][65][info ][gc,phases   ] GC(8)   Pre Evacuate Collection Set: 0.1ms
[2024-08-24T06:58:09.224+0000][65][info ][gc,phases   ] GC(8)   Merge Heap Roots: 0.0ms
[2024-08-24T06:58:09.224+0000][65][info ][gc,phases   ] GC(8)   Evacuate Collection Set: 3.1ms
[2024-08-24T06:58:09.224+0000][65][info ][gc,phases   ] GC(8)   Post Evacuate Collection Set: 0.6ms
[2024-08-24T06:58:09.224+0000][65][info ][gc,phases   ] GC(8)   Other: 0.2ms
[2024-08-24T06:58:09.224+0000][65][trace][gc,age      ] GC(8) Age table with threshold 15 (max threshold 15)
[2024-08-24T06:58:09.224+0000][65][trace][gc,age      ] GC(8) - age   1:    3640536 bytes,    3640536 total
[2024-08-24T06:58:09.224+0000][65][trace][gc,age      ] GC(8) - age   2:    4628872 bytes,    8269408 total
[2024-08-24T06:58:09.224+0000][65][trace][gc,age      ] GC(8) - age   3:    4049056 bytes,   12318464 total
[2024-08-24T06:58:09.224+0000][65][trace][gc,age      ] GC(8) - age   4:    7214496 bytes,   19532960 total
[2024-08-24T06:58:09.225+0000][65][trace][gc,age      ] GC(8) - age   5:     960784 bytes,   20493744 total
[2024-08-24T06:58:09.225+0000][65][trace][gc,age      ] GC(8) - age   6:    2328056 bytes,   22821800 total
[2024-08-24T06:58:09.225+0000][65][info ][gc,heap     ] GC(8) Eden regions: 70->0(70)
[2024-08-24T06:58:09.225+0000][65][info ][gc,heap     ] GC(8) Survivor regions: 6->6(10)
[2024-08-24T06:58:09.225+0000][65][info ][gc,heap     ] GC(8) Old regions: 2->2
[2024-08-24T06:58:09.225+0000][65][info ][gc,heap     ] GC(8) Archive regions: 2->2
[2024-08-24T06:58:09.225+0000][65][info ][gc,heap     ] GC(8) Humongous regions: 0->0
[2024-08-24T06:58:09.225+0000][65][info ][gc,metaspace] GC(8) Metaspace: 34227K(35072K)->34227K(35072K) NonClass: 30217K(30720K)->30217K(30720K) Class: 4009K(4352K)->4009K(4352K)
[2024-08-24T06:58:09.225+0000][65][info ][gc          ] GC(8) Pause Young (Normal) (G1 Evacuation Pause) 313M->35M(512M) 5.172ms
[2024-08-24T06:58:09.225+0000][65][info ][gc,cpu      ] GC(8) User=0.03s Sys=0.00s Real=0.00s
[2024-08-24T06:58:09.225+0000][65][info ][safepoint   ] Safepoint "G1CollectForAllocation", Time since last: 199666333 ns, Reaching safepoint: 2500 ns, Cleanup: 109792 ns, At safepoint: 5295667 ns, Total: 5407959 ns
[2024-08-24T06:58:09.263+0000][65][info ][gc,start    ] GC(9) Pause Young (Concurrent Start) (Metadata GC Threshold)
[2024-08-24T06:58:09.263+0000][65][info ][gc,task     ] GC(9) Using 8 workers of 8 for evacuation
[2024-08-24T06:58:09.263+0000][65][debug][gc,age      ] GC(9) Desired survivor size 20971520 bytes, new threshold 6 (max threshold 15)
[2024-08-24T06:58:09.268+0000][65][info ][gc,phases   ] GC(9)   Pre Evacuate Collection Set: 0.1ms
[2024-08-24T06:58:09.268+0000][65][info ][gc,phases   ] GC(9)   Merge Heap Roots: 0.1ms
[2024-08-24T06:58:09.268+0000][65][info ][gc,phases   ] GC(9)   Evacuate Collection Set: 3.8ms
[2024-08-24T06:58:09.268+0000][65][info ][gc,phases   ] GC(9)   Post Evacuate Collection Set: 0.5ms
[2024-08-24T06:58:09.268+0000][65][info ][gc,phases   ] GC(9)   Other: 0.2ms
[2024-08-24T06:58:09.268+0000][65][trace][gc,age      ] GC(9) Age table with threshold 6 (max threshold 15)
[2024-08-24T06:58:09.268+0000][65][trace][gc,age      ] GC(9) - age   1:     283448 bytes,     283448 total
[2024-08-24T06:58:09.268+0000][65][trace][gc,age      ] GC(9) - age   2:    3616024 bytes,    3899472 total
[2024-08-24T06:58:09.269+0000][65][trace][gc,age      ] GC(9) - age   3:    4617664 bytes,    8517136 total
[2024-08-24T06:58:09.269+0000][65][trace][gc,age      ] GC(9) - age   4:    4038008 bytes,   12555144 total
[2024-08-24T06:58:09.269+0000][65][trace][gc,age      ] GC(9) - age   5:    7202216 bytes,   19757360 total
[2024-08-24T06:58:09.269+0000][65][trace][gc,age      ] GC(9) - age   6:     960784 bytes,   20718144 total
[2024-08-24T06:58:09.269+0000][65][info ][gc,heap     ] GC(9) Eden regions: 2->0(70)
[2024-08-24T06:58:09.269+0000][65][info ][gc,heap     ] GC(9) Survivor regions: 6->6(10)
[2024-08-24T06:58:09.269+0000][65][info ][gc,heap     ] GC(9) Old regions: 2->3
[2024-08-24T06:58:09.269+0000][65][info ][gc,heap     ] GC(9) Archive regions: 2->2
[2024-08-24T06:58:09.269+0000][65][info ][gc,heap     ] GC(9) Humongous regions: 0->0
[2024-08-24T06:58:09.269+0000][65][info ][gc,metaspace] GC(9) Metaspace: 35318K(36160K)->35318K(36160K) NonClass: 31181K(31680K)->31181K(31680K) Class: 4136K(4480K)->4136K(4480K)
[2024-08-24T06:58:09.269+0000][65][info ][gc          ] GC(9) Pause Young (Concurrent Start) (Metadata GC Threshold) 41M->36M(512M) 5.823ms
[2024-08-24T06:58:09.269+0000][65][info ][gc,cpu      ] GC(9) User=0.03s Sys=0.00s Real=0.01s
[2024-08-24T06:58:09.269+0000][65][info ][gc          ] GC(10) Concurrent Mark Cycle
[2024-08-24T06:58:09.269+0000][65][info ][gc,marking  ] GC(10) Concurrent Scan Root Regions
[2024-08-24T06:58:09.269+0000][65][info ][safepoint   ] Safepoint "CollectForMetadataAllocation", Time since last: 38108291 ns, Reaching safepoint: 2709 ns, Cleanup: 103000 ns, At safepoint: 6012375 ns, Total: 6118084 ns
[2024-08-24T06:58:09.272+0000][65][info ][gc,marking  ] GC(10) Concurrent Scan Root Regions 2.998ms
[2024-08-24T06:58:09.272+0000][65][info ][gc,marking  ] GC(10) Concurrent Mark
[2024-08-24T06:58:09.273+0000][65][info ][gc,marking  ] GC(10) Concurrent Mark From Roots
[2024-08-24T06:58:09.273+0000][65][info ][gc,task     ] GC(10) Using 2 workers of 2 for marking
[2024-08-24T06:58:09.276+0000][65][info ][gc,marking  ] GC(10) Concurrent Mark From Roots 2.976ms
[2024-08-24T06:58:09.276+0000][65][info ][gc,marking  ] GC(10) Concurrent Preclean
[2024-08-24T06:58:09.276+0000][65][info ][gc,marking  ] GC(10) Concurrent Preclean 0.105ms
[2024-08-24T06:58:09.276+0000][65][info ][gc,start    ] GC(10) Pause Remark
[2024-08-24T06:58:09.280+0000][65][info ][gc          ] GC(10) Pause Remark 40M->40M(512M) 4.179ms
[2024-08-24T06:58:09.281+0000][65][info ][gc,cpu      ] GC(10) User=0.02s Sys=0.00s Real=0.01s
[2024-08-24T06:58:09.281+0000][65][info ][safepoint   ] Safepoint "G1PauseRemark", Time since last: 6540833 ns, Reaching safepoint: 387833 ns, Cleanup: 68959 ns, At safepoint: 4372166 ns, Total: 4828958 ns
[2024-08-24T06:58:09.284+0000][65][info ][gc,marking  ] GC(10) Concurrent Mark 11.147ms
[2024-08-24T06:58:09.284+0000][65][info ][gc,marking  ] GC(10) Concurrent Rebuild Remembered Sets and Scrub Regions
[2024-08-24T06:58:09.286+0000][65][info ][gc,marking  ] GC(10) Concurrent Rebuild Remembered Sets and Scrub Regions 1.731ms
[2024-08-24T06:58:09.286+0000][65][info ][gc,start    ] GC(10) Pause Cleanup
[2024-08-24T06:58:09.286+0000][65][info ][gc          ] GC(10) Pause Cleanup 40M->40M(512M) 0.179ms
[2024-08-24T06:58:09.286+0000][65][info ][gc,cpu      ] GC(10) User=0.00s Sys=0.00s Real=0.00s
[2024-08-24T06:58:09.287+0000][65][info ][safepoint   ] Safepoint "G1PauseCleanup", Time since last: 5318584 ns, Reaching safepoint: 206291 ns, Cleanup: 75917 ns, At safepoint: 297708 ns, Total: 579916 ns
[2024-08-24T06:58:09.290+0000][65][info ][gc,marking  ] GC(10) Concurrent Clear Claimed Marks
[2024-08-24T06:58:09.290+0000][65][info ][gc,marking  ] GC(10) Concurrent Clear Claimed Marks 0.182ms
[2024-08-24T06:58:09.290+0000][65][info ][gc,marking  ] GC(10) Concurrent Cleanup for Next Mark
[2024-08-24T06:58:09.291+0000][65][info ][gc,marking  ] GC(10) Concurrent Cleanup for Next Mark 0.206ms
[2024-08-24T06:58:09.291+0000][65][info ][gc          ] GC(10) Concurrent Mark Cycle 21.553ms
[2024-08-24T06:58:09.432+0000][65][info ][safepoint   ] Safepoint "ICBufferFull", Time since last: 145305459 ns, Reaching safepoint: 3625 ns, Cleanup: 155416 ns, At safepoint: 9917 ns, Total: 168958 ns
[2024-08-24T06:58:09.576+0000][65][info ][safepoint   ] Safepoint "ICBufferFull", Time since last: 144113792 ns, Reaching safepoint: 6125 ns, Cleanup: 169750 ns, At safepoint: 15916 ns, Total: 191791 ns
[2024-08-24T06:58:09.655+0000][65][info ][safepoint   ] Safepoint "ICBufferFull", Time since last: 78705542 ns, Reaching safepoint: 5625 ns, Cleanup: 161500 ns, At safepoint: 9875 ns, Total: 177000 ns
[2024-08-24T06:58:09.746+0000][65][info ][safepoint   ] Safepoint "ICBufferFull", Time since last: 90971292 ns, Reaching safepoint: 6458 ns, Cleanup: 217458 ns, At safepoint: 12250 ns, Total: 236166 ns
[2024-08-24T06:58:10.185+0000][65][info ][gc,start    ] GC(11) Pause Young (Normal) (G1 Evacuation Pause)
[2024-08-24T06:58:10.185+0000][65][info ][gc,task     ] GC(11) Using 8 workers of 8 for evacuation
[2024-08-24T06:58:10.186+0000][65][debug][gc,age      ] GC(11) Desired survivor size 20971520 bytes, new threshold 15 (max threshold 15)
[2024-08-24T06:58:10.195+0000][65][info ][gc,phases   ] GC(11)   Pre Evacuate Collection Set: 0.1ms
[2024-08-24T06:58:10.195+0000][65][info ][gc,phases   ] GC(11)   Merge Heap Roots: 0.1ms
[2024-08-24T06:58:10.195+0000][65][info ][gc,phases   ] GC(11)   Evacuate Collection Set: 8.4ms
[2024-08-24T06:58:10.196+0000][65][info ][gc,phases   ] GC(11)   Post Evacuate Collection Set: 1.2ms
[2024-08-24T06:58:10.196+0000][65][info ][gc,phases   ] GC(11)   Other: 0.1ms
[2024-08-24T06:58:10.196+0000][65][trace][gc,age      ] GC(11) Age table with threshold 15 (max threshold 15)
[2024-08-24T06:58:10.196+0000][65][trace][gc,age      ] GC(11) - age   1:   18259040 bytes,   18259040 total
[2024-08-24T06:58:10.196+0000][65][trace][gc,age      ] GC(11) - age   2:     258336 bytes,   18517376 total
[2024-08-24T06:58:10.196+0000][65][trace][gc,age      ] GC(11) - age   3:    3610280 bytes,   22127656 total
[2024-08-24T06:58:10.196+0000][65][trace][gc,age      ] GC(11) - age   4:    4593400 bytes,   26721056 total
[2024-08-24T06:58:10.196+0000][65][trace][gc,age      ] GC(11) - age   5:    4028400 bytes,   30749456 total
[2024-08-24T06:58:10.196+0000][65][trace][gc,age      ] GC(11) - age   6:    7180392 bytes,   37929848 total
[2024-08-24T06:58:10.196+0000][65][trace][gc,age      ] GC(11) - age   7:     958376 bytes,   38888224 total
[2024-08-24T06:58:10.196+0000][65][info ][gc,heap     ] GC(11) Eden regions: 70->0(66)
[2024-08-24T06:58:10.196+0000][65][info ][gc,heap     ] GC(11) Survivor regions: 6->10(10)
[2024-08-24T06:58:10.196+0000][65][info ][gc,heap     ] GC(11) Old regions: 3->3
[2024-08-24T06:58:10.196+0000][65][info ][gc,heap     ] GC(11) Archive regions: 2->2
[2024-08-24T06:58:10.196+0000][65][info ][gc,heap     ] GC(11) Humongous regions: 0->0
[2024-08-24T06:58:10.196+0000][65][info ][gc,metaspace] GC(11) Metaspace: 44000K(45376K)->44000K(45376K) NonClass: 38679K(39488K)->38679K(39488K) Class: 5320K(5888K)->5320K(5888K)
[2024-08-24T06:58:10.196+0000][65][info ][gc          ] GC(11) Pause Young (Normal) (G1 Evacuation Pause) 316M->53M(512M) 10.636ms
[2024-08-24T06:58:10.196+0000][65][info ][gc,cpu      ] GC(11) User=0.07s Sys=0.00s Real=0.01s
[2024-08-24T06:58:10.196+0000][65][info ][safepoint   ] Safepoint "G1CollectForAllocation", Time since last: 438811792 ns, Reaching safepoint: 4125 ns, Cleanup: 135209 ns, At safepoint: 10714666 ns, Total: 10854000 ns
[2024-08-24T06:58:10.338+0000][65][info ][safepoint   ] Safepoint "ICBufferFull", Time since last: 141561167 ns, Reaching safepoint: 3875 ns, Cleanup: 144792 ns, At safepoint: 5333 ns, Total: 154000 ns
[2024-08-24T06:58:10.437+0000][65][info ][safepoint   ] Safepoint "ICBufferFull", Time since last: 99505542 ns, Reaching safepoint: 2416 ns, Cleanup: 133375 ns, At safepoint: 2084 ns, Total: 137875 ns
[2024-08-24T06:58:10.517+0000][65][info ][safepoint   ] Safepoint "ICBufferFull", Time since last: 79332458 ns, Reaching safepoint: 6250 ns, Cleanup: 187000 ns, At safepoint: 9709 ns, Total: 202959 ns
[2024-08-24T06:58:10.708+0000][65][info ][gc,start    ] GC(12) Pause Young (Concurrent Start) (Metadata GC Threshold)
[2024-08-24T06:58:10.708+0000][65][info ][gc,task     ] GC(12) Using 8 workers of 8 for evacuation
[2024-08-24T06:58:10.708+0000][65][debug][gc,age      ] GC(12) Desired survivor size 20971520 bytes, new threshold 3 (max threshold 15)
[2024-08-24T06:58:10.718+0000][65][info ][gc,phases   ] GC(12)   Pre Evacuate Collection Set: 0.1ms
[2024-08-24T06:58:10.718+0000][65][info ][gc,phases   ] GC(12)   Merge Heap Roots: 0.1ms
[2024-08-24T06:58:10.718+0000][65][info ][gc,phases   ] GC(12)   Evacuate Collection Set: 8.3ms
[2024-08-24T06:58:10.718+0000][65][info ][gc,phases   ] GC(12)   Post Evacuate Collection Set: 1.1ms
[2024-08-24T06:58:10.718+0000][65][info ][gc,phases   ] GC(12)   Other: 0.2ms
[2024-08-24T06:58:10.718+0000][65][trace][gc,age      ] GC(12) Age table with threshold 3 (max threshold 15)
[2024-08-24T06:58:10.718+0000][65][trace][gc,age      ] GC(12) - age   1:    7320240 bytes,    7320240 total
[2024-08-24T06:58:10.718+0000][65][trace][gc,age      ] GC(12) - age   2:   17969288 bytes,   25289528 total
[2024-08-24T06:58:10.718+0000][65][trace][gc,age      ] GC(12) - age   3:     246704 bytes,   25536232 total
[2024-08-24T06:58:10.719+0000][65][info ][gc,heap     ] GC(12) Eden regions: 45->0(69)
[2024-08-24T06:58:10.719+0000][65][info ][gc,heap     ] GC(12) Survivor regions: 10->7(10)
[2024-08-24T06:58:10.719+0000][65][info ][gc,heap     ] GC(12) Old regions: 3->8
[2024-08-24T06:58:10.719+0000][65][info ][gc,heap     ] GC(12) Archive regions: 2->2
[2024-08-24T06:58:10.719+0000][65][info ][gc,heap     ] GC(12) Humongous regions: 0->0
[2024-08-24T06:58:10.719+0000][65][info ][gc,metaspace] GC(12) Metaspace: 59341K(60736K)->59341K(60736K) NonClass: 51865K(52672K)->51865K(52672K) Class: 7475K(8064K)->7475K(8064K)
[2024-08-24T06:58:10.719+0000][65][info ][gc          ] GC(12) Pause Young (Concurrent Start) (Metadata GC Threshold) 233M->61M(512M) 10.944ms
[2024-08-24T06:58:10.719+0000][65][info ][gc,cpu      ] GC(12) User=0.06s Sys=0.00s Real=0.02s
[2024-08-24T06:58:10.719+0000][65][info ][gc          ] GC(13) Concurrent Mark Cycle
[2024-08-24T06:58:10.719+0000][65][info ][gc,marking  ] GC(13) Concurrent Scan Root Regions
[2024-08-24T06:58:10.719+0000][65][info ][safepoint   ] Safepoint "CollectForMetadataAllocation", Time since last: 190813833 ns, Reaching safepoint: 2667 ns, Cleanup: 112958 ns, At safepoint: 11125792 ns, Total: 11241417 ns
[2024-08-24T06:58:10.728+0000][65][info ][gc,marking  ] GC(13) Concurrent Scan Root Regions 8.902ms
[2024-08-24T06:58:10.729+0000][65][info ][gc,marking  ] GC(13) Concurrent Mark
[2024-08-24T06:58:10.729+0000][65][info ][gc,marking  ] GC(13) Concurrent Mark From Roots
[2024-08-24T06:58:10.729+0000][65][info ][gc,task     ] GC(13) Using 2 workers of 2 for marking
[2024-08-24T06:58:10.734+0000][65][info ][gc,marking  ] GC(13) Concurrent Mark From Roots 4.217ms
[2024-08-24T06:58:10.734+0000][65][info ][gc,marking  ] GC(13) Concurrent Preclean
[2024-08-24T06:58:10.734+0000][65][info ][gc,marking  ] GC(13) Concurrent Preclean 0.152ms
[2024-08-24T06:58:10.734+0000][65][info ][gc,start    ] GC(13) Pause Remark
[2024-08-24T06:58:10.737+0000][65][info ][gc          ] GC(13) Pause Remark 65M->65M(512M) 3.062ms
[2024-08-24T06:58:10.737+0000][65][info ][gc,cpu      ] GC(13) User=0.01s Sys=0.00s Real=0.00s
[2024-08-24T06:58:10.737+0000][65][info ][safepoint   ] Safepoint "G1PauseRemark", Time since last: 14970416 ns, Reaching safepoint: 3542 ns, Cleanup: 36792 ns, At safepoint: 3261250 ns, Total: 3301584 ns
[2024-08-24T06:58:10.739+0000][65][info ][gc,marking  ] GC(13) Concurrent Mark 9.658ms
[2024-08-24T06:58:10.739+0000][65][info ][gc,marking  ] GC(13) Concurrent Rebuild Remembered Sets and Scrub Regions
[2024-08-24T06:58:10.745+0000][65][info ][gc,marking  ] GC(13) Concurrent Rebuild Remembered Sets and Scrub Regions 5.693ms
[2024-08-24T06:58:10.745+0000][65][info ][gc,start    ] GC(13) Pause Cleanup
[2024-08-24T06:58:10.745+0000][65][info ][gc          ] GC(13) Pause Cleanup 67M->67M(512M) 0.141ms
[2024-08-24T06:58:10.745+0000][65][info ][gc,cpu      ] GC(13) User=0.01s Sys=0.00s Real=0.00s
[2024-08-24T06:58:10.745+0000][65][info ][safepoint   ] Safepoint "G1PauseCleanup", Time since last: 7508458 ns, Reaching safepoint: 2583 ns, Cleanup: 48459 ns, At safepoint: 281958 ns, Total: 333000 ns
[2024-08-24T06:58:10.749+0000][65][info ][gc,marking  ] GC(13) Concurrent Clear Claimed Marks
[2024-08-24T06:58:10.749+0000][65][info ][gc,marking  ] GC(13) Concurrent Clear Claimed Marks 0.220ms
[2024-08-24T06:58:10.749+0000][65][info ][gc,marking  ] GC(13) Concurrent Cleanup for Next Mark
[2024-08-24T06:58:10.750+0000][65][info ][gc,marking  ] GC(13) Concurrent Cleanup for Next Mark 0.370ms
[2024-08-24T06:58:10.750+0000][65][info ][gc          ] GC(13) Concurrent Mark Cycle 31.162ms
[2024-08-24T06:58:11.239+0000][65][info ][safepoint   ] Safepoint "ICBufferFull", Time since last: 493856125 ns, Reaching safepoint: 4417 ns, Cleanup: 151583 ns, At safepoint: 5584 ns, Total: 161584 ns
[2024-08-24T06:58:11.250+0000][65][info ][gc,start    ] GC(14) Pause Young (Normal) (G1 Evacuation Pause)
[2024-08-24T06:58:11.250+0000][65][info ][gc,task     ] GC(14) Using 8 workers of 8 for evacuation
[2024-08-24T06:58:11.250+0000][65][debug][gc,age      ] GC(14) Desired survivor size 20971520 bytes, new threshold 2 (max threshold 15)
[2024-08-24T06:58:11.259+0000][65][info ][gc,phases   ] GC(14)   Pre Evacuate Collection Set: 0.1ms
[2024-08-24T06:58:11.259+0000][65][info ][gc,phases   ] GC(14)   Merge Heap Roots: 0.1ms
[2024-08-24T06:58:11.259+0000][65][info ][gc,phases   ] GC(14)   Evacuate Collection Set: 7.6ms
[2024-08-24T06:58:11.259+0000][65][info ][gc,phases   ] GC(14)   Post Evacuate Collection Set: 0.7ms
[2024-08-24T06:58:11.259+0000][65][info ][gc,phases   ] GC(14)   Other: 0.2ms
[2024-08-24T06:58:11.259+0000][65][trace][gc,age      ] GC(14) Age table with threshold 2 (max threshold 15)
[2024-08-24T06:58:11.259+0000][65][trace][gc,age      ] GC(14) - age   1:    2130904 bytes,    2130904 total
[2024-08-24T06:58:11.259+0000][65][trace][gc,age      ] GC(14) - age   2:    7057376 bytes,    9188280 total
[2024-08-24T06:58:11.259+0000][65][info ][gc,heap     ] GC(14) Eden regions: 69->0(73)
[2024-08-24T06:58:11.259+0000][65][info ][gc,heap     ] GC(14) Survivor regions: 7->3(10)
[2024-08-24T06:58:11.259+0000][65][info ][gc,heap     ] GC(14) Old regions: 8->13
[2024-08-24T06:58:11.259+0000][65][info ][gc,heap     ] GC(14) Archive regions: 2->2
[2024-08-24T06:58:11.259+0000][65][info ][gc,heap     ] GC(14) Humongous regions: 0->0
[2024-08-24T06:58:11.260+0000][65][info ][gc,metaspace] GC(14) Metaspace: 66066K(67520K)->66066K(67520K) NonClass: 57493K(58368K)->57493K(58368K) Class: 8573K(9152K)->8573K(9152K)
[2024-08-24T06:58:11.260+0000][65][info ][gc          ] GC(14) Pause Young (Normal) (G1 Evacuation Pause) 337M->63M(512M) 9.752ms
[2024-08-24T06:58:11.260+0000][65][info ][gc,cpu      ] GC(14) User=0.05s Sys=0.00s Real=0.01s
[2024-08-24T06:58:11.260+0000][65][info ][safepoint   ] Safepoint "G1CollectForAllocation", Time since last: 10621833 ns, Reaching safepoint: 6417 ns, Cleanup: 57125 ns, At safepoint: 9887750 ns, Total: 9951292 ns
[2024-08-24T06:58:11.530+0000][65][info ][safepoint   ] Safepoint "ICBufferFull", Time since last: 270560750 ns, Reaching safepoint: 2041 ns, Cleanup: 176250 ns, At safepoint: 4459 ns, Total: 182750 ns
[2024-08-24T06:58:11.936+0000][65][info ][safepoint   ] Safepoint "ICBufferFull", Time since last: 405832832 ns, Reaching safepoint: 3125 ns, Cleanup: 145750 ns, At safepoint: 4959 ns, Total: 153834 ns
[2024-08-24T06:58:12.005+0000][65][info ][safepoint   ] Safepoint "ICBufferFull", Time since last: 68506250 ns, Reaching safepoint: 2708 ns, Cleanup: 125292 ns, At safepoint: 2000 ns, Total: 130000 ns
[2024-08-24T06:58:12.181+0000][65][info ][safepoint   ] Safepoint "ICBufferFull", Time since last: 175950666 ns, Reaching safepoint: 2875 ns, Cleanup: 142834 ns, At safepoint: 5041 ns, Total: 150750 ns
[2024-08-24T06:58:12.262+0000][65][info ][gc,start    ] GC(15) Pause Young (Concurrent Start) (Metadata GC Threshold)
[2024-08-24T06:58:12.262+0000][65][info ][gc,task     ] GC(15) Using 8 workers of 8 for evacuation
[2024-08-24T06:58:12.262+0000][65][debug][gc,age      ] GC(15) Desired survivor size 20971520 bytes, new threshold 15 (max threshold 15)
[2024-08-24T06:58:12.271+0000][65][info ][gc,phases   ] GC(15)   Pre Evacuate Collection Set: 0.1ms
[2024-08-24T06:58:12.271+0000][65][info ][gc,phases   ] GC(15)   Merge Heap Roots: 0.1ms
[2024-08-24T06:58:12.271+0000][65][info ][gc,phases   ] GC(15)   Evacuate Collection Set: 7.8ms
[2024-08-24T06:58:12.272+0000][65][info ][gc,phases   ] GC(15)   Post Evacuate Collection Set: 1.4ms
[2024-08-24T06:58:12.272+0000][65][info ][gc,phases   ] GC(15)   Other: 0.2ms
[2024-08-24T06:58:12.272+0000][65][trace][gc,age      ] GC(15) Age table with threshold 15 (max threshold 15)
[2024-08-24T06:58:12.272+0000][65][trace][gc,age      ] GC(15) - age   1:   14209144 bytes,   14209144 total
[2024-08-24T06:58:12.272+0000][65][trace][gc,age      ] GC(15) - age   2:    1952664 bytes,   16161808 total
[2024-08-24T06:58:12.272+0000][65][trace][gc,age      ] GC(15) - age   3:    6959824 bytes,   23121632 total
[2024-08-24T06:58:12.272+0000][65][info ][gc,heap     ] GC(15) Eden regions: 48->0(70)
[2024-08-24T06:58:12.272+0000][65][info ][gc,heap     ] GC(15) Survivor regions: 3->6(10)
[2024-08-24T06:58:12.272+0000][65][info ][gc,heap     ] GC(15) Old regions: 13->13
[2024-08-24T06:58:12.272+0000][65][info ][gc,heap     ] GC(15) Archive regions: 2->2
[2024-08-24T06:58:12.272+0000][65][info ][gc,heap     ] GC(15) Humongous regions: 0->0
[2024-08-24T06:58:12.272+0000][65][info ][gc,metaspace] GC(15) Metaspace: 99098K(101760K)->99098K(101760K) NonClass: 85778K(87232K)->85778K(87232K) Class: 13320K(14528K)->13320K(14528K)
[2024-08-24T06:58:12.272+0000][65][info ][gc          ] GC(15) Pause Young (Concurrent Start) (Metadata GC Threshold) 255M->76M(512M) 10.546ms
[2024-08-24T06:58:12.272+0000][65][info ][gc,cpu      ] GC(15) User=0.06s Sys=0.01s Real=0.01s
[2024-08-24T06:58:12.272+0000][65][info ][gc          ] GC(16) Concurrent Mark Cycle
[2024-08-24T06:58:12.272+0000][65][info ][gc,marking  ] GC(16) Concurrent Scan Root Regions
[2024-08-24T06:58:12.272+0000][65][info ][safepoint   ] Safepoint "CollectForMetadataAllocation", Time since last: 80764792 ns, Reaching safepoint: 3292 ns, Cleanup: 71458 ns, At safepoint: 10740583 ns, Total: 10815333 ns
[2024-08-24T06:58:12.281+0000][65][info ][gc,marking  ] GC(16) Concurrent Scan Root Regions 8.184ms
[2024-08-24T06:58:12.282+0000][65][info ][gc,marking  ] GC(16) Concurrent Mark
[2024-08-24T06:58:12.282+0000][65][info ][gc,marking  ] GC(16) Concurrent Mark From Roots
[2024-08-24T06:58:12.282+0000][65][info ][gc,task     ] GC(16) Using 2 workers of 2 for marking
[2024-08-24T06:58:12.292+0000][65][info ][safepoint   ] Safepoint "CollectForMetadataAllocation", Time since last: 18911584 ns, Reaching safepoint: 34583 ns, Cleanup: 62292 ns, At safepoint: 77958 ns, Total: 174833 ns
[2024-08-24T06:58:12.300+0000][65][info ][gc,marking  ] GC(16) Concurrent Mark From Roots 18.478ms
[2024-08-24T06:58:12.302+0000][65][info ][gc,marking  ] GC(16) Concurrent Preclean
[2024-08-24T06:58:12.302+0000][65][info ][gc,marking  ] GC(16) Concurrent Preclean 0.548ms
[2024-08-24T06:58:12.303+0000][65][info ][gc,start    ] GC(16) Pause Remark
[2024-08-24T06:58:12.307+0000][65][info ][gc          ] GC(16) Pause Remark 82M->82M(512M) 3.668ms
[2024-08-24T06:58:12.307+0000][65][info ][gc,cpu      ] GC(16) User=0.02s Sys=0.00s Real=0.00s
[2024-08-24T06:58:12.307+0000][65][info ][safepoint   ] Safepoint "G1PauseRemark", Time since last: 11135958 ns, Reaching safepoint: 252209 ns, Cleanup: 36291 ns, At safepoint: 3913584 ns, Total: 4202084 ns
[2024-08-24T06:58:12.311+0000][65][info ][gc,marking  ] GC(16) Concurrent Mark 29.040ms
[2024-08-24T06:58:12.311+0000][65][info ][gc,marking  ] GC(16) Concurrent Rebuild Remembered Sets and Scrub Regions
[2024-08-24T06:58:12.319+0000][65][info ][gc,marking  ] GC(16) Concurrent Rebuild Remembered Sets and Scrub Regions 7.949ms
[2024-08-24T06:58:12.320+0000][65][info ][gc,start    ] GC(16) Pause Cleanup
[2024-08-24T06:58:12.320+0000][65][info ][gc          ] GC(16) Pause Cleanup 84M->84M(512M) 0.152ms
[2024-08-24T06:58:12.320+0000][65][info ][gc,cpu      ] GC(16) User=0.00s Sys=0.00s Real=0.00s
[2024-08-24T06:58:12.320+0000][65][info ][safepoint   ] Safepoint "G1PauseCleanup", Time since last: 12378916 ns, Reaching safepoint: 689834 ns, Cleanup: 130041 ns, At safepoint: 281459 ns, Total: 1101334 ns
[2024-08-24T06:58:12.322+0000][65][info ][gc,marking  ] GC(16) Concurrent Clear Claimed Marks
[2024-08-24T06:58:12.322+0000][65][info ][gc,marking  ] GC(16) Concurrent Clear Claimed Marks 0.371ms
[2024-08-24T06:58:12.326+0000][65][info ][gc,marking  ] GC(16) Concurrent Cleanup for Next Mark
[2024-08-24T06:58:12.326+0000][65][info ][gc,marking  ] GC(16) Concurrent Cleanup for Next Mark 0.468ms
[2024-08-24T06:58:12.326+0000][65][info ][gc          ] GC(16) Concurrent Mark Cycle 54.092ms
[2024-08-24T06:58:12.521+0000][65][info ][safepoint   ] Safepoint "ICBufferFull", Time since last: 199466958 ns, Reaching safepoint: 1239334 ns, Cleanup: 192416 ns, At safepoint: 17167 ns, Total: 1448917 ns
[2024-08-24T06:58:12.585+0000][65][info ][safepoint   ] Safepoint "ICBufferFull", Time since last: 63575792 ns, Reaching safepoint: 6958 ns, Cleanup: 134333 ns, At safepoint: 5375 ns, Total: 146666 ns
[2024-08-24T06:58:12.822+0000][65][info ][safepoint   ] Safepoint "ICBufferFull", Time since last: 235878084 ns, Reaching safepoint: 1154708 ns, Cleanup: 152792 ns, At safepoint: 11458 ns, Total: 1318958 ns
[2024-08-24T06:58:12.971+0000][65][info ][safepoint   ] Safepoint "ICBufferFull", Time since last: 148745125 ns, Reaching safepoint: 7042 ns, Cleanup: 129166 ns, At safepoint: 5375 ns, Total: 141583 ns
[2024-08-24T06:58:14.018+0000][65][info ][safepoint   ] Safepoint "Cleanup", Time since last: 1046831959 ns, Reaching safepoint: 11750 ns, Cleanup: 163542 ns, At safepoint: 4708 ns, Total: 180000 ns
[2024-08-24T06:58:16.020+0000][65][info ][safepoint   ] Safepoint "Cleanup", Time since last: 2001988293 ns, Reaching safepoint: 28500 ns, Cleanup: 282292 ns, At safepoint: 9541 ns, Total: 320333 ns
[2024-08-24T06:58:17.027+0000][65][info ][safepoint   ] Safepoint "Cleanup", Time since last: 1006557251 ns, Reaching safepoint: 29375 ns, Cleanup: 128750 ns, At safepoint: 10083 ns, Total: 168208 ns
[2024-08-24T06:58:19.031+0000][65][info ][safepoint   ] Safepoint "Cleanup", Time since last: 2004180834 ns, Reaching safepoint: 14500 ns, Cleanup: 86459 ns, At safepoint: 3791 ns, Total: 104750 ns
[2024-08-24T06:58:25.056+0000][65][info ][safepoint   ] Safepoint "Cleanup", Time since last: 6024599003 ns, Reaching safepoint: 8958 ns, Cleanup: 54542 ns, At safepoint: 2417 ns, Total: 65917 ns
[2024-08-24T06:58:26.060+0000][65][info ][safepoint   ] Safepoint "Cleanup", Time since last: 1003507209 ns, Reaching safepoint: 20500 ns, Cleanup: 207833 ns, At safepoint: 9458 ns, Total: 237791 ns
[2024-08-24T06:58:40.106+0000][65][info ][safepoint   ] Safepoint "Cleanup", Time since last: 14046117132 ns, Reaching safepoint: 27125 ns, Cleanup: 107750 ns, At safepoint: 23292 ns, Total: 158167 ns
[2024-08-24T06:58:41.107+0000][65][info ][safepoint   ] Safepoint "Cleanup", Time since last: 1000807917 ns, Reaching safepoint: 26291 ns, Cleanup: 208584 ns, At safepoint: 10375 ns, Total: 245250 ns
[2024-08-24T06:58:43.114+0000][65][info ][safepoint   ] Safepoint "Cleanup", Time since last: 2007401166 ns, Reaching safepoint: 8750 ns, Cleanup: 103125 ns, At safepoint: 4750 ns, Total: 116625 ns
[2024-08-24T06:58:45.123+0000][65][info ][safepoint   ] Safepoint "Cleanup", Time since last: 2009403585 ns, Reaching safepoint: 23791 ns, Cleanup: 175292 ns, At safepoint: 6292 ns, Total: 205375 ns
[2024-08-24T06:58:46.126+0000][65][info ][safepoint   ] Safepoint "Cleanup", Time since last: 1002188334 ns, Reaching safepoint: 30666 ns, Cleanup: 121834 ns, At safepoint: 10083 ns, Total: 162583 ns
[2024-08-24T06:58:48.132+0000][65][info ][safepoint   ] Safepoint "Cleanup", Time since last: 2006404834 ns, Reaching safepoint: 7417 ns, Cleanup: 42875 ns, At safepoint: 2083 ns, Total: 52375 ns
[2024-08-24T06:58:53.141+0000][65][info ][safepoint   ] Safepoint "Cleanup", Time since last: 5008365836 ns, Reaching safepoint: 51417 ns, Cleanup: 263000 ns, At safepoint: 8708 ns, Total: 323125 ns
[2024-08-24T06:59:01.168+0000][65][info ][safepoint   ] Safepoint "Cleanup", Time since last: 8026468087 ns, Reaching safepoint: 68000 ns, Cleanup: 243000 ns, At safepoint: 9458 ns, Total: 320458 ns
[2024-08-24T06:59:02.169+0000][65][info ][safepoint   ] Safepoint "Cleanup", Time since last: 1001639043 ns, Reaching safepoint: 9375 ns, Cleanup: 92333 ns, At safepoint: 15583 ns, Total: 117291 ns
[2024-08-24T06:59:03.171+0000][65][info ][safepoint   ] Safepoint "Cleanup", Time since last: 1000802334 ns, Reaching safepoint: 819500 ns, Cleanup: 121583 ns, At safepoint: 26334 ns, Total: 967417 ns
[2024-08-24T06:59:04.173+0000][65][info ][safepoint   ] Safepoint "Cleanup", Time since last: 1001331042 ns, Reaching safepoint: 31833 ns, Cleanup: 131709 ns, At safepoint: 8625 ns, Total: 172167 ns
[2024-08-24T06:59:11.191+0000][65][info ][safepoint   ] Safepoint "Cleanup", Time since last: 7017670128 ns, Reaching safepoint: 36500 ns, Cleanup: 117417 ns, At safepoint: 5875 ns, Total: 159792 ns
[2024-08-24T06:59:13.200+0000][65][info ][safepoint   ] Safepoint "Cleanup", Time since last: 2010486625 ns, Reaching safepoint: 31666 ns, Cleanup: 221709 ns, At safepoint: 22958 ns, Total: 276333 ns
[2024-08-24T06:59:16.210+0000][65][info ][safepoint   ] Safepoint "Cleanup", Time since last: 3009493043 ns, Reaching safepoint: 31667 ns, Cleanup: 267666 ns, At safepoint: 9625 ns, Total: 308958 ns
[2024-08-24T06:59:23.222+0000][65][info ][safepoint   ] Safepoint "Cleanup", Time since last: 7011920879 ns, Reaching safepoint: 104083 ns, Cleanup: 144542 ns, At safepoint: 11166 ns, Total: 259791 ns
[2024-08-24T06:59:29.233+0000][65][info ][safepoint   ] Safepoint "Cleanup", Time since last: 6010110836 ns, Reaching safepoint: 18750 ns, Cleanup: 102084 ns, At safepoint: 5291 ns, Total: 126125 ns
[2024-08-24T06:59:43.277+0000][65][info ][safepoint   ] Safepoint "Cleanup", Time since last: 14045051006 ns, Reaching safepoint: 25750 ns, Cleanup: 139667 ns, At safepoint: 7917 ns, Total: 173334 ns
[2024-08-24T06:59:52.299+0000][65][info ][safepoint   ] Safepoint "Cleanup", Time since last: 9020518296 ns, Reaching safepoint: 835583 ns, Cleanup: 97042 ns, At safepoint: 13375 ns, Total: 946000 ns
[2024-08-24T06:59:53.300+0000][65][info ][safepoint   ] Safepoint "Cleanup", Time since last: 1001536667 ns, Reaching safepoint: 34416 ns, Cleanup: 88334 ns, At safepoint: 6833 ns, Total: 129583 ns
[2024-08-24T06:59:54.303+0000][65][info ][safepoint   ] Safepoint "Cleanup", Time since last: 1001528667 ns, Reaching safepoint: 657000 ns, Cleanup: 203958 ns, At safepoint: 50500 ns, Total: 911458 ns
[2024-08-24T07:00:05.328+0000][65][info ][safepoint   ] Safepoint "Cleanup", Time since last: 11025400922 ns, Reaching safepoint: 26959 ns, Cleanup: 121333 ns, At safepoint: 7125 ns, Total: 155417 ns
[2024-08-24T07:00:18.367+0000][65][info ][safepoint   ] Safepoint "Cleanup", Time since last: 13039291381 ns, Reaching safepoint: 32750 ns, Cleanup: 198417 ns, At safepoint: 10541 ns, Total: 241708 ns
[2024-08-24T07:00:19.370+0000][65][info ][safepoint   ] Safepoint "Cleanup", Time since last: 1002032084 ns, Reaching safepoint: 15083 ns, Cleanup: 98417 ns, At safepoint: 4000 ns, Total: 117500 ns
[2024-08-24T07:00:23.380+0000][65][info ][safepoint   ] Safepoint "Cleanup", Time since last: 4010215960 ns, Reaching safepoint: 34667 ns, Cleanup: 245667 ns, At safepoint: 10833 ns, Total: 291167 ns
[2024-08-24T07:00:26.384+0000][65][info ][safepoint   ] Safepoint "Cleanup", Time since last: 3003998126 ns, Reaching safepoint: 102542 ns, Cleanup: 120167 ns, At safepoint: 23916 ns, Total: 246625 ns
[2024-08-24T07:00:38.420+0000][65][info ][safepoint   ] Safepoint "Cleanup", Time since last: 12035804215 ns, Reaching safepoint: 33500 ns, Cleanup: 268583 ns, At safepoint: 25500 ns, Total: 327583 ns
[2024-08-24T07:00:58.475+0000][65][info ][safepoint   ] Safepoint "Cleanup", Time since last: 20055609092 ns, Reaching safepoint: 115542 ns, Cleanup: 128958 ns, At safepoint: 6334 ns, Total: 250834 ns
[2024-08-24T07:01:03.485+0000][65][info ][safepoint   ] Safepoint "Cleanup", Time since last: 5009954169 ns, Reaching safepoint: 32875 ns, Cleanup: 120333 ns, At safepoint: 7250 ns, Total: 160458 ns
[2024-08-24T07:01:12.511+0000][65][info ][safepoint   ] Safepoint "Cleanup", Time since last: 9026016670 ns, Reaching safepoint: 30542 ns, Cleanup: 278125 ns, At safepoint: 12541 ns, Total: 321208 ns
[2024-08-24T07:01:13.518+0000][65][info ][safepoint   ] Safepoint "Cleanup", Time since last: 1006365084 ns, Reaching safepoint: 35667 ns, Cleanup: 414792 ns, At safepoint: 13333 ns, Total: 463792 ns
[2024-08-24T07:01:16.528+0000][65][info ][safepoint   ] Safepoint "Cleanup", Time since last: 3009417376 ns, Reaching safepoint: 30584 ns, Cleanup: 219208 ns, At safepoint: 6542 ns, Total: 256334 ns
[2024-08-24T07:01:24.545+0000][65][info ][safepoint   ] Safepoint "Cleanup", Time since last: 8016917295 ns, Reaching safepoint: 32500 ns, Cleanup: 98375 ns, At safepoint: 5750 ns, Total: 136625 ns
[2024-08-24T07:01:27.555+0000][65][info ][safepoint   ] Safepoint "Cleanup", Time since last: 3009803668 ns, Reaching safepoint: 109167 ns, Cleanup: 122125 ns, At safepoint: 12000 ns, Total: 243292 ns
[2024-08-24T07:01:43.600+0000][65][info ][safepoint   ] Safepoint "Cleanup", Time since last: 16045158757 ns, Reaching safepoint: 31792 ns, Cleanup: 176375 ns, At safepoint: 7375 ns, Total: 215542 ns
[2024-08-24T07:02:05.666+0000][65][info ][safepoint   ] Safepoint "Cleanup", Time since last: 22066147969 ns, Reaching safepoint: 148916 ns, Cleanup: 133000 ns, At safepoint: 7417 ns, Total: 289333 ns
[2024-08-24T07:02:11.681+0000][65][info ][safepoint   ] Safepoint "Cleanup", Time since last: 6014474503 ns, Reaching safepoint: 33250 ns, Cleanup: 244416 ns, At safepoint: 9625 ns, Total: 287291 ns
[2024-08-24T07:02:12.683+0000][65][info ][safepoint   ] Safepoint "Cleanup", Time since last: 1002037458 ns, Reaching safepoint: 27500 ns, Cleanup: 370875 ns, At safepoint: 7792 ns, Total: 406167 ns
[2024-08-24T07:02:13.688+0000][65][info ][safepoint   ] Safepoint "Cleanup", Time since last: 1004692917 ns, Reaching safepoint: 39125 ns, Cleanup: 181667 ns, At safepoint: 6958 ns, Total: 227750 ns
[2024-08-24T07:02:22.715+0000][65][info ][safepoint   ] Safepoint "Cleanup", Time since last: 9027527088 ns, Reaching safepoint: 33625 ns, Cleanup: 145125 ns, At safepoint: 6208 ns, Total: 184958 ns
[2024-08-24T07:02:23.717+0000][65][info ][safepoint   ] Safepoint "Cleanup", Time since last: 1001366209 ns, Reaching safepoint: 148000 ns, Cleanup: 281625 ns, At safepoint: 25000 ns, Total: 454625 ns
[2024-08-24T07:02:27.733+0000][65][info ][safepoint   ] Safepoint "Cleanup", Time since last: 4015755085 ns, Reaching safepoint: 106167 ns, Cleanup: 168500 ns, At safepoint: 12375 ns, Total: 287042 ns
[2024-08-24T07:02:31.745+0000][65][info ][safepoint   ] Safepoint "Cleanup", Time since last: 4011490502 ns, Reaching safepoint: 27541 ns, Cleanup: 253334 ns, At safepoint: 9541 ns, Total: 290416 ns
[2024-08-24T07:02:43.781+0000][65][info ][safepoint   ] Safepoint "Cleanup", Time since last: 12036502339 ns, Reaching safepoint: 39083 ns, Cleanup: 140209 ns, At safepoint: 7666 ns, Total: 186958 ns
[2024-08-24T07:03:16.882+0000][65][info ][safepoint   ] Safepoint "Cleanup", Time since last: 33100660099 ns, Reaching safepoint: 1163125 ns, Cleanup: 158000 ns, At safepoint: 26667 ns, Total: 1347792 ns
[2024-08-24T07:03:17.889+0000][65][info ][safepoint   ] Safepoint "Cleanup", Time since last: 1004477125 ns, Reaching safepoint: 1406000 ns, Cleanup: 315417 ns, At safepoint: 26666 ns, Total: 1748083 ns
[2024-08-24T07:03:41.951+0000][65][info ][safepoint   ] Safepoint "Cleanup", Time since last: 24062769303 ns, Reaching safepoint: 120791 ns, Cleanup: 159209 ns, At safepoint: 7583 ns, Total: 287583 ns
[2024-08-24T07:03:51.986+0000][65][info ][safepoint   ] Safepoint "Cleanup", Time since last: 10034376380 ns, Reaching safepoint: 33083 ns, Cleanup: 124875 ns, At safepoint: 7375 ns, Total: 165333 ns
[2024-08-24T07:04:07.027+0000][65][info ][safepoint   ] Safepoint "Cleanup", Time since last: 15041587757 ns, Reaching safepoint: 90750 ns, Cleanup: 111709 ns, At safepoint: 5708 ns, Total: 208167 ns
[2024-08-24T07:04:37.104+0000][65][info ][safepoint   ] Safepoint "Cleanup", Time since last: 30077067513 ns, Reaching safepoint: 115209 ns, Cleanup: 121916 ns, At safepoint: 6875 ns, Total: 244000 ns
[2024-08-24T07:04:40.121+0000][65][info ][safepoint   ] Safepoint "Cleanup", Time since last: 3016736835 ns, Reaching safepoint: 30917 ns, Cleanup: 224458 ns, At safepoint: 10208 ns, Total: 265583 ns
[2024-08-24T07:04:43.125+0000][65][info ][safepoint   ] Safepoint "Cleanup", Time since last: 3003933834 ns, Reaching safepoint: 34417 ns, Cleanup: 132667 ns, At safepoint: 7375 ns, Total: 174459 ns
[2024-08-24T07:04:53.141+0000][65][info ][safepoint   ] Safepoint "Cleanup", Time since last: 10016505338 ns, Reaching safepoint: 39917 ns, Cleanup: 92083 ns, At safepoint: 4875 ns, Total: 136875 ns
[2024-08-24T07:05:43.251+0000][65][info ][safepoint   ] Safepoint "Cleanup", Time since last: 50110255022 ns, Reaching safepoint: 97542 ns, Cleanup: 247583 ns, At safepoint: 10959 ns, Total: 356084 ns
[2024-08-24T07:06:13.304+0000][65][info ][safepoint   ] Safepoint "Cleanup", Time since last: 30053921972 ns, Reaching safepoint: 114000 ns, Cleanup: 137625 ns, At safepoint: 6667 ns, Total: 258292 ns
[2024-08-24T07:06:48.392+0000][65][info ][safepoint   ] Safepoint "Cleanup", Time since last: 35087788641 ns, Reaching safepoint: 89958 ns, Cleanup: 279542 ns, At safepoint: 11291 ns, Total: 380791 ns
[2024-08-24T07:08:13.614+0000][65][info ][safepoint   ] Safepoint "Cleanup", Time since last: 85224062872 ns, Reaching safepoint: 31959 ns, Cleanup: 164458 ns, At safepoint: 11125 ns, Total: 207542 ns
[2024-08-24T07:08:28.648+0000][65][info ][safepoint   ] Safepoint "Cleanup", Time since last: 15033752132 ns, Reaching safepoint: 53417 ns, Cleanup: 245958 ns, At safepoint: 11292 ns, Total: 310667 ns
[2024-08-24T07:08:43.691+0000][65][info ][safepoint   ] Safepoint "Cleanup", Time since last: 15043002215 ns, Reaching safepoint: 80042 ns, Cleanup: 112166 ns, At safepoint: 5917 ns, Total: 198125 ns
[2024-08-24T07:11:27.158+0000][65][info ][safepoint   ] Safepoint "Cleanup", Time since last: 163469943534 ns, Reaching safepoint: 96333 ns, Cleanup: 203417 ns, At safepoint: 8708 ns, Total: 308458 ns
[2024-08-24T07:12:02.257+0000][65][info ][safepoint   ] Safepoint "Cleanup", Time since last: 35099258100 ns, Reaching safepoint: 53583 ns, Cleanup: 65417 ns, At safepoint: 3458 ns, Total: 122458 ns
[2024-08-24T07:12:53.391+0000][65][info ][safepoint   ] Safepoint "Cleanup", Time since last: 51135893107 ns, Reaching safepoint: 54625 ns, Cleanup: 67375 ns, At safepoint: 3458 ns, Total: 125458 ns
[2024-08-24T07:13:13.442+0000][65][info ][safepoint   ] Safepoint "Cleanup", Time since last: 20051038300 ns, Reaching safepoint: 27792 ns, Cleanup: 138375 ns, At safepoint: 8542 ns, Total: 174709 ns
[2024-08-24T07:13:21.467+0000][65][info ][safepoint   ] Safepoint "Cleanup", Time since last: 8025012920 ns, Reaching safepoint: 32542 ns, Cleanup: 143250 ns, At safepoint: 7041 ns, Total: 182833 ns
[2024-08-24T07:13:23.471+0000][65][info ][safepoint   ] Safepoint "Cleanup", Time since last: 2003525001 ns, Reaching safepoint: 29500 ns, Cleanup: 109834 ns, At safepoint: 5625 ns, Total: 144959 ns
[2024-08-24T07:13:26.475+0000][65][info ][safepoint   ] Safepoint "Cleanup", Time since last: 3004112126 ns, Reaching safepoint: 26292 ns, Cleanup: 120458 ns, At safepoint: 6167 ns, Total: 152917 ns
[2024-08-24T07:13:43.534+0000][65][info ][safepoint   ] Safepoint "Cleanup", Time since last: 17059007674 ns, Reaching safepoint: 95750 ns, Cleanup: 177083 ns, At safepoint: 14000 ns, Total: 286833 ns
[2024-08-24T07:13:53.561+0000][65][info ][safepoint   ] Safepoint "Cleanup", Time since last: 10027236963 ns, Reaching safepoint: 25917 ns, Cleanup: 119083 ns, At safepoint: 6459 ns, Total: 151459 ns
[2024-08-24T07:14:11.619+0000][65][info ][safepoint   ] Safepoint "Cleanup", Time since last: 18057817675 ns, Reaching safepoint: 24083 ns, Cleanup: 119500 ns, At safepoint: 6542 ns, Total: 150125 ns
[2024-08-24T07:14:13.630+0000][65][info ][safepoint   ] Safepoint "Cleanup", Time since last: 2011833459 ns, Reaching safepoint: 25875 ns, Cleanup: 127417 ns, At safepoint: 7125 ns, Total: 160417 ns
[2024-08-24T07:14:37.695+0000][65][info ][safepoint   ] Safepoint "Cleanup", Time since last: 24064785511 ns, Reaching safepoint: 102000 ns, Cleanup: 123458 ns, At safepoint: 6209 ns, Total: 231667 ns
[2024-08-24T07:17:13.140+0000][65][info ][safepoint   ] Safepoint "Cleanup", Time since last: 155460097320 ns, Reaching safepoint: 69459 ns, Cleanup: 115541 ns, At safepoint: 5750 ns, Total: 190750 ns
[2024-08-24T07:17:43.214+0000][65][info ][safepoint   ] Safepoint "Cleanup", Time since last: 30075116722 ns, Reaching safepoint: 102000 ns, Cleanup: 125667 ns, At safepoint: 7083 ns, Total: 234750 ns
[2024-08-24T07:18:13.310+0000][65][info ][safepoint   ] Safepoint "Cleanup", Time since last: 30096170097 ns, Reaching safepoint: 28209 ns, Cleanup: 277083 ns, At safepoint: 10583 ns, Total: 315875 ns
[2024-08-24T07:18:23.333+0000][65][info ][safepoint   ] Safepoint "Cleanup", Time since last: 10022702755 ns, Reaching safepoint: 113042 ns, Cleanup: 132250 ns, At safepoint: 6333 ns, Total: 251625 ns
[2024-08-24T07:19:27.463+0000][65][info ][safepoint   ] Safepoint "Cleanup", Time since last: 64131612779 ns, Reaching safepoint: 75958 ns, Cleanup: 120875 ns, At safepoint: 5667 ns, Total: 202500 ns
[2024-08-24T07:19:37.486+0000][65][info ][safepoint   ] Safepoint "Cleanup", Time since last: 10022700630 ns, Reaching safepoint: 30791 ns, Cleanup: 333250 ns, At safepoint: 9417 ns, Total: 373458 ns
[2024-08-24T07:20:43.641+0000][65][info ][safepoint   ] Safepoint "Cleanup", Time since last: 66156468238 ns, Reaching safepoint: 110292 ns, Cleanup: 122000 ns, At safepoint: 6417 ns, Total: 238709 ns
[2024-08-24T07:20:57.669+0000][65][info ][safepoint   ] Safepoint "Cleanup", Time since last: 14027450548 ns, Reaching safepoint: 109917 ns, Cleanup: 195000 ns, At safepoint: 17791 ns, Total: 322708 ns
[2024-08-24T07:21:17.700+0000][65][info ][safepoint   ] Safepoint "Cleanup", Time since last: 20031764759 ns, Reaching safepoint: 16709 ns, Cleanup: 144916 ns, At safepoint: 6042 ns, Total: 167667 ns
[2024-08-24T07:22:43.870+0000][65][info ][safepoint   ] Safepoint "Cleanup", Time since last: 86172733580 ns, Reaching safepoint: 106791 ns, Cleanup: 140917 ns, At safepoint: 7083 ns, Total: 254791 ns
[2024-08-24T07:22:47.875+0000][65][info ][safepoint   ] Safepoint "Cleanup", Time since last: 4004717669 ns, Reaching safepoint: 23625 ns, Cleanup: 113500 ns, At safepoint: 6667 ns, Total: 143792 ns
[2024-08-24T07:23:12.923+0000][65][info ][safepoint   ] Safepoint "Cleanup", Time since last: 25048549053 ns, Reaching safepoint: 26750 ns, Cleanup: 126542 ns, At safepoint: 6916 ns, Total: 160208 ns
[2024-08-24T07:23:13.931+0000][65][info ][safepoint   ] Safepoint "Cleanup", Time since last: 1006915959 ns, Reaching safepoint: 32583 ns, Cleanup: 258292 ns, At safepoint: 9708 ns, Total: 300583 ns
[2024-08-24T07:24:13.104+0000][65][info ][safepoint   ] Safepoint "Cleanup", Time since last: 59174656569 ns, Reaching safepoint: 31833 ns, Cleanup: 92125 ns, At safepoint: 63959 ns, Total: 187917 ns
[2024-08-24T07:24:14.107+0000][65][info ][safepoint   ] Safepoint "Cleanup", Time since last: 1003085708 ns, Reaching safepoint: 26875 ns, Cleanup: 137709 ns, At safepoint: 6291 ns, Total: 170875 ns
[2024-08-24T07:26:43.478+0000][65][info ][safepoint   ] Safepoint "Cleanup", Time since last: 149373852943 ns, Reaching safepoint: 114125 ns, Cleanup: 130750 ns, At safepoint: 12958 ns, Total: 257833 ns
[2024-08-24T07:27:43.686+0000][65][info ][safepoint   ] Safepoint "Cleanup", Time since last: 60209443819 ns, Reaching safepoint: 96041 ns, Cleanup: 124834 ns, At safepoint: 9333 ns, Total: 230208 ns
[2024-08-24T07:28:07.779+0000][65][info ][safepoint   ] Safepoint "Cleanup", Time since last: 24092774761 ns, Reaching safepoint: 107000 ns, Cleanup: 129042 ns, At safepoint: 9792 ns, Total: 245834 ns
[2024-08-24T07:28:13.807+0000][65][info ][safepoint   ] Safepoint "Cleanup", Time since last: 6028768252 ns, Reaching safepoint: 34500 ns, Cleanup: 128625 ns, At safepoint: 6709 ns, Total: 169834 ns
[2024-08-24T07:28:43.946+0000][65][info ][safepoint   ] Safepoint "Cleanup", Time since last: 30139601055 ns, Reaching safepoint: 114542 ns, Cleanup: 146916 ns, At safepoint: 6500 ns, Total: 267958 ns
[2024-08-24T07:28:51.986+0000][65][info ][safepoint   ] Safepoint "Cleanup", Time since last: 8038968171 ns, Reaching safepoint: 28500 ns, Cleanup: 124667 ns, At safepoint: 9708 ns, Total: 162875 ns
[2024-08-24T07:30:13.318+0000][65][info ][safepoint   ] Safepoint "Cleanup", Time since last: 81334124328 ns, Reaching safepoint: 107042 ns, Cleanup: 116083 ns, At safepoint: 7667 ns, Total: 230792 ns
[2024-08-24T07:30:18.344+0000][65][info ][safepoint   ] Safepoint "Cleanup", Time since last: 5025683794 ns, Reaching safepoint: 28042 ns, Cleanup: 128041 ns, At safepoint: 5834 ns, Total: 161917 ns
[2024-08-24T07:32:13.801+0000][65][info ][safepoint   ] Safepoint "Cleanup", Time since last: 115460671802 ns, Reaching safepoint: 107500 ns, Cleanup: 159709 ns, At safepoint: 6375 ns, Total: 273584 ns
[2024-08-24T07:34:34.748+0000][65][info ][safepoint   ] Safepoint "Cleanup", Time since last: 140948763314 ns, Reaching safepoint: 32500 ns, Cleanup: 171666 ns, At safepoint: 6375 ns, Total: 210541 ns
[2024-08-24T07:36:03.386+0000][65][info ][safepoint   ] Safepoint "Cleanup", Time since last: 88640253207 ns, Reaching safepoint: 102083 ns, Cleanup: 129917 ns, At safepoint: 7125 ns, Total: 239125 ns
[2024-08-24T07:38:21.941+0000][65][info ][safepoint   ] Safepoint "Cleanup", Time since last: 99660028630 ns, Reaching safepoint: 384250 ns, Cleanup: 391125 ns, At safepoint: 20416 ns, Total: 795791 ns
[2024-08-24T07:38:52.050+0000][65][info ][safepoint   ] Safepoint "Cleanup", Time since last: 30110591556 ns, Reaching safepoint: 28292 ns, Cleanup: 117041 ns, At safepoint: 6834 ns, Total: 152167 ns
[2024-08-24T07:39:23.130+0000][65][info ][safepoint   ] Safepoint "Cleanup", Time since last: 31080452764 ns, Reaching safepoint: 127791 ns, Cleanup: 254167 ns, At safepoint: 12125 ns, Total: 394083 ns
[2024-08-24T07:39:52.247+0000][65][info ][safepoint   ] Safepoint "Cleanup", Time since last: 29116792805 ns, Reaching safepoint: 26209 ns, Cleanup: 124083 ns, At safepoint: 6167 ns, Total: 156459 ns
[2024-08-24T07:40:51.448+0000][65][info ][safepoint   ] Safepoint "Cleanup", Time since last: 59202783861 ns, Reaching safepoint: 85750 ns, Cleanup: 245208 ns, At safepoint: 13667 ns, Total: 344625 ns
[2024-08-24T07:40:52.454+0000][65][info ][safepoint   ] Safepoint "Cleanup", Time since last: 1005734250 ns, Reaching safepoint: 31292 ns, Cleanup: 157750 ns, At safepoint: 7000 ns, Total: 196042 ns
[2024-08-24T07:41:37.615+0000][65][info ][safepoint   ] Safepoint "Cleanup", Time since last: 45161366479 ns, Reaching safepoint: 112666 ns, Cleanup: 252250 ns, At safepoint: 9584 ns, Total: 374500 ns
[2024-08-24T07:41:42.625+0000][65][info ][safepoint   ] Safepoint "Cleanup", Time since last: 5009989377 ns, Reaching safepoint: 34208 ns, Cleanup: 274834 ns, At safepoint: 10250 ns, Total: 319292 ns
[2024-08-24T07:41:52.661+0000][65][info ][safepoint   ] Safepoint "Cleanup", Time since last: 10035965546 ns, Reaching safepoint: 50750 ns, Cleanup: 172958 ns, At safepoint: 8708 ns, Total: 232416 ns
[2024-08-24T07:42:22.766+0000][65][info ][safepoint   ] Safepoint "Cleanup", Time since last: 30105550889 ns, Reaching safepoint: 127458 ns, Cleanup: 223042 ns, At safepoint: 10125 ns, Total: 360625 ns
[2024-08-24T07:43:20.978+0000][65][info ][safepoint   ] Safepoint "Cleanup", Time since last: 58212848527 ns, Reaching safepoint: 90583 ns, Cleanup: 189417 ns, At safepoint: 8542 ns, Total: 288542 ns
[2024-08-24T07:43:22.986+0000][65][info ][safepoint   ] Safepoint "Cleanup", Time since last: 2008593208 ns, Reaching safepoint: 34750 ns, Cleanup: 325584 ns, At safepoint: 11458 ns, Total: 371792 ns
[2024-08-24T07:43:45.060+0000][65][info ][safepoint   ] Safepoint "Cleanup", Time since last: 22073122552 ns, Reaching safepoint: 92959 ns, Cleanup: 183500 ns, At safepoint: 8208 ns, Total: 284667 ns
[2024-08-24T07:43:48.078+0000][65][info ][safepoint   ] Safepoint "Cleanup", Time since last: 3018123918 ns, Reaching safepoint: 28208 ns, Cleanup: 154459 ns, At safepoint: 8958 ns, Total: 191625 ns
[2024-08-24T07:45:59.560+0000][65][info ][safepoint   ] Safepoint "Cleanup", Time since last: 131485086393 ns, Reaching safepoint: 86583 ns, Cleanup: 120667 ns, At safepoint: 5916 ns, Total: 213166 ns
[2024-08-24T07:46:22.646+0000][65][info ][safepoint   ] Safepoint "Cleanup", Time since last: 23087044303 ns, Reaching safepoint: 103958 ns, Cleanup: 125583 ns, At safepoint: 8125 ns, Total: 237666 ns
[2024-08-24T07:46:52.751+0000][65][info ][safepoint   ] Safepoint "Cleanup", Time since last: 30105427139 ns, Reaching safepoint: 31167 ns, Cleanup: 251042 ns, At safepoint: 11125 ns, Total: 293334 ns
[2024-08-24T07:47:22.883+0000][65][info ][safepoint   ] Safepoint "Cleanup", Time since last: 30132144347 ns, Reaching safepoint: 107541 ns, Cleanup: 139042 ns, At safepoint: 35042 ns, Total: 281625 ns
[2024-08-24T07:48:52.241+0000][65][info ][safepoint   ] Safepoint "Cleanup", Time since last: 89360052290 ns, Reaching safepoint: 23875 ns, Cleanup: 213666 ns, At safepoint: 9334 ns, Total: 246875 ns
[2024-08-24T07:49:51.458+0000][65][info ][safepoint   ] Safepoint "Cleanup", Time since last: 59217777735 ns, Reaching safepoint: 102250 ns, Cleanup: 240417 ns, At safepoint: 22041 ns, Total: 364708 ns
[2024-08-24T07:51:13.686+0000][65][info ][safepoint   ] Safepoint "Cleanup", Time since last: 82229846579 ns, Reaching safepoint: 50792 ns, Cleanup: 192958 ns, At safepoint: 5084 ns, Total: 248834 ns
[2024-08-24T07:51:17.702+0000][65][info ][safepoint   ] Safepoint "Cleanup", Time since last: 4015398168 ns, Reaching safepoint: 146250 ns, Cleanup: 224542 ns, At safepoint: 24333 ns, Total: 395125 ns
[2024-08-24T07:52:03.872+0000][65][info ][safepoint   ] Safepoint "Cleanup", Time since last: 46170747104 ns, Reaching safepoint: 118417 ns, Cleanup: 159875 ns, At safepoint: 6750 ns, Total: 285042 ns
[2024-08-24T07:52:07.892+0000][65][info ][safepoint   ] Safepoint "Cleanup", Time since last: 4019724210 ns, Reaching safepoint: 39125 ns, Cleanup: 262458 ns, At safepoint: 10292 ns, Total: 311875 ns
[2024-08-24T07:52:22.958+0000][65][info ][safepoint   ] Safepoint "Cleanup", Time since last: 15066738049 ns, Reaching safepoint: 99625 ns, Cleanup: 313083 ns, At safepoint: 10708 ns, Total: 423416 ns
[2024-08-24T07:56:51.969+0000][65][info ][safepoint   ] Safepoint "Cleanup", Time since last: 269017368330 ns, Reaching safepoint: 212334 ns, Cleanup: 409416 ns, At safepoint: 36209 ns, Total: 657959 ns
[2024-08-24T07:56:52.975+0000][65][info ][safepoint   ] Safepoint "Cleanup", Time since last: 1005632459 ns, Reaching safepoint: 19125 ns, Cleanup: 122958 ns, At safepoint: 5042 ns, Total: 147125 ns
[2024-08-24T07:58:52.430+0000][65][info ][safepoint   ] Safepoint "Cleanup", Time since last: 119457891053 ns, Reaching safepoint: 21625 ns, Cleanup: 155750 ns, At safepoint: 6459 ns, Total: 183834 ns
[2024-08-24T08:00:22.750+0000][65][info ][safepoint   ] Safepoint "Cleanup", Time since last: 90321702165 ns, Reaching safepoint: 57834 ns, Cleanup: 69208 ns, At safepoint: 3500 ns, Total: 130542 ns
[2024-08-24T08:00:52.866+0000][65][info ][safepoint   ] Safepoint "Cleanup", Time since last: 30116741430 ns, Reaching safepoint: 122084 ns, Cleanup: 352250 ns, At safepoint: 11291 ns, Total: 485625 ns
[2024-08-24T08:01:22.959+0000][65][info ][safepoint   ] Safepoint "Cleanup", Time since last: 30103874847 ns, Reaching safepoint: 115084 ns, Cleanup: 182458 ns, At safepoint: 9417 ns, Total: 306959 ns
[2024-08-24T08:01:32.999+0000][65][info ][safepoint   ] Safepoint "Cleanup", Time since last: 10040099046 ns, Reaching safepoint: 103292 ns, Cleanup: 194750 ns, At safepoint: 15625 ns, Total: 313667 ns
[2024-08-24T08:01:53.082+0000][65][info ][safepoint   ] Safepoint "Cleanup", Time since last: 20088861384 ns, Reaching safepoint: 60500 ns, Cleanup: 137042 ns, At safepoint: 6041 ns, Total: 203583 ns
[2024-08-24T08:02:03.114+0000][65][info ][safepoint   ] Safepoint "Cleanup", Time since last: 10032037630 ns, Reaching safepoint: 106667 ns, Cleanup: 171083 ns, At safepoint: 15167 ns, Total: 292917 ns
[2024-08-24T08:03:22.437+0000][65][info ][safepoint   ] Safepoint "Cleanup", Time since last: 79325066785 ns, Reaching safepoint: 30292 ns, Cleanup: 364416 ns, At safepoint: 57709 ns, Total: 452417 ns
[2024-08-24T08:03:52.563+0000][65][info ][safepoint   ] Safepoint "Cleanup", Time since last: 30127588471 ns, Reaching safepoint: 34250 ns, Cleanup: 140709 ns, At safepoint: 6666 ns, Total: 181625 ns
[2024-08-24T08:03:58.579+0000][65][info ][safepoint   ] Safepoint "Cleanup", Time since last: 6015703587 ns, Reaching safepoint: 16500 ns, Cleanup: 130666 ns, At safepoint: 6792 ns, Total: 153958 ns
[2024-08-24T08:07:22.332+0000][65][info ][safepoint   ] Safepoint "Cleanup", Time since last: 203758907800 ns, Reaching safepoint: 109584 ns, Cleanup: 216583 ns, At safepoint: 21917 ns, Total: 348084 ns
[2024-08-24T08:07:41.400+0000][65][info ][safepoint   ] Safepoint "Cleanup", Time since last: 19067329675 ns, Reaching safepoint: 97875 ns, Cleanup: 106875 ns, At safepoint: 10375 ns, Total: 215125 ns
[2024-08-24T08:08:43.645+0000][65][info ][safepoint   ] Safepoint "Cleanup", Time since last: 62246735362 ns, Reaching safepoint: 137459 ns, Cleanup: 119250 ns, At safepoint: 6833 ns, Total: 263542 ns
[2024-08-24T08:08:51.668+0000][65][info ][safepoint   ] Safepoint "Cleanup", Time since last: 8023342503 ns, Reaching safepoint: 24125 ns, Cleanup: 252250 ns, At safepoint: 9333 ns, Total: 285708 ns
[2024-08-24T08:16:52.435+0000][65][info ][safepoint   ] Safepoint "Cleanup", Time since last: 480781300305 ns, Reaching safepoint: 40708 ns, Cleanup: 259167 ns, At safepoint: 69083 ns, Total: 368958 ns
[2024-08-24T08:17:22.570+0000][65][info ][safepoint   ] Safepoint "Cleanup", Time since last: 30135115264 ns, Reaching safepoint: 103208 ns, Cleanup: 263292 ns, At safepoint: 24125 ns, Total: 390625 ns
[2024-08-24T08:17:33.614+0000][65][info ][safepoint   ] Safepoint "Cleanup", Time since last: 11044263547 ns, Reaching safepoint: 36083 ns, Cleanup: 167875 ns, At safepoint: 7375 ns, Total: 211333 ns
[2024-08-24T08:20:51.336+0000][65][info ][safepoint   ] Safepoint "Cleanup", Time since last: 197726383549 ns, Reaching safepoint: 123958 ns, Cleanup: 144667 ns, At safepoint: 8750 ns, Total: 277375 ns
[2024-08-24T08:20:52.338+0000][65][info ][safepoint   ] Safepoint "Cleanup", Time since last: 1003316708 ns, Reaching safepoint: 24834 ns, Cleanup: 153708 ns, At safepoint: 6833 ns, Total: 185375 ns
[2024-08-24T08:20:54.351+0000][65][info ][safepoint   ] Safepoint "Cleanup", Time since last: 2012203459 ns, Reaching safepoint: 32417 ns, Cleanup: 121333 ns, At safepoint: 6750 ns, Total: 160500 ns
[2024-08-24T08:21:52.602+0000][65][info ][safepoint   ] Safepoint "Cleanup", Time since last: 58252832444 ns, Reaching safepoint: 26333 ns, Cleanup: 155417 ns, At safepoint: 6042 ns, Total: 187792 ns
[2024-08-24T08:22:22.744+0000][65][info ][safepoint   ] Safepoint "Cleanup", Time since last: 30142815138 ns, Reaching safepoint: 28667 ns, Cleanup: 115167 ns, At safepoint: 6750 ns, Total: 150584 ns
[2024-08-24T08:22:52.866+0000][65][info ][safepoint   ] Safepoint "Cleanup", Time since last: 30122817221 ns, Reaching safepoint: 34792 ns, Cleanup: 158375 ns, At safepoint: 77625 ns, Total: 270792 ns
[2024-08-24T08:23:13.961+0000][65][info ][safepoint   ] Safepoint "Cleanup", Time since last: 21094526093 ns, Reaching safepoint: 112000 ns, Cleanup: 163167 ns, At safepoint: 8042 ns, Total: 283209 ns
[2024-08-24T08:23:33.501+0000][65][info ][gc,start    ] GC(17) Pause Young (Prepare Mixed) (G1 Evacuation Pause)
[2024-08-24T08:23:33.503+0000][65][info ][gc,task     ] GC(17) Using 8 workers of 8 for evacuation
[2024-08-24T08:23:33.503+0000][65][debug][gc,age      ] GC(17) Desired survivor size 20971520 bytes, new threshold 3 (max threshold 15)
[2024-08-24T08:23:33.576+0000][65][info ][gc,phases   ] GC(17)   Pre Evacuate Collection Set: 0.8ms
[2024-08-24T08:23:33.576+0000][65][info ][gc,phases   ] GC(17)   Merge Heap Roots: 0.3ms
[2024-08-24T08:23:33.576+0000][65][info ][gc,phases   ] GC(17)   Evacuate Collection Set: 67.9ms
[2024-08-24T08:23:33.576+0000][65][info ][gc,phases   ] GC(17)   Post Evacuate Collection Set: 3.3ms
[2024-08-24T08:23:33.576+0000][65][info ][gc,phases   ] GC(17)   Other: 0.7ms
[2024-08-24T08:23:33.577+0000][65][trace][gc,age      ] GC(17) Age table with threshold 3 (max threshold 15)
[2024-08-24T08:23:33.577+0000][65][trace][gc,age      ] GC(17) - age   1:   11308064 bytes,   11308064 total
[2024-08-24T08:23:33.577+0000][65][trace][gc,age      ] GC(17) - age   2:   13353760 bytes,   24661824 total
[2024-08-24T08:23:33.577+0000][65][trace][gc,age      ] GC(17) - age   3:    1904360 bytes,   26566184 total
[2024-08-24T08:23:33.577+0000][65][info ][gc,heap     ] GC(17) Eden regions: 70->0(69)
[2024-08-24T08:23:33.577+0000][65][info ][gc,heap     ] GC(17) Survivor regions: 6->7(10)
[2024-08-24T08:23:33.577+0000][65][info ][gc,heap     ] GC(17) Old regions: 13->14
[2024-08-24T08:23:33.577+0000][65][info ][gc,heap     ] GC(17) Archive regions: 2->2
[2024-08-24T08:23:33.577+0000][65][info ][gc,heap     ] GC(17) Humongous regions: 0->0
[2024-08-24T08:23:33.577+0000][65][info ][gc,metaspace] GC(17) Metaspace: 115453K(118720K)->115453K(118720K) NonClass: 99737K(101504K)->99737K(101504K) Class: 15715K(17216K)->15715K(17216K)
[2024-08-24T08:23:33.577+0000][65][info ][gc          ] GC(17) Pause Young (Prepare Mixed) (G1 Evacuation Pause) 356M->87M(512M) 76.240ms
[2024-08-24T08:23:33.577+0000][65][info ][gc,cpu      ] GC(17) User=0.54s Sys=0.00s Real=0.08s
[2024-08-24T08:23:33.578+0000][65][info ][safepoint   ] Safepoint "G1CollectForAllocation", Time since last: 19540422758 ns, Reaching safepoint: 41709 ns, Cleanup: 263041 ns, At safepoint: 76600542 ns, Total: 76905292 ns
[2024-08-24T08:23:34.588+0000][65][info ][safepoint   ] Safepoint "Cleanup", Time since last: 1009619167 ns, Reaching safepoint: 1175500 ns, Cleanup: 142709 ns, At safepoint: 20791 ns, Total: 1339000 ns
[2024-08-24T08:23:50.652+0000][65][info ][safepoint   ] Safepoint "Cleanup", Time since last: 16063652091 ns, Reaching safepoint: 29709 ns, Cleanup: 217583 ns, At safepoint: 23458 ns, Total: 270750 ns
[2024-08-24T08:24:22.767+0000][65][info ][safepoint   ] Safepoint "Cleanup", Time since last: 32115754265 ns, Reaching safepoint: 29833 ns, Cleanup: 126083 ns, At safepoint: 7042 ns, Total: 162958 ns
[2024-08-24T08:24:53.911+0000][65][info ][safepoint   ] Safepoint "Cleanup", Time since last: 31144814681 ns, Reaching safepoint: 24167 ns, Cleanup: 122333 ns, At safepoint: 7250 ns, Total: 153750 ns
[2024-08-24T08:25:23.043+0000][65][info ][safepoint   ] Safepoint "Cleanup", Time since last: 29132972180 ns, Reaching safepoint: 24292 ns, Cleanup: 118833 ns, At safepoint: 5708 ns, Total: 148833 ns
[2024-08-24T08:26:32.353+0000][65][info ][safepoint   ] Safepoint "Cleanup", Time since last: 69297294199 ns, Reaching safepoint: 30708 ns, Cleanup: 116750 ns, At safepoint: 6667 ns, Total: 154125 ns
[2024-08-24T08:27:52.720+0000][65][info ][safepoint   ] Safepoint "Cleanup", Time since last: 80368381494 ns, Reaching safepoint: 25500 ns, Cleanup: 118042 ns, At safepoint: 71833 ns, Total: 215375 ns
[2024-08-24T08:28:43.024+0000][65][info ][safepoint   ] Safepoint "Cleanup", Time since last: 50304699648 ns, Reaching safepoint: 115167 ns, Cleanup: 128958 ns, At safepoint: 7292 ns, Total: 251417 ns
[2024-08-24T08:31:22.591+0000][65][info ][safepoint   ] Safepoint "Cleanup", Time since last: 159570825907 ns, Reaching safepoint: 35292 ns, Cleanup: 175500 ns, At safepoint: 76208 ns, Total: 287000 ns
[2024-08-24T08:31:23.595+0000][65][info ][safepoint   ] Safepoint "Cleanup", Time since last: 1004255792 ns, Reaching safepoint: 29500 ns, Cleanup: 119792 ns, At safepoint: 6125 ns, Total: 155417 ns
[2024-08-24T08:32:22.822+0000][65][info ][safepoint   ] Safepoint "Cleanup", Time since last: 59228090819 ns, Reaching safepoint: 15917 ns, Cleanup: 119208 ns, At safepoint: 12459 ns, Total: 147584 ns
[2024-08-24T08:32:52.932+0000][65][info ][safepoint   ] Safepoint "Cleanup", Time since last: 30110340139 ns, Reaching safepoint: 35083 ns, Cleanup: 141833 ns, At safepoint: 7334 ns, Total: 184250 ns
[2024-08-24T08:33:53.186+0000][65][info ][safepoint   ] Safepoint "Cleanup", Time since last: 60255536861 ns, Reaching safepoint: 33125 ns, Cleanup: 179208 ns, At safepoint: 7792 ns, Total: 220125 ns
[2024-08-24T08:35:22.506+0000][65][info ][safepoint   ] Safepoint "Cleanup", Time since last: 89321906249 ns, Reaching safepoint: 32333 ns, Cleanup: 119750 ns, At safepoint: 7083 ns, Total: 159166 ns
[2024-08-24T08:35:23.510+0000][65][info ][safepoint   ] Safepoint "Cleanup", Time since last: 1004105959 ns, Reaching safepoint: 28000 ns, Cleanup: 116042 ns, At safepoint: 6083 ns, Total: 150125 ns
[2024-08-24T08:35:52.604+0000][65][info ][safepoint   ] Safepoint "Cleanup", Time since last: 29094472180 ns, Reaching safepoint: 32917 ns, Cleanup: 140125 ns, At safepoint: 6875 ns, Total: 179917 ns
[2024-08-24T08:37:22.977+0000][65][info ][safepoint   ] Safepoint "Cleanup", Time since last: 90374724375 ns, Reaching safepoint: 29167 ns, Cleanup: 273375 ns, At safepoint: 77958 ns, Total: 380500 ns
[2024-08-24T08:43:23.367+0000][65][info ][safepoint   ] Safepoint "Cleanup", Time since last: 360399234371 ns, Reaching safepoint: 17959 ns, Cleanup: 223166 ns, At safepoint: 6167 ns, Total: 247292 ns
[2024-08-24T08:58:23.481+0000][65][info ][safepoint   ] Safepoint "Cleanup", Time since last: 900108200578 ns, Reaching safepoint: 89334 ns, Cleanup: 486041 ns, At safepoint: 8584 ns, Total: 583959 ns
[2024-08-24T08:58:53.592+0000][65][info ][safepoint   ] Safepoint "Cleanup", Time since last: 30112390680 ns, Reaching safepoint: 26958 ns, Cleanup: 114292 ns, At safepoint: 7208 ns, Total: 148458 ns
[2024-08-24T09:04:53.679+0000][65][info ][safepoint   ] Safepoint "Cleanup", Time since last: 360092859250 ns, Reaching safepoint: 67583 ns, Cleanup: 163584 ns, At safepoint: 6125 ns, Total: 237292 ns
[2024-08-24T09:05:23.763+0000][65][info ][safepoint   ] Safepoint "Cleanup", Time since last: 30083932680 ns, Reaching safepoint: 28833 ns, Cleanup: 306917 ns, At safepoint: 10166 ns, Total: 345916 ns
[2024-08-24T09:05:52.871+0000][65][info ][safepoint   ] Safepoint "Cleanup", Time since last: 29108763638 ns, Reaching safepoint: 92625 ns, Cleanup: 455375 ns, At safepoint: 11667 ns, Total: 559667 ns
[2024-08-24T09:05:53.874+0000][65][info ][safepoint   ] Safepoint "Cleanup", Time since last: 1002972584 ns, Reaching safepoint: 15583 ns, Cleanup: 66750 ns, At safepoint: 3500 ns, Total: 85833 ns
[2024-08-24T09:06:53.007+0000][65][info ][safepoint   ] Safepoint "Cleanup", Time since last: 59133050151 ns, Reaching safepoint: 31667 ns, Cleanup: 119292 ns, At safepoint: 7375 ns, Total: 158334 ns
[2024-08-24T09:06:54.011+0000][65][info ][safepoint   ] Safepoint "Cleanup", Time since last: 1004485417 ns, Reaching safepoint: 30250 ns, Cleanup: 122083 ns, At safepoint: 6500 ns, Total: 158833 ns
[2024-08-24T09:07:23.091+0000][65][info ][safepoint   ] Safepoint "Cleanup", Time since last: 29079206722 ns, Reaching safepoint: 28416 ns, Cleanup: 1004542 ns, At safepoint: 68875 ns, Total: 1101833 ns
[2024-08-24T09:13:52.489+0000][65][info ][safepoint   ] Safepoint "Cleanup", Time since last: 389399207676 ns, Reaching safepoint: 34208 ns, Cleanup: 224333 ns, At safepoint: 13000 ns, Total: 271541 ns
[2024-08-24T09:29:08.589+0000][65][info ][safepoint   ] Safepoint "Cleanup", Time since last: 584724659766 ns, Reaching safepoint: 86708 ns, Cleanup: 605417 ns, At safepoint: 10875 ns, Total: 703000 ns
[2024-08-24T09:30:08.844+0000][65][info ][safepoint   ] Safepoint "Cleanup", Time since last: 60256058777 ns, Reaching safepoint: 91625 ns, Cleanup: 188583 ns, At safepoint: 9000 ns, Total: 289208 ns
[2024-08-24T09:38:23.757+0000][65][info ][safepoint   ] Safepoint "Cleanup", Time since last: 494920730060 ns, Reaching safepoint: 72375 ns, Cleanup: 74375 ns, At safepoint: 3875 ns, Total: 150625 ns
[2024-08-24T09:42:23.823+0000][65][info ][safepoint   ] Safepoint "Cleanup", Time since last: 240069675526 ns, Reaching safepoint: 177083 ns, Cleanup: 336667 ns, At safepoint: 29000 ns, Total: 542750 ns
[2024-08-24T09:45:23.085+0000][65][info ][safepoint   ] Safepoint "Cleanup", Time since last: 179264619290 ns, Reaching safepoint: 64083 ns, Cleanup: 215667 ns, At safepoint: 85167 ns, Total: 364917 ns
[2024-08-24T09:45:25.100+0000][65][info ][safepoint   ] Safepoint "Cleanup", Time since last: 2015578084 ns, Reaching safepoint: 38958 ns, Cleanup: 144833 ns, At safepoint: 6500 ns, Total: 190291 ns
[2024-08-24T11:15:05.055+0000][65][info ][safepoint   ] Safepoint "Cleanup", Time since last: 330153695943 ns, Reaching safepoint: 218375 ns, Cleanup: 131291 ns, At safepoint: 81792 ns, Total: 431458 ns
[2024-08-24T11:42:26.500+0000][65][info ][safepoint   ] Safepoint "Cleanup", Time since last: 109771885341 ns, Reaching safepoint: 29125 ns, Cleanup: 132959 ns, At safepoint: 6666 ns, Total: 168750 ns
[2024-08-24T11:44:05.049+0000][65][info ][safepoint   ] Safepoint "Cleanup", Time since last: 98551240545 ns, Reaching safepoint: 23000 ns, Cleanup: 161084 ns, At safepoint: 70750 ns, Total: 254834 ns
[2024-08-24T12:02:12.171+0000][65][info ][safepoint   ] Safepoint "Cleanup", Time since last: 56040324109 ns, Reaching safepoint: 2125 ns, Cleanup: 127666 ns, At safepoint: 8292 ns, Total: 138083 ns
[2024-08-24T12:02:12.217+0000][65][info ][safepoint   ] Safepoint "ICBufferFull", Time since last: 45753458 ns, Reaching safepoint: 5125 ns, Cleanup: 156000 ns, At safepoint: 5250 ns, Total: 166375 ns
[2024-08-24T12:02:12.426+0000][65][info ][safepoint   ] Safepoint "ICBufferFull", Time since last: 209087292 ns, Reaching safepoint: 4792 ns, Cleanup: 135583 ns, At safepoint: 5292 ns, Total: 145667 ns
[2024-08-24T12:02:14.309+0000][65][info ][safepoint   ] Safepoint "Cleanup", Time since last: 1882617209 ns, Reaching safepoint: 88000 ns, Cleanup: 281542 ns, At safepoint: 22375 ns, Total: 391917 ns
[2024-08-24T12:02:15.312+0000][65][info ][safepoint   ] Safepoint "Cleanup", Time since last: 1002155167 ns, Reaching safepoint: 31208 ns, Cleanup: 232833 ns, At safepoint: 62959 ns, Total: 327000 ns
[2024-08-24T12:02:16.316+0000][65][info ][safepoint   ] Safepoint "Cleanup", Time since last: 1004335875 ns, Reaching safepoint: 33500 ns, Cleanup: 128375 ns, At safepoint: 7375 ns, Total: 169250 ns
[2024-08-24T12:02:17.312+0000][65][info ][safepoint   ] Safepoint "Cleanup", Time since last: 1007589750 ns, Reaching safepoint: 1355125 ns, Cleanup: 119250 ns, At safepoint: 23333 ns, Total: 1497708 ns
[2024-08-24T12:02:18.316+0000][65][info ][safepoint   ] Safepoint "Cleanup", Time since last: 1002937334 ns, Reaching safepoint: 686917 ns, Cleanup: 237458 ns, At safepoint: 20875 ns, Total: 945250 ns
[2024-08-24T12:02:29.494+0000][65][info ][safepoint   ] Safepoint "Cleanup", Time since last: 11178586005 ns, Reaching safepoint: 33417 ns, Cleanup: 204958 ns, At safepoint: 10292 ns, Total: 248667 ns
[2024-08-24T12:02:42.561+0000][65][info ][safepoint   ] Safepoint "Cleanup", Time since last: 13065933464 ns, Reaching safepoint: 34834 ns, Cleanup: 126416 ns, At safepoint: 6834 ns, Total: 168084 ns
[2024-08-24T12:18:32.449+0000][65][info ][safepoint   ] Safepoint "Cleanup", Time since last: 5028260002 ns, Reaching safepoint: 121916 ns, Cleanup: 113584 ns, At safepoint: 6291 ns, Total: 241791 ns
[2024-08-24T12:18:57.623+0000][65][info ][safepoint   ] Safepoint "Cleanup", Time since last: 25173793304 ns, Reaching safepoint: 40500 ns, Cleanup: 115208 ns, At safepoint: 11125 ns, Total: 166833 ns
[2024-08-24T12:19:02.637+0000][65][info ][safepoint   ] Safepoint "Cleanup", Time since last: 5014485544 ns, Reaching safepoint: 117750 ns, Cleanup: 124042 ns, At safepoint: 15958 ns, Total: 257750 ns
[2024-08-24T12:19:13.833+0000][65][info ][safepoint   ] Safepoint "Cleanup", Time since last: 11196090797 ns, Reaching safepoint: 36750 ns, Cleanup: 254917 ns, At safepoint: 10875 ns, Total: 302542 ns
[2024-08-24T12:35:07.546+0000][65][info ][safepoint   ] Safepoint "Cleanup", Time since last: 40241299060 ns, Reaching safepoint: 118958 ns, Cleanup: 126625 ns, At safepoint: 7208 ns, Total: 252791 ns
[2024-08-24T12:35:11.568+0000][65][info ][safepoint   ] Safepoint "Cleanup", Time since last: 4020727752 ns, Reaching safepoint: 1060792 ns, Cleanup: 274083 ns, At safepoint: 30292 ns, Total: 1365167 ns
[2024-08-24T12:35:19.591+0000][65][info ][safepoint   ] Safepoint "Cleanup", Time since last: 8025434545 ns, Reaching safepoint: 108083 ns, Cleanup: 149792 ns, At safepoint: 7333 ns, Total: 265208 ns
[2024-08-24T12:44:16.190+0000][65][info ][safepoint   ] Safepoint "Cleanup", Time since last: 176801722665 ns, Reaching safepoint: 47375 ns, Cleanup: 370583 ns, At safepoint: 14417 ns, Total: 432375 ns
[2024-08-24T12:44:17.195+0000][65][info ][safepoint   ] Safepoint "Cleanup", Time since last: 1004480459 ns, Reaching safepoint: 36417 ns, Cleanup: 114333 ns, At safepoint: 9917 ns, Total: 160667 ns
[2024-08-24T12:44:19.216+0000][65][info ][safepoint   ] Safepoint "Cleanup", Time since last: 2020900417 ns, Reaching safepoint: 39792 ns, Cleanup: 172625 ns, At safepoint: 10792 ns, Total: 223209 ns
[2024-08-24T13:01:35.948+0000][65][info ][safepoint   ] Safepoint "Cleanup", Time since last: 94564868251 ns, Reaching safepoint: 127542 ns, Cleanup: 141125 ns, At safepoint: 9583 ns, Total: 278250 ns
[2024-08-24T13:03:02.478+0000][65][info ][safepoint   ] Safepoint "Cleanup", Time since last: 86532661997 ns, Reaching safepoint: 128083 ns, Cleanup: 120750 ns, At safepoint: 6292 ns, Total: 255125 ns
[2024-08-24T13:38:42.498+0000][65][info ][safepoint   ] Safepoint "Cleanup", Time since last: 267813066247 ns, Reaching safepoint: 135792 ns, Cleanup: 102458 ns, At safepoint: 6750 ns, Total: 245000 ns
[2024-08-24T13:45:28.244+0000][65][info ][safepoint   ] Safepoint "Cleanup", Time since last: 147718396485 ns, Reaching safepoint: 25042 ns, Cleanup: 148541 ns, At safepoint: 6834 ns, Total: 180417 ns
[2024-08-24T13:45:51.396+0000][65][info ][safepoint   ] Safepoint "Cleanup", Time since last: 23152378969 ns, Reaching safepoint: 121875 ns, Cleanup: 102625 ns, At safepoint: 12875 ns, Total: 237375 ns
[2024-08-24T13:45:53.404+0000][65][info ][safepoint   ] Safepoint "Cleanup", Time since last: 2007660876 ns, Reaching safepoint: 30625 ns, Cleanup: 205750 ns, At safepoint: 10708 ns, Total: 247083 ns
[2024-08-24T13:45:58.422+0000][65][info ][safepoint   ] Safepoint "Cleanup", Time since last: 5018540044 ns, Reaching safepoint: 34000 ns, Cleanup: 119125 ns, At safepoint: 8458 ns, Total: 161583 ns
[2024-08-24T14:04:50.930+0000][65][info ][safepoint   ] Safepoint "Cleanup", Time since last: 120000740514 ns, Reaching safepoint: 118208 ns, Cleanup: 214542 ns, At safepoint: 24916 ns, Total: 357666 ns
[2024-08-24T14:14:42.329+0000][65][info ][safepoint   ] Safepoint "Cleanup", Time since last: 90604481708 ns, Reaching safepoint: 35000 ns, Cleanup: 112791 ns, At safepoint: 9834 ns, Total: 157625 ns
[2024-08-24T14:15:41.735+0000][65][info ][safepoint   ] Safepoint "Cleanup", Time since last: 59406868610 ns, Reaching safepoint: 32500 ns, Cleanup: 122458 ns, At safepoint: 6042 ns, Total: 161000 ns
[2024-08-24T14:16:06.951+0000][65][info ][safepoint   ] Safepoint "Cleanup", Time since last: 25215521637 ns, Reaching safepoint: 100875 ns, Cleanup: 274583 ns, At safepoint: 26334 ns, Total: 401792 ns
[2024-08-24T14:16:11.992+0000][65][info ][safepoint   ] Safepoint "Cleanup", Time since last: 5041949126 ns, Reaching safepoint: 22459 ns, Cleanup: 211333 ns, At safepoint: 9458 ns, Total: 243250 ns
[2024-08-24T14:16:36.369+0000][65][info ][safepoint   ] Safepoint "Cleanup", Time since last: 24376378179 ns, Reaching safepoint: 19875 ns, Cleanup: 597541 ns, At safepoint: 9875 ns, Total: 627291 ns
[2024-08-24T14:32:02.234+0000][65][info ][safepoint   ] Safepoint "Cleanup", Time since last: 6041325253 ns, Reaching safepoint: 96708 ns, Cleanup: 121292 ns, At safepoint: 7042 ns, Total: 225042 ns
[2024-08-24T14:45:38.976+0000][65][info ][safepoint   ] Safepoint "Cleanup", Time since last: 177958191706 ns, Reaching safepoint: 53375 ns, Cleanup: 128542 ns, At safepoint: 7916 ns, Total: 189833 ns
[2024-08-24T15:11:55.372+0000][65][info ][safepoint   ] Safepoint "Cleanup", Time since last: 482224375595 ns, Reaching safepoint: 478583 ns, Cleanup: 539500 ns, At safepoint: 46333 ns, Total: 1064416 ns
[2024-08-24T15:12:52.521+0000][65][info ][safepoint   ] Safepoint "Cleanup", Time since last: 57150198027 ns, Reaching safepoint: 173083 ns, Cleanup: 111250 ns, At safepoint: 13750 ns, Total: 298083 ns
[2024-08-24T15:14:06.690+0000][65][info ][safepoint   ] Safepoint "Cleanup", Time since last: 74171142826 ns, Reaching safepoint: 28291 ns, Cleanup: 117834 ns, At safepoint: 5958 ns, Total: 152083 ns
[2024-08-24T15:14:24.738+0000][65][info ][safepoint   ] Safepoint "Cleanup", Time since last: 18048593258 ns, Reaching safepoint: 45625 ns, Cleanup: 75667 ns, At safepoint: 3500 ns, Total: 124792 ns
[2024-08-24T15:14:52.823+0000][65][info ][safepoint   ] Safepoint "Cleanup", Time since last: 28084938180 ns, Reaching safepoint: 35833 ns, Cleanup: 131375 ns, At safepoint: 78042 ns, Total: 245250 ns
[2024-08-24T15:16:51.215+0000][65][info ][safepoint   ] Safepoint "Cleanup", Time since last: 118394727303 ns, Reaching safepoint: 302792 ns, Cleanup: 438917 ns, At safepoint: 34000 ns, Total: 775709 ns
[2024-08-24T15:16:53.220+0000][65][info ][safepoint   ] Safepoint "Cleanup", Time since last: 2004497792 ns, Reaching safepoint: 38834 ns, Cleanup: 313791 ns, At safepoint: 10084 ns, Total: 362709 ns
[2024-08-24T15:17:25.320+0000][65][info ][safepoint   ] Safepoint "Cleanup", Time since last: 32101847305 ns, Reaching safepoint: 118750 ns, Cleanup: 154709 ns, At safepoint: 12041 ns, Total: 285500 ns
[2024-08-24T15:18:46.596+0000][65][info ][safepoint   ] Safepoint "Cleanup", Time since last: 81277337413 ns, Reaching safepoint: 145208 ns, Cleanup: 112458 ns, At safepoint: 17042 ns, Total: 274708 ns
[2024-08-24T15:21:25.233+0000][65][info ][safepoint   ] Safepoint "Cleanup", Time since last: 158642052531 ns, Reaching safepoint: 177583 ns, Cleanup: 492459 ns, At safepoint: 27000 ns, Total: 697042 ns
[2024-08-24T15:25:07.030+0000][65][info ][safepoint   ] Safepoint "Cleanup", Time since last: 221803138311 ns, Reaching safepoint: 131541 ns, Cleanup: 165875 ns, At safepoint: 7834 ns, Total: 305250 ns
[2024-08-24T15:38:55.294+0000][65][info ][safepoint   ] Safepoint "Cleanup", Time since last: 828288184461 ns, Reaching safepoint: 17250 ns, Cleanup: 79625 ns, At safepoint: 4625 ns, Total: 101500 ns
[2024-08-24T15:43:52.152+0000][65][info ][gc,start    ] GC(18) Pause Young (Mixed) (G1 Evacuation Pause)
[2024-08-24T15:43:52.153+0000][65][info ][gc,task     ] GC(18) Using 8 workers of 8 for evacuation
[2024-08-24T15:43:52.153+0000][65][debug][gc,age      ] GC(18) Desired survivor size 20971520 bytes, new threshold 2 (max threshold 15)
[2024-08-24T15:43:52.220+0000][65][info ][gc,phases   ] GC(18)   Pre Evacuate Collection Set: 0.8ms
[2024-08-24T15:43:52.220+0000][65][info ][gc,phases   ] GC(18)   Merge Heap Roots: 0.4ms
[2024-08-24T15:43:52.221+0000][65][info ][gc,phases   ] GC(18)   Evacuate Collection Set: 60.6ms
[2024-08-24T15:43:52.221+0000][65][info ][gc,phases   ] GC(18)   Post Evacuate Collection Set: 4.6ms
[2024-08-24T15:43:52.221+0000][65][info ][gc,phases   ] GC(18)   Other: 0.7ms
[2024-08-24T15:43:52.221+0000][65][trace][gc,age      ] GC(18) Age table with threshold 2 (max threshold 15)
[2024-08-24T15:43:52.221+0000][65][trace][gc,age      ] GC(18) - age   1:    1024352 bytes,    1024352 total
[2024-08-24T15:43:52.221+0000][65][trace][gc,age      ] GC(18) - age   2:   10701600 bytes,   11725952 total
[2024-08-24T15:43:52.221+0000][65][info ][gc,heap     ] GC(18) Eden regions: 69->0(72)
[2024-08-24T15:43:52.221+0000][65][info ][gc,heap     ] GC(18) Survivor regions: 7->4(10)
[2024-08-24T15:43:52.221+0000][65][info ][gc,heap     ] GC(18) Old regions: 14->18
[2024-08-24T15:43:52.221+0000][65][info ][gc,heap     ] GC(18) Archive regions: 2->2
[2024-08-24T15:43:52.221+0000][65][info ][gc,heap     ] GC(18) Humongous regions: 0->0
[2024-08-24T15:43:52.221+0000][65][info ][gc,metaspace] GC(18) Metaspace: 118593K(121920K)->118593K(121920K) NonClass: 102490K(104320K)->102490K(104320K) Class: 16102K(17600K)->16102K(17600K)
[2024-08-24T15:43:52.222+0000][65][info ][gc          ] GC(18) Pause Young (Mixed) (G1 Evacuation Pause) 363M->88M(512M) 69.983ms
[2024-08-24T15:43:52.222+0000][65][info ][gc,cpu      ] GC(18) User=0.49s Sys=0.00s Real=0.07s
[2024-08-24T15:43:52.222+0000][65][info ][safepoint   ] Safepoint "G1CollectForAllocation", Time since last: 296864895469 ns, Reaching safepoint: 21000 ns, Cleanup: 132334 ns, At safepoint: 70360500 ns, Total: 70513834 ns
[2024-08-24T15:57:41.050+0000][65][info ][safepoint   ] Safepoint "Cleanup", Time since last: 828828690000 ns, Reaching safepoint: 251750 ns, Cleanup: 341167 ns, At safepoint: 23833 ns, Total: 616750 ns
[2024-08-24T15:57:50.092+0000][65][info ][safepoint   ] Safepoint "Cleanup", Time since last: 9041755380 ns, Reaching safepoint: 22416 ns, Cleanup: 151125 ns, At safepoint: 8584 ns, Total: 182125 ns
[2024-08-24T16:03:20.319+0000][65][info ][safepoint   ] Safepoint "Cleanup", Time since last: 330234568567 ns, Reaching safepoint: 109125 ns, Cleanup: 108292 ns, At safepoint: 10750 ns, Total: 228167 ns
[2024-08-24T16:04:25.522+0000][65][info ][safepoint   ] Safepoint "Cleanup", Time since last: 65204795779 ns, Reaching safepoint: 125666 ns, Cleanup: 122375 ns, At safepoint: 10417 ns, Total: 258458 ns
[2024-08-24T16:04:55.599+0000][65][info ][safepoint   ] Safepoint "Cleanup", Time since last: 30077663763 ns, Reaching safepoint: 34792 ns, Cleanup: 220750 ns, At safepoint: 9333 ns, Total: 264875 ns
[2024-08-24T16:05:50.727+0000][65][info ][safepoint   ] Safepoint "Cleanup", Time since last: 55128784609 ns, Reaching safepoint: 56375 ns, Cleanup: 109875 ns, At safepoint: 10167 ns, Total: 176417 ns
[2024-08-24T16:22:25.510+0000][65][info ][safepoint   ] Safepoint "Cleanup", Time since last: 994797676287 ns, Reaching safepoint: 208500 ns, Cleanup: 519833 ns, At safepoint: 11542 ns, Total: 739875 ns
[2024-08-24T16:51:55.619+0000][65][info ][safepoint   ] Safepoint "Cleanup", Time since last: 1770187381599 ns, Reaching safepoint: 263583 ns, Cleanup: 777292 ns, At safepoint: 38917 ns, Total: 1079792 ns
[2024-08-24T17:04:26.135+0000][65][info ][safepoint   ] Safepoint "Cleanup", Time since last: 750529611092 ns, Reaching safepoint: 265833 ns, Cleanup: 224542 ns, At safepoint: 23500 ns, Total: 513875 ns
[2024-08-24T17:14:33.060+0000][65][info ][safepoint   ] Safepoint "Cleanup", Time since last: 234617116566 ns, Reaching safepoint: 275791 ns, Cleanup: 299875 ns, At safepoint: 74084 ns, Total: 649750 ns
[2024-08-24T17:14:38.078+0000][65][info ][safepoint   ] Safepoint "Cleanup", Time since last: 5018103085 ns, Reaching safepoint: 38916 ns, Cleanup: 115125 ns, At safepoint: 5959 ns, Total: 160000 ns
[2024-08-24T17:15:08.150+0000][65][info ][safepoint   ] Safepoint "Cleanup", Time since last: 30072447597 ns, Reaching safepoint: 34500 ns, Cleanup: 255625 ns, At safepoint: 11500 ns, Total: 301625 ns
[2024-08-24T17:16:03.337+0000][65][info ][safepoint   ] Safepoint "Cleanup", Time since last: 55187312901 ns, Reaching safepoint: 68541 ns, Cleanup: 209167 ns, At safepoint: 20292 ns, Total: 298000 ns
[2024-08-24T17:28:42.912+0000][65][info ][safepoint   ] Safepoint "Cleanup", Time since last: 759596685346 ns, Reaching safepoint: 286750 ns, Cleanup: 535834 ns, At safepoint: 11250 ns, Total: 833834 ns
[2024-08-24T17:29:09.004+0000][65][info ][safepoint   ] Safepoint "Cleanup", Time since last: 26092001594 ns, Reaching safepoint: 81292 ns, Cleanup: 154042 ns, At safepoint: 14250 ns, Total: 249584 ns
[2024-08-24T17:31:08.460+0000][65][info ][safepoint   ] Safepoint "Cleanup", Time since last: 119459117012 ns, Reaching safepoint: 30167 ns, Cleanup: 155792 ns, At safepoint: 7583 ns, Total: 193542 ns
[2024-08-24T17:51:15.833+0000][65][info ][safepoint   ] Safepoint "Cleanup", Time since last: 1207419298007 ns, Reaching safepoint: 319459 ns, Cleanup: 634416 ns, At safepoint: 10792 ns, Total: 964667 ns
[2024-08-24T17:55:05.947+0000][65][info ][safepoint   ] Safepoint "Cleanup", Time since last: 230119563730 ns, Reaching safepoint: 36916 ns, Cleanup: 119375 ns, At safepoint: 75917 ns, Total: 232208 ns
[2024-08-24T17:59:05.777+0000][65][info ][safepoint   ] Safepoint "Cleanup", Time since last: 239837693567 ns, Reaching safepoint: 107209 ns, Cleanup: 153000 ns, At safepoint: 13000 ns, Total: 273209 ns
[2024-08-24T18:00:00.859+0000][65][info ][safepoint   ] Safepoint "Cleanup", Time since last: 55083818191 ns, Reaching safepoint: 3500 ns, Cleanup: 146750 ns, At safepoint: 9167 ns, Total: 159417 ns
[2024-08-24T18:00:01.141+0000][65][info ][safepoint   ] Safepoint "ICBufferFull", Time since last: 282212125 ns, Reaching safepoint: 6125 ns, Cleanup: 180458 ns, At safepoint: 8583 ns, Total: 195166 ns
[2024-08-24T18:00:02.947+0000][65][info ][safepoint   ] Safepoint "Cleanup", Time since last: 1805268668 ns, Reaching safepoint: 33750 ns, Cleanup: 239250 ns, At safepoint: 5667 ns, Total: 278667 ns
[2024-08-24T18:05:06.104+0000][65][info ][safepoint   ] Safepoint "Cleanup", Time since last: 303164572929 ns, Reaching safepoint: 277542 ns, Cleanup: 551875 ns, At safepoint: 10875 ns, Total: 840292 ns
[2024-08-24T18:12:36.511+0000][65][info ][safepoint   ] Safepoint "Cleanup", Time since last: 450420990202 ns, Reaching safepoint: 208041 ns, Cleanup: 183042 ns, At safepoint: 10042 ns, Total: 401125 ns
[2024-08-24T18:12:38.521+0000][65][info ][safepoint   ] Safepoint "Cleanup", Time since last: 2009491125 ns, Reaching safepoint: 41708 ns, Cleanup: 137750 ns, At safepoint: 8542 ns, Total: 188000 ns
[2024-08-24T18:13:56.775+0000][65][info ][safepoint   ] Safepoint "Cleanup", Time since last: 78256007453 ns, Reaching safepoint: 110042 ns, Cleanup: 181083 ns, At safepoint: 13958 ns, Total: 305083 ns
[2024-08-24T18:18:01.495+0000][65][info ][safepoint   ] Safepoint "Cleanup", Time since last: 244727495446 ns, Reaching safepoint: 126000 ns, Cleanup: 171000 ns, At safepoint: 18250 ns, Total: 315250 ns
[2024-08-24T18:19:08.782+0000][65][info ][safepoint   ] Safepoint "Cleanup", Time since last: 67288913656 ns, Reaching safepoint: 121583 ns, Cleanup: 153458 ns, At safepoint: 8459 ns, Total: 283500 ns
[2024-08-24T18:35:48.516+0000][65][info ][gc,start    ] GC(19) Pause Young (Normal) (G1 Evacuation Pause)
[2024-08-24T18:35:48.519+0000][65][info ][gc,task     ] GC(19) Using 8 workers of 8 for evacuation
[2024-08-24T18:35:48.519+0000][65][debug][gc,age      ] GC(19) Desired survivor size 20971520 bytes, new threshold 15 (max threshold 15)
[2024-08-24T18:35:48.579+0000][65][info ][gc,phases   ] GC(19)   Pre Evacuate Collection Set: 3.7ms
[2024-08-24T18:35:48.579+0000][65][info ][gc,phases   ] GC(19)   Merge Heap Roots: 0.8ms
[2024-08-24T18:35:48.580+0000][65][info ][gc,phases   ] GC(19)   Evacuate Collection Set: 49.3ms
[2024-08-24T18:35:48.580+0000][65][info ][gc,phases   ] GC(19)   Post Evacuate Collection Set: 6.1ms
[2024-08-24T18:35:48.580+0000][65][info ][gc,phases   ] GC(19)   Other: 0.6ms
[2024-08-24T18:35:48.580+0000][65][trace][gc,age      ] GC(19) Age table with threshold 15 (max threshold 15)
[2024-08-24T18:35:48.580+0000][65][trace][gc,age      ] GC(19) - age   1:     438488 bytes,     438488 total
[2024-08-24T18:35:48.580+0000][65][trace][gc,age      ] GC(19) - age   2:     625000 bytes,    1063488 total
[2024-08-24T18:35:48.580+0000][65][trace][gc,age      ] GC(19) - age   3:   10700080 bytes,   11763568 total
[2024-08-24T18:35:48.580+0000][65][info ][gc,heap     ] GC(19) Eden regions: 72->0(72)
[2024-08-24T18:35:48.580+0000][65][info ][gc,heap     ] GC(19) Survivor regions: 4->4(10)
[2024-08-24T18:35:48.580+0000][65][info ][gc,heap     ] GC(19) Old regions: 18->18
[2024-08-24T18:35:48.580+0000][65][info ][gc,heap     ] GC(19) Archive regions: 2->2
[2024-08-24T18:35:48.580+0000][65][info ][gc,heap     ] GC(19) Humongous regions: 0->0
[2024-08-24T18:35:48.580+0000][65][info ][gc,metaspace] GC(19) Metaspace: 118929K(122304K)->118929K(122304K) NonClass: 102826K(104640K)->102826K(104640K) Class: 16103K(17664K)->16103K(17664K)
[2024-08-24T18:35:48.580+0000][65][info ][gc          ] GC(19) Pause Young (Normal) (G1 Evacuation Pause) 376M->87M(512M) 64.185ms
[2024-08-24T18:35:48.580+0000][65][info ][gc,cpu      ] GC(19) User=0.39s Sys=0.00s Real=0.07s
[2024-08-24T18:35:48.580+0000][65][info ][safepoint   ] Safepoint "G1CollectForAllocation", Time since last: 999737197831 ns, Reaching safepoint: 195542 ns, Cleanup: 424916 ns, At safepoint: 64510001 ns, Total: 65130459 ns
[2024-08-24T18:57:07.743+0000][65][info ][safepoint   ] Safepoint "Cleanup", Time since last: 1279209232203 ns, Reaching safepoint: 466875 ns, Cleanup: 572875 ns, At safepoint: 31083 ns, Total: 1070833 ns
[2024-08-24T19:00:01.599+0000][65][info ][safepoint   ] Safepoint "Cleanup", Time since last: 173860856663 ns, Reaching safepoint: 102708 ns, Cleanup: 125625 ns, At safepoint: 26584 ns, Total: 254917 ns
[2024-08-24T20:19:48.196+0000][65][info ][safepoint   ] Safepoint "Cleanup", Time since last: 787642476441 ns, Reaching safepoint: 231500 ns, Cleanup: 515583 ns, At safepoint: 9459 ns, Total: 756542 ns
[2024-08-24T20:31:56.783+0000][65][info ][safepoint   ] Safepoint "Cleanup", Time since last: 262639416411 ns, Reaching safepoint: 127250 ns, Cleanup: 128833 ns, At safepoint: 17250 ns, Total: 273333 ns
[2024-08-24T20:36:25.389+0000][65][info ][safepoint   ] Safepoint "Cleanup", Time since last: 208736570136 ns, Reaching safepoint: 141834 ns, Cleanup: 126750 ns, At safepoint: 15916 ns, Total: 284500 ns
[2024-08-24T20:39:09.975+0000][65][info ][safepoint   ] Safepoint "Cleanup", Time since last: 104807471589 ns, Reaching safepoint: 135291 ns, Cleanup: 153500 ns, At safepoint: 7459 ns, Total: 296250 ns
[2024-08-24T20:39:34.103+0000][65][info ][safepoint   ] Safepoint "Cleanup", Time since last: 24127173678 ns, Reaching safepoint: 98041 ns, Cleanup: 158584 ns, At safepoint: 8000 ns, Total: 264625 ns
[2024-08-24T20:55:02.521+0000][65][info ][safepoint   ] Safepoint "Cleanup", Time since last: 30319015262 ns, Reaching safepoint: 338125 ns, Cleanup: 378459 ns, At safepoint: 28666 ns, Total: 745250 ns
[2024-08-24T20:59:55.211+0000][65][info ][safepoint   ] Safepoint "Cleanup", Time since last: 292673910759 ns, Reaching safepoint: 144917 ns, Cleanup: 151541 ns, At safepoint: 10625 ns, Total: 307083 ns
[2024-08-24T21:04:28.378+0000][65][info ][safepoint   ] Safepoint "Cleanup", Time since last: 273170786001 ns, Reaching safepoint: 112208 ns, Cleanup: 135500 ns, At safepoint: 14709 ns, Total: 262417 ns
[2024-08-24T21:05:33.760+0000][65][info ][safepoint   ] Safepoint "Cleanup", Time since last: 65383764861 ns, Reaching safepoint: 121084 ns, Cleanup: 289375 ns, At safepoint: 10791 ns, Total: 421250 ns
[2024-08-24T21:10:54.527+0000][65][info ][safepoint   ] Safepoint "Cleanup", Time since last: 320770629313 ns, Reaching safepoint: 188792 ns, Cleanup: 543875 ns, At safepoint: 19041 ns, Total: 751708 ns
[2024-08-24T21:11:02.587+0000][65][info ][safepoint   ] Safepoint "Cleanup", Time since last: 8060849295 ns, Reaching safepoint: 36500 ns, Cleanup: 127583 ns, At safepoint: 7584 ns, Total: 171667 ns
[2024-08-24T21:33:20.882+0000][65][info ][safepoint   ] Safepoint "Cleanup", Time since last: 311959467642 ns, Reaching safepoint: 144250 ns, Cleanup: 120250 ns, At safepoint: 7583 ns, Total: 272083 ns
[2024-08-24T22:48:06.395+0000][65][info ][safepoint   ] Safepoint "Cleanup", Time since last: 678120099474 ns, Reaching safepoint: 250875 ns, Cleanup: 450375 ns, At safepoint: 111250 ns, Total: 812500 ns
[2024-08-24T23:00:42.777+0000][65][info ][safepoint   ] Safepoint "Cleanup", Time since last: 120627271971 ns, Reaching safepoint: 34875 ns, Cleanup: 206083 ns, At safepoint: 90542 ns, Total: 331500 ns
[2024-08-24T23:36:39.286+0000][65][info ][safepoint   ] Safepoint "Cleanup", Time since last: 269683010706 ns, Reaching safepoint: 135084 ns, Cleanup: 126958 ns, At safepoint: 13333 ns, Total: 275375 ns
[2024-08-25T00:09:58.359+0000][65][info ][safepoint   ] Safepoint "Cleanup", Time since last: 82149484871 ns, Reaching safepoint: 4083 ns, Cleanup: 138417 ns, At safepoint: 9083 ns, Total: 151583 ns
[2024-08-25T00:09:58.620+0000][65][info ][safepoint   ] Safepoint "ICBufferFull", Time since last: 260229292 ns, Reaching safepoint: 916458 ns, Cleanup: 154417 ns, At safepoint: 12542 ns, Total: 1083417 ns
[2024-08-25T00:10:00.463+0000][65][info ][safepoint   ] Safepoint "Cleanup", Time since last: 1842618000 ns, Reaching safepoint: 29417 ns, Cleanup: 251125 ns, At safepoint: 21167 ns, Total: 301709 ns
[2024-08-25T00:10:36.658+0000][65][info ][safepoint   ] Safepoint "Cleanup", Time since last: 36188640682 ns, Reaching safepoint: 59417 ns, Cleanup: 154333 ns, At safepoint: 9084 ns, Total: 222834 ns
[2024-08-25T00:11:00.784+0000][65][info ][safepoint   ] Safepoint "Cleanup", Time since last: 24125583553 ns, Reaching safepoint: 33583 ns, Cleanup: 138375 ns, At safepoint: 72209 ns, Total: 244167 ns
[2024-08-25T00:46:04.287+0000][65][info ][safepoint   ] Safepoint "Cleanup", Time since last: 238321451691 ns, Reaching safepoint: 77750 ns, Cleanup: 132542 ns, At safepoint: 8416 ns, Total: 218708 ns
[2024-08-25T03:21:16.397+0000][65][info ][safepoint   ] Safepoint "Cleanup", Time since last: 1807261910032 ns, Reaching safepoint: 272125 ns, Cleanup: 624583 ns, At safepoint: 34958 ns, Total: 931666 ns
[2024-08-25T03:23:47.113+0000][65][info ][safepoint   ] Safepoint "Cleanup", Time since last: 150719115818 ns, Reaching safepoint: 116958 ns, Cleanup: 134250 ns, At safepoint: 13542 ns, Total: 264750 ns
[2024-08-25T04:38:28.027+0000][65][info ][safepoint   ] Safepoint "Cleanup", Time since last: 682847253437 ns, Reaching safepoint: 244208 ns, Cleanup: 311583 ns, At safepoint: 6750 ns, Total: 562541 ns
[2024-08-25T04:38:35.045+0000][65][info ][safepoint   ] Safepoint "Cleanup", Time since last: 7018103962 ns, Reaching safepoint: 135292 ns, Cleanup: 110083 ns, At safepoint: 15333 ns, Total: 260708 ns
[2024-08-25T05:08:05.206+0000][65][info ][gc,start    ] GC(20) Pause Young (Normal) (G1 Evacuation Pause)
[2024-08-25T05:08:05.209+0000][65][info ][gc,task     ] GC(20) Using 8 workers of 8 for evacuation
[2024-08-25T05:08:05.209+0000][65][debug][gc,age      ] GC(20) Desired survivor size 20971520 bytes, new threshold 15 (max threshold 15)
[2024-08-25T05:08:05.255+0000][65][info ][gc,phases   ] GC(20)   Pre Evacuate Collection Set: 0.8ms
[2024-08-25T05:08:05.255+0000][65][info ][gc,phases   ] GC(20)   Merge Heap Roots: 0.4ms
[2024-08-25T05:08:05.255+0000][65][info ][gc,phases   ] GC(20)   Evacuate Collection Set: 37.7ms
[2024-08-25T05:08:05.255+0000][65][info ][gc,phases   ] GC(20)   Post Evacuate Collection Set: 6.5ms
[2024-08-25T05:08:05.256+0000][65][info ][gc,phases   ] GC(20)   Other: 0.5ms
[2024-08-25T05:08:05.256+0000][65][trace][gc,age      ] GC(20) Age table with threshold 15 (max threshold 15)
[2024-08-25T05:08:05.256+0000][65][trace][gc,age      ] GC(20) - age   1:     445864 bytes,     445864 total
[2024-08-25T05:08:05.256+0000][65][trace][gc,age      ] GC(20) - age   2:      67120 bytes,     512984 total
[2024-08-25T05:08:05.256+0000][65][trace][gc,age      ] GC(20) - age   3:     624760 bytes,    1137744 total
[2024-08-25T05:08:05.256+0000][65][trace][gc,age      ] GC(20) - age   4:   10700080 bytes,   11837824 total
[2024-08-25T05:08:05.256+0000][65][info ][gc,heap     ] GC(20) Eden regions: 72->0(72)
[2024-08-25T05:08:05.256+0000][65][info ][gc,heap     ] GC(20) Survivor regions: 4->4(10)
[2024-08-25T05:08:05.256+0000][65][info ][gc,heap     ] GC(20) Old regions: 18->18
[2024-08-25T05:08:05.256+0000][65][info ][gc,heap     ] GC(20) Archive regions: 2->2
[2024-08-25T05:08:05.257+0000][65][info ][gc,heap     ] GC(20) Humongous regions: 0->0
[2024-08-25T05:08:05.257+0000][65][info ][gc,metaspace] GC(20) Metaspace: 119173K(122496K)->119173K(122496K) NonClass: 103069K(104832K)->103069K(104832K) Class: 16104K(17664K)->16104K(17664K)
[2024-08-25T05:08:05.257+0000][65][info ][gc          ] GC(20) Pause Young (Normal) (G1 Evacuation Pause) 375M->88M(512M) 50.461ms
[2024-08-25T05:08:05.257+0000][65][info ][gc,cpu      ] GC(20) User=0.31s Sys=0.00s Real=0.05s
[2024-08-25T05:08:05.257+0000][65][info ][safepoint   ] Safepoint "G1CollectForAllocation", Time since last: 1770186563349 ns, Reaching safepoint: 368750 ns, Cleanup: 261042 ns, At safepoint: 50811000 ns, Total: 51440792 ns
[2024-08-25T05:57:05.425+0000][65][info ][safepoint   ] Safepoint "Cleanup", Time since last: 2940236762460 ns, Reaching safepoint: 291458 ns, Cleanup: 301833 ns, At safepoint: 11042 ns, Total: 604333 ns
[2024-08-25T06:00:01.064+0000][65][info ][safepoint   ] Safepoint "Cleanup", Time since last: 175640547997 ns, Reaching safepoint: 20958 ns, Cleanup: 178208 ns, At safepoint: 10709 ns, Total: 209875 ns
[2024-08-25T06:00:02.068+0000][65][info ][safepoint   ] Safepoint "Cleanup", Time since last: 1003829208 ns, Reaching safepoint: 42000 ns, Cleanup: 547542 ns, At safepoint: 11625 ns, Total: 601167 ns
[2024-08-25T06:00:03.174+0000][65][info ][safepoint   ] Safepoint "Cleanup", Time since last: 1105136292 ns, Reaching safepoint: 26250 ns, Cleanup: 272000 ns, At safepoint: 10875 ns, Total: 309125 ns
[2024-08-25T06:14:30.831+0000][65][info ][safepoint   ] Safepoint "Cleanup", Time since last: 867640015229 ns, Reaching safepoint: 285250 ns, Cleanup: 475625 ns, At safepoint: 32500 ns, Total: 793375 ns
[2024-08-25T06:15:36.049+0000][65][info ][safepoint   ] Safepoint "Cleanup", Time since last: 65218299155 ns, Reaching safepoint: 168334 ns, Cleanup: 291375 ns, At safepoint: 97333 ns, Total: 557042 ns
[2024-08-25T06:16:29.165+0000][65][info ][safepoint   ] Safepoint "Cleanup", Time since last: 53115717650 ns, Reaching safepoint: 39041 ns, Cleanup: 185875 ns, At safepoint: 58167 ns, Total: 283083 ns
[2024-08-25T06:29:35.855+0000][65][info ][safepoint   ] Safepoint "Cleanup", Time since last: 786698488816 ns, Reaching safepoint: 464125 ns, Cleanup: 498208 ns, At safepoint: 32792 ns, Total: 995125 ns
[2024-08-25T06:41:06.299+0000][65][info ][safepoint   ] Safepoint "Cleanup", Time since last: 690470328481 ns, Reaching safepoint: 409250 ns, Cleanup: 957208 ns, At safepoint: 141875 ns, Total: 1508333 ns
[2024-08-25T06:44:05.932+0000][65][info ][safepoint   ] Safepoint "Cleanup", Time since last: 179635916916 ns, Reaching safepoint: 358291 ns, Cleanup: 167209 ns, At safepoint: 34166 ns, Total: 559666 ns
[2024-08-25T07:58:06.338+0000][65][info ][gc,start    ] GC(21) Pause Young (Normal) (G1 Evacuation Pause)
[2024-08-25T07:58:06.339+0000][65][info ][gc,task     ] GC(21) Using 8 workers of 8 for evacuation
[2024-08-25T07:58:06.339+0000][65][debug][gc,age      ] GC(21) Desired survivor size 20971520 bytes, new threshold 15 (max threshold 15)
[2024-08-25T07:58:06.398+0000][65][info ][gc,phases   ] GC(21)   Pre Evacuate Collection Set: 0.7ms
[2024-08-25T07:58:06.398+0000][65][info ][gc,phases   ] GC(21)   Merge Heap Roots: 0.5ms
[2024-08-25T07:58:06.398+0000][65][info ][gc,phases   ] GC(21)   Evacuate Collection Set: 51.5ms
[2024-08-25T07:58:06.398+0000][65][info ][gc,phases   ] GC(21)   Post Evacuate Collection Set: 5.5ms
[2024-08-25T07:58:06.398+0000][65][info ][gc,phases   ] GC(21)   Other: 0.7ms
[2024-08-25T07:58:06.398+0000][65][trace][gc,age      ] GC(21) Age table with threshold 15 (max threshold 15)
[2024-08-25T07:58:06.398+0000][65][trace][gc,age      ] GC(21) - age   1:     427704 bytes,     427704 total
[2024-08-25T07:58:06.398+0000][65][trace][gc,age      ] GC(21) - age   2:      75576 bytes,     503280 total
[2024-08-25T07:58:06.399+0000][65][trace][gc,age      ] GC(21) - age   3:      66880 bytes,     570160 total
[2024-08-25T07:58:06.399+0000][65][trace][gc,age      ] GC(21) - age   4:     624496 bytes,    1194656 total
[2024-08-25T07:58:06.399+0000][65][trace][gc,age      ] GC(21) - age   5:   10691312 bytes,   11885968 total
[2024-08-25T07:58:06.399+0000][65][info ][gc,heap     ] GC(21) Eden regions: 72->0(72)
[2024-08-25T07:58:06.399+0000][65][info ][gc,heap     ] GC(21) Survivor regions: 4->4(10)
[2024-08-25T07:58:06.399+0000][65][info ][gc,heap     ] GC(21) Old regions: 18->18
[2024-08-25T07:58:06.399+0000][65][info ][gc,heap     ] GC(21) Archive regions: 2->2
[2024-08-25T07:58:06.399+0000][65][info ][gc,heap     ] GC(21) Humongous regions: 0->0
[2024-08-25T07:58:06.399+0000][65][info ][gc,metaspace] GC(21) Metaspace: 119287K(122688K)->119287K(122688K) NonClass: 103182K(105024K)->103182K(105024K) Class: 16104K(17664K)->16104K(17664K)
[2024-08-25T07:58:06.399+0000][65][info ][gc          ] GC(21) Pause Young (Normal) (G1 Evacuation Pause) 376M->87M(512M) 61.620ms
[2024-08-25T07:58:06.399+0000][65][info ][gc,cpu      ] GC(21) User=0.40s Sys=0.00s Real=0.07s
[2024-08-25T07:58:06.400+0000][65][info ][safepoint   ] Safepoint "G1CollectForAllocation", Time since last: 4440539772566 ns, Reaching safepoint: 370958 ns, Cleanup: 538250 ns, At safepoint: 61935000 ns, Total: 62844208 ns
[2024-08-25T08:33:51.345+0000][65][info ][safepoint   ] Safepoint "Cleanup", Time since last: 2010781228914 ns, Reaching safepoint: 482458 ns, Cleanup: 549875 ns, At safepoint: 31500 ns, Total: 1063833 ns
[2024-08-25T08:35:21.581+0000][65][info ][safepoint   ] Safepoint "Cleanup", Time since last: 90238970458 ns, Reaching safepoint: 59334 ns, Cleanup: 115375 ns, At safepoint: 55958 ns, Total: 230667 ns
[2024-08-25T08:35:45.662+0000][65][info ][safepoint   ] Safepoint "Cleanup", Time since last: 24080776260 ns, Reaching safepoint: 62625 ns, Cleanup: 174125 ns, At safepoint: 8250 ns, Total: 245000 ns
[2024-08-25T08:37:43.092+0000][65][info ][safepoint   ] Safepoint "Cleanup", Time since last: 117434186013 ns, Reaching safepoint: 488041 ns, Cleanup: 530250 ns, At safepoint: 145542 ns, Total: 1163833 ns
[2024-08-25T08:52:51.141+0000][65][info ][safepoint   ] Safepoint "Cleanup", Time since last: 908109134290 ns, Reaching safepoint: 320042 ns, Cleanup: 646125 ns, At safepoint: 79208 ns, Total: 1045375 ns
[2024-08-25T12:00:01.467+0000][65][info ][safepoint   ] Safepoint "Cleanup", Time since last: 2559581576374 ns, Reaching safepoint: 29583 ns, Cleanup: 199000 ns, At safepoint: 10417 ns, Total: 239000 ns
[2024-08-25T12:00:02.474+0000][65][info ][safepoint   ] Safepoint "Cleanup", Time since last: 1006302542 ns, Reaching safepoint: 40250 ns, Cleanup: 469583 ns, At safepoint: 17625 ns, Total: 527458 ns
[2024-08-25T12:00:03.572+0000][65][info ][safepoint   ] Safepoint "Cleanup", Time since last: 1097229751 ns, Reaching safepoint: 34667 ns, Cleanup: 177833 ns, At safepoint: 6917 ns, Total: 219417 ns
[2024-08-25T12:00:22.692+0000][65][info ][safepoint   ] Safepoint "Cleanup", Time since last: 19119788175 ns, Reaching safepoint: 117834 ns, Cleanup: 230041 ns, At safepoint: 23459 ns, Total: 371334 ns
[2024-08-25T12:00:31.751+0000][65][info ][safepoint   ] Safepoint "Cleanup", Time since last: 9059548128 ns, Reaching safepoint: 31709 ns, Cleanup: 122083 ns, At safepoint: 29292 ns, Total: 183084 ns
[2024-08-25T12:07:14.881+0000][65][info ][safepoint   ] Safepoint "Cleanup", Time since last: 142918096189 ns, Reaching safepoint: 165334 ns, Cleanup: 263333 ns, At safepoint: 11208 ns, Total: 439875 ns
[2024-08-25T12:09:26.231+0000][65][info ][safepoint   ] Safepoint "Cleanup", Time since last: 131352744936 ns, Reaching safepoint: 42250 ns, Cleanup: 136959 ns, At safepoint: 8416 ns, Total: 187625 ns
[2024-08-25T12:12:12.661+0000][65][info ][safepoint   ] Safepoint "Cleanup", Time since last: 166432638784 ns, Reaching safepoint: 310125 ns, Cleanup: 316583 ns, At safepoint: 5625 ns, Total: 632333 ns
