[2024-08-24T04:40:22.377+0000][65][info][gc,init] CardTable entry size: 512
[2024-08-24T04:40:22.378+0000][65][info][gc     ] Using G1
[2024-08-24T04:40:22.413+0000][65][info][gc,init] Version: 20.0.1+9-29 (release)
[2024-08-24T04:40:22.414+0000][65][info][gc,init] CPUs: 8 total, 8 available
[2024-08-24T04:40:22.414+0000][65][info][gc,init] Memory: 7839M
[2024-08-24T04:40:22.414+0000][65][info][gc,init] Large Page Support: Disabled
[2024-08-24T04:40:22.414+0000][65][info][gc,init] NUMA Support: Disabled
[2024-08-24T04:40:22.414+0000][65][info][gc,init] Compressed Oops: Enabled (32-bit)
[2024-08-24T04:40:22.414+0000][65][info][gc,init] Heap Region Size: 4M
[2024-08-24T04:40:22.414+0000][65][info][gc,init] Heap Min Capacity: 512M
[2024-08-24T04:40:22.414+0000][65][info][gc,init] Heap Initial Capacity: 512M
[2024-08-24T04:40:22.414+0000][65][info][gc,init] Heap Max Capacity: 512M
[2024-08-24T04:40:22.414+0000][65][info][gc,init] Pre-touch: Enabled
[2024-08-24T04:40:22.414+0000][65][info][gc,init] Parallel Workers: 8
[2024-08-24T04:40:22.414+0000][65][info][gc,init] Concurrent Workers: 2
[2024-08-24T04:40:22.414+0000][65][info][gc,init] Concurrent Refinement Workers: 8
[2024-08-24T04:40:22.414+0000][65][info][gc,init] Periodic GC: Disabled
[2024-08-24T04:40:22.414+0000][65][info][gc,metaspace] CDS archive(s) mapped at: [0x0000000800000000-0x0000000800c80000-0x0000000800c80000), size 13107200, SharedBaseAddress: 0x0000000800000000, ArchiveRelocationMode: 0.
[2024-08-24T04:40:22.414+0000][65][info][gc,metaspace] Compressed class space mapped at: 0x0000000801000000-0x0000000841000000, reserved size: 1073741824
[2024-08-24T04:40:22.414+0000][65][info][gc,metaspace] Narrow klass base: 0x0000000800000000, Narrow klass shift: 0, Narrow klass range: 0x100000000
[2024-08-24T04:40:22.460+0000][65][info][safepoint   ] Safepoint "ICBufferFull", Time since last: 42101792 ns, Reaching safepoint: 948833 ns, Cleanup: 129667 ns, At safepoint: 16542 ns, Total: 1095042 ns
[2024-08-24T04:40:22.502+0000][65][info][safepoint   ] Safepoint "ICBufferFull", Time since last: 42364208 ns, Reaching safepoint: 2083 ns, Cleanup: 105292 ns, At safepoint: 7208 ns, Total: 114583 ns
[2024-08-24T04:40:22.519+0000][65][info][gc,start    ] GC(0) Pause Young (Normal) (G1 Evacuation Pause)
[2024-08-24T04:40:22.519+0000][65][info][gc,task     ] GC(0) Using 8 workers of 8 for evacuation
[2024-08-24T04:40:22.519+0000][65][debug][gc,age      ] GC(0) Desired survivor size 2097152 bytes, new threshold 15 (max threshold 15)
[2024-08-24T04:40:22.520+0000][65][info ][gc,phases   ] GC(0)   Pre Evacuate Collection Set: 0.1ms
[2024-08-24T04:40:22.520+0000][65][info ][gc,phases   ] GC(0)   Merge Heap Roots: 0.1ms
[2024-08-24T04:40:22.520+0000][65][info ][gc,phases   ] GC(0)   Evacuate Collection Set: 0.5ms
[2024-08-24T04:40:22.520+0000][65][info ][gc,phases   ] GC(0)   Post Evacuate Collection Set: 0.3ms
[2024-08-24T04:40:22.520+0000][65][info ][gc,phases   ] GC(0)   Other: 0.1ms
[2024-08-24T04:40:22.520+0000][65][trace][gc,age      ] GC(0) Age table with threshold 15 (max threshold 15)
[2024-08-24T04:40:22.520+0000][65][trace][gc,age      ] GC(0) - age   1:    3066256 bytes,    3066256 total
[2024-08-24T04:40:22.520+0000][65][info ][gc,heap     ] GC(0) Eden regions: 6->0(20)
[2024-08-24T04:40:22.520+0000][65][info ][gc,heap     ] GC(0) Survivor regions: 0->1(1)
[2024-08-24T04:40:22.520+0000][65][info ][gc,heap     ] GC(0) Old regions: 0->0
[2024-08-24T04:40:22.521+0000][65][info ][gc,heap     ] GC(0) Archive regions: 2->2
[2024-08-24T04:40:22.521+0000][65][info ][gc,heap     ] GC(0) Humongous regions: 0->0
[2024-08-24T04:40:22.521+0000][65][info ][gc,metaspace] GC(0) Metaspace: 1298K(1472K)->1298K(1472K) NonClass: 1195K(1280K)->1195K(1280K) Class: 102K(192K)->102K(192K)
[2024-08-24T04:40:22.521+0000][65][info ][gc          ] GC(0) Pause Young (Normal) (G1 Evacuation Pause) 28M->7M(512M) 1.882ms
[2024-08-24T04:40:22.521+0000][65][info ][gc,cpu      ] GC(0) User=0.00s Sys=0.00s Real=0.00s
[2024-08-24T04:40:22.521+0000][65][info ][safepoint   ] Safepoint "G1CollectForAllocation", Time since last: 16593709 ns, Reaching safepoint: 1916 ns, Cleanup: 49334 ns, At safepoint: 2005833 ns, Total: 2057083 ns
[2024-08-24T04:40:22.601+0000][65][info ][safepoint   ] Safepoint "ICBufferFull", Time since last: 80596125 ns, Reaching safepoint: 2333 ns, Cleanup: 107750 ns, At safepoint: 6959 ns, Total: 117042 ns
[2024-08-24T04:40:22.701+0000][65][info ][safepoint   ] Safepoint "ICBufferFull", Time since last: 97819333 ns, Reaching safepoint: 1248375 ns, Cleanup: 111542 ns, At safepoint: 8500 ns, Total: 1368417 ns
[2024-08-24T04:40:22.776+0000][65][info ][safepoint   ] Safepoint "ICBufferFull", Time since last: 75551125 ns, Reaching safepoint: 2208 ns, Cleanup: 182542 ns, At safepoint: 8125 ns, Total: 192875 ns
[2024-08-24T04:40:22.920+0000][65][info ][safepoint   ] Safepoint "ICBufferFull", Time since last: 143744916 ns, Reaching safepoint: 2375 ns, Cleanup: 126125 ns, At safepoint: 6084 ns, Total: 134584 ns
[2024-08-24T04:40:22.983+0000][65][info ][safepoint   ] Safepoint "ICBufferFull", Time since last: 62743958 ns, Reaching safepoint: 3042 ns, Cleanup: 109042 ns, At safepoint: 11791 ns, Total: 123875 ns
[2024-08-24T04:40:23.038+0000][65][info ][safepoint   ] Safepoint "ICBufferFull", Time since last: 53291084 ns, Reaching safepoint: 1011208 ns, Cleanup: 152583 ns, At safepoint: 7625 ns, Total: 1171416 ns
[2024-08-24T04:40:23.188+0000][65][info ][safepoint   ] Safepoint "ICBufferFull", Time since last: 150178792 ns, Reaching safepoint: 2583 ns, Cleanup: 141834 ns, At safepoint: 2208 ns, Total: 146625 ns
[2024-08-24T04:40:23.224+0000][65][info ][gc,start    ] GC(1) Pause Young (Normal) (G1 Evacuation Pause)
[2024-08-24T04:40:23.224+0000][65][info ][gc,task     ] GC(1) Using 8 workers of 8 for evacuation
[2024-08-24T04:40:23.224+0000][65][debug][gc,age      ] GC(1) Desired survivor size 6291456 bytes, new threshold 15 (max threshold 15)
[2024-08-24T04:40:23.228+0000][65][info ][gc,phases   ] GC(1)   Pre Evacuate Collection Set: 0.1ms
[2024-08-24T04:40:23.228+0000][65][info ][gc,phases   ] GC(1)   Merge Heap Roots: 0.0ms
[2024-08-24T04:40:23.228+0000][65][info ][gc,phases   ] GC(1)   Evacuate Collection Set: 2.7ms
[2024-08-24T04:40:23.228+0000][65][info ][gc,phases   ] GC(1)   Post Evacuate Collection Set: 0.7ms
[2024-08-24T04:40:23.228+0000][65][info ][gc,phases   ] GC(1)   Other: 0.3ms
[2024-08-24T04:40:23.228+0000][65][trace][gc,age      ] GC(1) Age table with threshold 15 (max threshold 15)
[2024-08-24T04:40:23.228+0000][65][trace][gc,age      ] GC(1) - age   1:    5547880 bytes,    5547880 total
[2024-08-24T04:40:23.228+0000][65][trace][gc,age      ] GC(1) - age   2:    3040792 bytes,    8588672 total
[2024-08-24T04:40:23.229+0000][65][info ][gc,heap     ] GC(1) Eden regions: 20->0(37)
[2024-08-24T04:40:23.229+0000][65][info ][gc,heap     ] GC(1) Survivor regions: 1->3(3)
[2024-08-24T04:40:23.229+0000][65][info ][gc,heap     ] GC(1) Old regions: 0->0
[2024-08-24T04:40:23.229+0000][65][info ][gc,heap     ] GC(1) Archive regions: 2->2
[2024-08-24T04:40:23.229+0000][65][info ][gc,heap     ] GC(1) Humongous regions: 0->0
[2024-08-24T04:40:23.229+0000][65][info ][gc,metaspace] GC(1) Metaspace: 15482K(16000K)->15482K(16000K) NonClass: 13697K(13952K)->13697K(13952K) Class: 1785K(2048K)->1785K(2048K)
[2024-08-24T04:40:23.229+0000][65][info ][gc          ] GC(1) Pause Young (Normal) (G1 Evacuation Pause) 87M->12M(512M) 5.016ms
[2024-08-24T04:40:23.229+0000][65][info ][gc,cpu      ] GC(1) User=0.02s Sys=0.00s Real=0.01s
[2024-08-24T04:40:23.229+0000][65][info ][safepoint   ] Safepoint "G1CollectForAllocation", Time since last: 35872958 ns, Reaching safepoint: 5959 ns, Cleanup: 81458 ns, At safepoint: 5142042 ns, Total: 5229459 ns
[2024-08-24T04:40:23.314+0000][65][info ][safepoint   ] Safepoint "ICBufferFull", Time since last: 85049375 ns, Reaching safepoint: 2625 ns, Cleanup: 124166 ns, At safepoint: 2209 ns, Total: 129000 ns
[2024-08-24T04:40:23.365+0000][65][info ][safepoint   ] Safepoint "ICBufferFull", Time since last: 50429500 ns, Reaching safepoint: 2958 ns, Cleanup: 158917 ns, At safepoint: 7208 ns, Total: 169083 ns
[2024-08-24T04:40:23.455+0000][65][info ][safepoint   ] Safepoint "ICBufferFull", Time since last: 90434750 ns, Reaching safepoint: 3333 ns, Cleanup: 142250 ns, At safepoint: 2250 ns, Total: 147833 ns
[2024-08-24T04:40:23.531+0000][65][info ][gc,start    ] GC(2) Pause Young (Normal) (G1 Evacuation Pause)
[2024-08-24T04:40:23.531+0000][65][info ][gc,task     ] GC(2) Using 8 workers of 8 for evacuation
[2024-08-24T04:40:23.531+0000][65][debug][gc,age      ] GC(2) Desired survivor size 10485760 bytes, new threshold 15 (max threshold 15)
[2024-08-24T04:40:23.537+0000][65][info ][gc,phases   ] GC(2)   Pre Evacuate Collection Set: 0.1ms
[2024-08-24T04:40:23.538+0000][65][info ][gc,phases   ] GC(2)   Merge Heap Roots: 0.0ms
[2024-08-24T04:40:23.538+0000][65][info ][gc,phases   ] GC(2)   Evacuate Collection Set: 5.4ms
[2024-08-24T04:40:23.538+0000][65][info ][gc,phases   ] GC(2)   Post Evacuate Collection Set: 0.7ms
[2024-08-24T04:40:23.538+0000][65][info ][gc,phases   ] GC(2)   Other: 0.1ms
[2024-08-24T04:40:23.538+0000][65][trace][gc,age      ] GC(2) Age table with threshold 15 (max threshold 15)
[2024-08-24T04:40:23.538+0000][65][trace][gc,age      ] GC(2) - age   1:    4473352 bytes,    4473352 total
[2024-08-24T04:40:23.538+0000][65][trace][gc,age      ] GC(2) - age   2:    4604848 bytes,    9078200 total
[2024-08-24T04:40:23.538+0000][65][trace][gc,age      ] GC(2) - age   3:    3040136 bytes,   12118336 total
[2024-08-24T04:40:23.538+0000][65][info ][gc,heap     ] GC(2) Eden regions: 37->0(73)
[2024-08-24T04:40:23.538+0000][65][info ][gc,heap     ] GC(2) Survivor regions: 3->3(5)
[2024-08-24T04:40:23.538+0000][65][info ][gc,heap     ] GC(2) Old regions: 0->0
[2024-08-24T04:40:23.538+0000][65][info ][gc,heap     ] GC(2) Archive regions: 2->2
[2024-08-24T04:40:23.538+0000][65][info ][gc,heap     ] GC(2) Humongous regions: 0->0
[2024-08-24T04:40:23.538+0000][65][info ][gc,metaspace] GC(2) Metaspace: 17924K(18432K)->17924K(18432K) NonClass: 15884K(16192K)->15884K(16192K) Class: 2040K(2240K)->2040K(2240K)
[2024-08-24T04:40:23.538+0000][65][info ][gc          ] GC(2) Pause Young (Normal) (G1 Evacuation Pause) 160M->16M(512M) 6.816ms
[2024-08-24T04:40:23.538+0000][65][info ][gc,cpu      ] GC(2) User=0.04s Sys=0.00s Real=0.01s
[2024-08-24T04:40:23.538+0000][65][info ][safepoint   ] Safepoint "G1CollectForAllocation", Time since last: 75495000 ns, Reaching safepoint: 2792 ns, Cleanup: 122708 ns, At safepoint: 6888917 ns, Total: 7014417 ns
[2024-08-24T04:40:23.599+0000][65][info ][gc,start    ] GC(3) Pause Young (Concurrent Start) (Metadata GC Threshold)
[2024-08-24T04:40:23.599+0000][65][info ][gc,task     ] GC(3) Using 8 workers of 8 for evacuation
[2024-08-24T04:40:23.599+0000][65][debug][gc,age      ] GC(3) Desired survivor size 20971520 bytes, new threshold 15 (max threshold 15)
[2024-08-24T04:40:23.602+0000][65][info ][gc,phases   ] GC(3)   Pre Evacuate Collection Set: 0.1ms
[2024-08-24T04:40:23.602+0000][65][info ][gc,phases   ] GC(3)   Merge Heap Roots: 0.0ms
[2024-08-24T04:40:23.602+0000][65][info ][gc,phases   ] GC(3)   Evacuate Collection Set: 2.7ms
[2024-08-24T04:40:23.602+0000][65][info ][gc,phases   ] GC(3)   Post Evacuate Collection Set: 0.6ms
[2024-08-24T04:40:23.603+0000][65][info ][gc,phases   ] GC(3)   Other: 0.1ms
[2024-08-24T04:40:23.603+0000][65][trace][gc,age      ] GC(3) Age table with threshold 15 (max threshold 15)
[2024-08-24T04:40:23.603+0000][65][trace][gc,age      ] GC(3) - age   1:     983400 bytes,     983400 total
[2024-08-24T04:40:23.603+0000][65][trace][gc,age      ] GC(3) - age   2:    2355736 bytes,    3339136 total
[2024-08-24T04:40:23.603+0000][65][trace][gc,age      ] GC(3) - age   3:    4603696 bytes,    7942832 total
[2024-08-24T04:40:23.603+0000][65][trace][gc,age      ] GC(3) - age   4:    3040136 bytes,   10982968 total
[2024-08-24T04:40:23.603+0000][65][info ][gc,heap     ] GC(3) Eden regions: 5->0(73)
[2024-08-24T04:40:23.603+0000][65][info ][gc,heap     ] GC(3) Survivor regions: 3->3(10)
[2024-08-24T04:40:23.603+0000][65][info ][gc,heap     ] GC(3) Old regions: 0->0
[2024-08-24T04:40:23.603+0000][65][info ][gc,heap     ] GC(3) Archive regions: 2->2
[2024-08-24T04:40:23.603+0000][65][info ][gc,heap     ] GC(3) Humongous regions: 0->0
[2024-08-24T04:40:23.603+0000][65][info ][gc,metaspace] GC(3) Metaspace: 21013K(21504K)->21013K(21504K) NonClass: 18664K(18944K)->18664K(18944K) Class: 2349K(2560K)->2349K(2560K)
[2024-08-24T04:40:23.603+0000][65][info ][gc          ] GC(3) Pause Young (Concurrent Start) (Metadata GC Threshold) 34M->15M(512M) 4.391ms
[2024-08-24T04:40:23.603+0000][65][info ][gc,cpu      ] GC(3) User=0.01s Sys=0.00s Real=0.00s
[2024-08-24T04:40:23.603+0000][65][info ][gc          ] GC(4) Concurrent Mark Cycle
[2024-08-24T04:40:23.603+0000][65][info ][gc,marking  ] GC(4) Concurrent Scan Root Regions
[2024-08-24T04:40:23.603+0000][65][info ][safepoint   ] Safepoint "CollectForMetadataAllocation", Time since last: 60627417 ns, Reaching safepoint: 2333 ns, Cleanup: 58208 ns, At safepoint: 4541125 ns, Total: 4601666 ns
[2024-08-24T04:40:23.605+0000][65][info ][gc,marking  ] GC(4) Concurrent Scan Root Regions 1.970ms
[2024-08-24T04:40:23.606+0000][65][info ][gc,marking  ] GC(4) Concurrent Mark
[2024-08-24T04:40:23.606+0000][65][info ][gc,marking  ] GC(4) Concurrent Mark From Roots
[2024-08-24T04:40:23.607+0000][65][info ][gc,task     ] GC(4) Using 2 workers of 2 for marking
[2024-08-24T04:40:23.607+0000][65][info ][gc,marking  ] GC(4) Concurrent Mark From Roots 0.680ms
[2024-08-24T04:40:23.607+0000][65][info ][gc,marking  ] GC(4) Concurrent Preclean
[2024-08-24T04:40:23.607+0000][65][info ][gc,marking  ] GC(4) Concurrent Preclean 0.031ms
[2024-08-24T04:40:23.607+0000][65][info ][gc,start    ] GC(4) Pause Remark
[2024-08-24T04:40:23.609+0000][65][info ][gc          ] GC(4) Pause Remark 18M->18M(512M) 1.552ms
[2024-08-24T04:40:23.609+0000][65][info ][gc,cpu      ] GC(4) User=0.01s Sys=0.00s Real=0.00s
[2024-08-24T04:40:23.609+0000][65][info ][safepoint   ] Safepoint "G1PauseRemark", Time since last: 4033625 ns, Reaching safepoint: 141959 ns, Cleanup: 57916 ns, At safepoint: 1645084 ns, Total: 1844959 ns
[2024-08-24T04:40:23.609+0000][65][info ][gc,marking  ] GC(4) Concurrent Mark 3.258ms
[2024-08-24T04:40:23.609+0000][65][info ][gc,marking  ] GC(4) Concurrent Rebuild Remembered Sets and Scrub Regions
[2024-08-24T04:40:23.609+0000][65][info ][gc,marking  ] GC(4) Concurrent Rebuild Remembered Sets and Scrub Regions 0.117ms
[2024-08-24T04:40:23.611+0000][65][info ][gc,start    ] GC(4) Pause Cleanup
[2024-08-24T04:40:23.611+0000][65][info ][gc          ] GC(4) Pause Cleanup 18M->18M(512M) 0.045ms
[2024-08-24T04:40:23.611+0000][65][info ][gc,cpu      ] GC(4) User=0.00s Sys=0.00s Real=0.00s
[2024-08-24T04:40:23.611+0000][65][info ][safepoint   ] Safepoint "G1PauseCleanup", Time since last: 332000 ns, Reaching safepoint: 1170375 ns, Cleanup: 56000 ns, At safepoint: 128125 ns, Total: 1354500 ns
[2024-08-24T04:40:23.611+0000][65][info ][gc,marking  ] GC(4) Concurrent Clear Claimed Marks
[2024-08-24T04:40:23.611+0000][65][info ][gc,marking  ] GC(4) Concurrent Clear Claimed Marks 0.043ms
[2024-08-24T04:40:23.611+0000][65][info ][gc,marking  ] GC(4) Concurrent Cleanup for Next Mark
[2024-08-24T04:40:23.611+0000][65][info ][gc,marking  ] GC(4) Concurrent Cleanup for Next Mark 0.164ms
[2024-08-24T04:40:23.611+0000][65][info ][gc          ] GC(4) Concurrent Mark Cycle 8.017ms
[2024-08-24T04:40:23.704+0000][65][info ][safepoint   ] Safepoint "ICBufferFull", Time since last: 93186167 ns, Reaching safepoint: 3000 ns, Cleanup: 206791 ns, At safepoint: 6250 ns, Total: 216041 ns
[2024-08-24T04:40:23.899+0000][65][info ][safepoint   ] Safepoint "ICBufferFull", Time since last: 195136792 ns, Reaching safepoint: 2833 ns, Cleanup: 154292 ns, At safepoint: 13000 ns, Total: 170125 ns
[2024-08-24T04:40:24.023+0000][65][info ][safepoint   ] Safepoint "ICBufferFull", Time since last: 123017750 ns, Reaching safepoint: 3333 ns, Cleanup: 144000 ns, At safepoint: 9417 ns, Total: 156750 ns
[2024-08-24T04:40:24.109+0000][65][info ][gc,start    ] GC(5) Pause Young (Normal) (G1 Evacuation Pause)
[2024-08-24T04:40:24.109+0000][65][info ][gc,task     ] GC(5) Using 8 workers of 8 for evacuation
[2024-08-24T04:40:24.109+0000][65][debug][gc,age      ] GC(5) Desired survivor size 20971520 bytes, new threshold 15 (max threshold 15)
[2024-08-24T04:40:24.117+0000][65][info ][gc,phases   ] GC(5)   Pre Evacuate Collection Set: 0.1ms
[2024-08-24T04:40:24.117+0000][65][info ][gc,phases   ] GC(5)   Merge Heap Roots: 0.1ms
[2024-08-24T04:40:24.117+0000][65][info ][gc,phases   ] GC(5)   Evacuate Collection Set: 4.9ms
[2024-08-24T04:40:24.117+0000][65][info ][gc,phases   ] GC(5)   Post Evacuate Collection Set: 2.3ms
[2024-08-24T04:40:24.117+0000][65][info ][gc,phases   ] GC(5)   Other: 0.1ms
[2024-08-24T04:40:24.117+0000][65][trace][gc,age      ] GC(5) Age table with threshold 15 (max threshold 15)
[2024-08-24T04:40:24.117+0000][65][trace][gc,age      ] GC(5) - age   1:    7349936 bytes,    7349936 total
[2024-08-24T04:40:24.117+0000][65][trace][gc,age      ] GC(5) - age   2:     963400 bytes,    8313336 total
[2024-08-24T04:40:24.117+0000][65][trace][gc,age      ] GC(5) - age   3:    2351600 bytes,   10664936 total
[2024-08-24T04:40:24.117+0000][65][trace][gc,age      ] GC(5) - age   4:    4599440 bytes,   15264376 total
[2024-08-24T04:40:24.117+0000][65][trace][gc,age      ] GC(5) - age   5:    3039832 bytes,   18304208 total
[2024-08-24T04:40:24.117+0000][65][info ][gc,heap     ] GC(5) Eden regions: 73->0(71)
[2024-08-24T04:40:24.117+0000][65][info ][gc,heap     ] GC(5) Survivor regions: 3->5(10)
[2024-08-24T04:40:24.117+0000][65][info ][gc,heap     ] GC(5) Old regions: 0->0
[2024-08-24T04:40:24.117+0000][65][info ][gc,heap     ] GC(5) Archive regions: 2->2
[2024-08-24T04:40:24.117+0000][65][info ][gc,heap     ] GC(5) Humongous regions: 0->0
[2024-08-24T04:40:24.118+0000][65][info ][gc,metaspace] GC(5) Metaspace: 25717K(26368K)->25717K(26368K) NonClass: 22719K(23104K)->22719K(23104K) Class: 2997K(3264K)->2997K(3264K)
[2024-08-24T04:40:24.118+0000][65][info ][gc          ] GC(5) Pause Young (Normal) (G1 Evacuation Pause) 307M->23M(512M) 8.320ms
[2024-08-24T04:40:24.118+0000][65][info ][gc,cpu      ] GC(5) User=0.04s Sys=0.00s Real=0.01s
[2024-08-24T04:40:24.118+0000][65][info ][safepoint   ] Safepoint "G1CollectForAllocation", Time since last: 86572042 ns, Reaching safepoint: 3000 ns, Cleanup: 74791 ns, At safepoint: 8402375 ns, Total: 8480166 ns
[2024-08-24T04:40:24.249+0000][65][info ][safepoint   ] Safepoint "ICBufferFull", Time since last: 131581209 ns, Reaching safepoint: 2375 ns, Cleanup: 170291 ns, At safepoint: 2000 ns, Total: 174666 ns
[2024-08-24T04:40:24.333+0000][65][info ][safepoint   ] Safepoint "ICBufferFull", Time since last: 81995542 ns, Reaching safepoint: 1118708 ns, Cleanup: 154375 ns, At safepoint: 8084 ns, Total: 1281167 ns
[2024-08-24T04:40:24.439+0000][65][info ][gc,start    ] GC(6) Pause Young (Normal) (G1 Evacuation Pause)
[2024-08-24T04:40:24.439+0000][65][info ][gc,task     ] GC(6) Using 8 workers of 8 for evacuation
[2024-08-24T04:40:24.439+0000][65][debug][gc,age      ] GC(6) Desired survivor size 20971520 bytes, new threshold 15 (max threshold 15)
[2024-08-24T04:40:24.445+0000][65][info ][gc,phases   ] GC(6)   Pre Evacuate Collection Set: 0.1ms
[2024-08-24T04:40:24.445+0000][65][info ][gc,phases   ] GC(6)   Merge Heap Roots: 0.1ms
[2024-08-24T04:40:24.445+0000][65][info ][gc,phases   ] GC(6)   Evacuate Collection Set: 5.1ms
[2024-08-24T04:40:24.445+0000][65][info ][gc,phases   ] GC(6)   Post Evacuate Collection Set: 0.9ms
[2024-08-24T04:40:24.445+0000][65][info ][gc,phases   ] GC(6)   Other: 0.1ms
[2024-08-24T04:40:24.445+0000][65][trace][gc,age      ] GC(6) Age table with threshold 15 (max threshold 15)
[2024-08-24T04:40:24.445+0000][65][trace][gc,age      ] GC(6) - age   1:    6204440 bytes,    6204440 total
[2024-08-24T04:40:24.445+0000][65][trace][gc,age      ] GC(6) - age   2:    7318088 bytes,   13522528 total
[2024-08-24T04:40:24.446+0000][65][trace][gc,age      ] GC(6) - age   3:     963368 bytes,   14485896 total
[2024-08-24T04:40:24.446+0000][65][trace][gc,age      ] GC(6) - age   4:    2347912 bytes,   16833808 total
[2024-08-24T04:40:24.446+0000][65][trace][gc,age      ] GC(6) - age   5:    4599216 bytes,   21433024 total
[2024-08-24T04:40:24.446+0000][65][trace][gc,age      ] GC(6) - age   6:    3039768 bytes,   24472792 total
[2024-08-24T04:40:24.446+0000][65][info ][gc,heap     ] GC(6) Eden regions: 71->0(69)
[2024-08-24T04:40:24.446+0000][65][info ][gc,heap     ] GC(6) Survivor regions: 5->7(10)
[2024-08-24T04:40:24.446+0000][65][info ][gc,heap     ] GC(6) Old regions: 0->0
[2024-08-24T04:40:24.446+0000][65][info ][gc,heap     ] GC(6) Archive regions: 2->2
[2024-08-24T04:40:24.446+0000][65][info ][gc,heap     ] GC(6) Humongous regions: 0->0
[2024-08-24T04:40:24.446+0000][65][info ][gc,metaspace] GC(6) Metaspace: 31698K(32384K)->31698K(32384K) NonClass: 28034K(28416K)->28034K(28416K) Class: 3663K(3968K)->3663K(3968K)
[2024-08-24T04:40:24.446+0000][65][info ][gc          ] GC(6) Pause Young (Normal) (G1 Evacuation Pause) 307M->29M(512M) 7.183ms
[2024-08-24T04:40:24.446+0000][65][info ][gc,cpu      ] GC(6) User=0.04s Sys=0.00s Real=0.01s
[2024-08-24T04:40:24.446+0000][65][info ][safepoint   ] Safepoint "G1CollectForAllocation", Time since last: 105981375 ns, Reaching safepoint: 3375 ns, Cleanup: 79708 ns, At safepoint: 7277500 ns, Total: 7360583 ns
[2024-08-24T04:40:24.701+0000][65][info ][gc,start    ] GC(7) Pause Young (Normal) (G1 Evacuation Pause)
[2024-08-24T04:40:24.701+0000][65][info ][gc,task     ] GC(7) Using 8 workers of 8 for evacuation
[2024-08-24T04:40:24.701+0000][65][debug][gc,age      ] GC(7) Desired survivor size 20971520 bytes, new threshold 5 (max threshold 15)
[2024-08-24T04:40:24.709+0000][65][info ][gc,phases   ] GC(7)   Pre Evacuate Collection Set: 0.1ms
[2024-08-24T04:40:24.709+0000][65][info ][gc,phases   ] GC(7)   Merge Heap Roots: 0.1ms
[2024-08-24T04:40:24.709+0000][65][info ][gc,phases   ] GC(7)   Evacuate Collection Set: 6.5ms
[2024-08-24T04:40:24.709+0000][65][info ][gc,phases   ] GC(7)   Post Evacuate Collection Set: 0.8ms
[2024-08-24T04:40:24.709+0000][65][info ][gc,phases   ] GC(7)   Other: 0.1ms
[2024-08-24T04:40:24.709+0000][65][trace][gc,age      ] GC(7) Age table with threshold 5 (max threshold 15)
[2024-08-24T04:40:24.709+0000][65][trace][gc,age      ] GC(7) - age   1:    5455256 bytes,    5455256 total
[2024-08-24T04:40:24.709+0000][65][trace][gc,age      ] GC(7) - age   2:    4051432 bytes,    9506688 total
[2024-08-24T04:40:24.709+0000][65][trace][gc,age      ] GC(7) - age   3:    7313216 bytes,   16819904 total
[2024-08-24T04:40:24.709+0000][65][trace][gc,age      ] GC(7) - age   4:     963368 bytes,   17783272 total
[2024-08-24T04:40:24.709+0000][65][trace][gc,age      ] GC(7) - age   5:    2347000 bytes,   20130272 total
[2024-08-24T04:40:24.709+0000][65][info ][gc,heap     ] GC(7) Eden regions: 69->0(70)
[2024-08-24T04:40:24.709+0000][65][info ][gc,heap     ] GC(7) Survivor regions: 7->6(10)
[2024-08-24T04:40:24.709+0000][65][info ][gc,heap     ] GC(7) Old regions: 0->2
[2024-08-24T04:40:24.709+0000][65][info ][gc,heap     ] GC(7) Archive regions: 2->2
[2024-08-24T04:40:24.709+0000][65][info ][gc,heap     ] GC(7) Humongous regions: 0->0
[2024-08-24T04:40:24.709+0000][65][info ][gc,metaspace] GC(7) Metaspace: 33278K(34112K)->33278K(34112K) NonClass: 29405K(29888K)->29405K(29888K) Class: 3873K(4224K)->3873K(4224K)
[2024-08-24T04:40:24.709+0000][65][info ][gc          ] GC(7) Pause Young (Normal) (G1 Evacuation Pause) 305M->33M(512M) 8.615ms
[2024-08-24T04:40:24.709+0000][65][info ][gc,cpu      ] GC(7) User=0.05s Sys=0.00s Real=0.01s
[2024-08-24T04:40:24.710+0000][65][info ][safepoint   ] Safepoint "G1CollectForAllocation", Time since last: 254595667 ns, Reaching safepoint: 3583 ns, Cleanup: 158709 ns, At safepoint: 8728250 ns, Total: 8890542 ns
[2024-08-24T04:40:24.931+0000][65][info ][gc,start    ] GC(8) Pause Young (Normal) (G1 Evacuation Pause)
[2024-08-24T04:40:24.935+0000][65][info ][gc,task     ] GC(8) Using 8 workers of 8 for evacuation
[2024-08-24T04:40:24.935+0000][65][debug][gc,age      ] GC(8) Desired survivor size 20971520 bytes, new threshold 15 (max threshold 15)
[2024-08-24T04:40:24.941+0000][65][info ][gc,phases   ] GC(8)   Pre Evacuate Collection Set: 0.1ms
[2024-08-24T04:40:24.942+0000][65][info ][gc,phases   ] GC(8)   Merge Heap Roots: 0.0ms
[2024-08-24T04:40:24.942+0000][65][info ][gc,phases   ] GC(8)   Evacuate Collection Set: 3.6ms
[2024-08-24T04:40:24.942+0000][65][info ][gc,phases   ] GC(8)   Post Evacuate Collection Set: 1.3ms
[2024-08-24T04:40:24.942+0000][65][info ][gc,phases   ] GC(8)   Other: 0.2ms
[2024-08-24T04:40:24.942+0000][65][trace][gc,age      ] GC(8) Age table with threshold 15 (max threshold 15)
[2024-08-24T04:40:24.943+0000][65][trace][gc,age      ] GC(8) - age   1:    3729520 bytes,    3729520 total
[2024-08-24T04:40:24.943+0000][65][trace][gc,age      ] GC(8) - age   2:    4619272 bytes,    8348792 total
[2024-08-24T04:40:24.943+0000][65][trace][gc,age      ] GC(8) - age   3:    4039200 bytes,   12387992 total
[2024-08-24T04:40:24.943+0000][65][trace][gc,age      ] GC(8) - age   4:    7300976 bytes,   19688968 total
[2024-08-24T04:40:24.943+0000][65][trace][gc,age      ] GC(8) - age   5:     962248 bytes,   20651216 total
[2024-08-24T04:40:24.943+0000][65][trace][gc,age      ] GC(8) - age   6:    2316944 bytes,   22968160 total
[2024-08-24T04:40:24.943+0000][65][info ][gc,heap     ] GC(8) Eden regions: 70->0(70)
[2024-08-24T04:40:24.943+0000][65][info ][gc,heap     ] GC(8) Survivor regions: 6->6(10)
[2024-08-24T04:40:24.943+0000][65][info ][gc,heap     ] GC(8) Old regions: 2->2
[2024-08-24T04:40:24.943+0000][65][info ][gc,heap     ] GC(8) Archive regions: 2->2
[2024-08-24T04:40:24.943+0000][65][info ][gc,heap     ] GC(8) Humongous regions: 0->0
[2024-08-24T04:40:24.943+0000][65][info ][gc,metaspace] GC(8) Metaspace: 34602K(35456K)->34602K(35456K) NonClass: 30556K(31040K)->30556K(31040K) Class: 4045K(4416K)->4045K(4416K)
[2024-08-24T04:40:24.943+0000][65][info ][gc          ] GC(8) Pause Young (Normal) (G1 Evacuation Pause) 313M->35M(512M) 11.684ms
[2024-08-24T04:40:24.943+0000][65][info ][gc,cpu      ] GC(8) User=0.03s Sys=0.00s Real=0.01s
[2024-08-24T04:40:24.943+0000][65][info ][safepoint   ] Safepoint "G1CollectForAllocation", Time since last: 221794125 ns, Reaching safepoint: 3250 ns, Cleanup: 100958 ns, At safepoint: 11808917 ns, Total: 11913125 ns
[2024-08-24T04:40:24.974+0000][65][info ][gc,start    ] GC(9) Pause Young (Concurrent Start) (Metadata GC Threshold)
[2024-08-24T04:40:24.975+0000][65][info ][gc,task     ] GC(9) Using 8 workers of 8 for evacuation
[2024-08-24T04:40:24.975+0000][65][debug][gc,age      ] GC(9) Desired survivor size 20971520 bytes, new threshold 6 (max threshold 15)
[2024-08-24T04:40:24.979+0000][65][info ][gc,phases   ] GC(9)   Pre Evacuate Collection Set: 0.1ms
[2024-08-24T04:40:24.979+0000][65][info ][gc,phases   ] GC(9)   Merge Heap Roots: 0.1ms
[2024-08-24T04:40:24.979+0000][65][info ][gc,phases   ] GC(9)   Evacuate Collection Set: 3.8ms
[2024-08-24T04:40:24.979+0000][65][info ][gc,phases   ] GC(9)   Post Evacuate Collection Set: 0.5ms
[2024-08-24T04:40:24.979+0000][65][info ][gc,phases   ] GC(9)   Other: 0.1ms
[2024-08-24T04:40:24.979+0000][65][trace][gc,age      ] GC(9) Age table with threshold 6 (max threshold 15)
[2024-08-24T04:40:24.979+0000][65][trace][gc,age      ] GC(9) - age   1:     215896 bytes,     215896 total
[2024-08-24T04:40:24.979+0000][65][trace][gc,age      ] GC(9) - age   2:    3648200 bytes,    3864096 total
[2024-08-24T04:40:24.979+0000][65][trace][gc,age      ] GC(9) - age   3:    4617728 bytes,    8481824 total
[2024-08-24T04:40:24.979+0000][65][trace][gc,age      ] GC(9) - age   4:    4037848 bytes,   12519672 total
[2024-08-24T04:40:24.979+0000][65][trace][gc,age      ] GC(9) - age   5:    7297960 bytes,   19817632 total
[2024-08-24T04:40:24.980+0000][65][trace][gc,age      ] GC(9) - age   6:     962248 bytes,   20779880 total
[2024-08-24T04:40:24.980+0000][65][info ][gc,heap     ] GC(9) Eden regions: 2->0(70)
[2024-08-24T04:40:24.980+0000][65][info ][gc,heap     ] GC(9) Survivor regions: 6->6(10)
[2024-08-24T04:40:24.980+0000][65][info ][gc,heap     ] GC(9) Old regions: 2->3
[2024-08-24T04:40:24.980+0000][65][info ][gc,heap     ] GC(9) Archive regions: 2->2
[2024-08-24T04:40:24.980+0000][65][info ][gc,heap     ] GC(9) Humongous regions: 0->0
[2024-08-24T04:40:24.980+0000][65][info ][gc,metaspace] GC(9) Metaspace: 35366K(36160K)->35366K(36160K) NonClass: 31222K(31680K)->31222K(31680K) Class: 4143K(4480K)->4143K(4480K)
[2024-08-24T04:40:24.980+0000][65][info ][gc          ] GC(9) Pause Young (Concurrent Start) (Metadata GC Threshold) 41M->36M(512M) 5.333ms
[2024-08-24T04:40:24.980+0000][65][info ][gc,cpu      ] GC(9) User=0.03s Sys=0.00s Real=0.00s
[2024-08-24T04:40:24.980+0000][65][info ][gc          ] GC(10) Concurrent Mark Cycle
[2024-08-24T04:40:24.980+0000][65][info ][gc,marking  ] GC(10) Concurrent Scan Root Regions
[2024-08-24T04:40:24.980+0000][65][info ][safepoint   ] Safepoint "CollectForMetadataAllocation", Time since last: 31168458 ns, Reaching safepoint: 2583 ns, Cleanup: 87000 ns, At safepoint: 5524542 ns, Total: 5614125 ns
[2024-08-24T04:40:24.983+0000][65][info ][gc,marking  ] GC(10) Concurrent Scan Root Regions 2.610ms
[2024-08-24T04:40:24.983+0000][65][info ][gc,marking  ] GC(10) Concurrent Mark
[2024-08-24T04:40:24.983+0000][65][info ][gc,marking  ] GC(10) Concurrent Mark From Roots
[2024-08-24T04:40:24.983+0000][65][info ][gc,task     ] GC(10) Using 2 workers of 2 for marking
[2024-08-24T04:40:24.986+0000][65][info ][gc,marking  ] GC(10) Concurrent Mark From Roots 2.902ms
[2024-08-24T04:40:24.986+0000][65][info ][gc,marking  ] GC(10) Concurrent Preclean
[2024-08-24T04:40:24.986+0000][65][info ][gc,marking  ] GC(10) Concurrent Preclean 0.051ms
[2024-08-24T04:40:24.986+0000][65][info ][gc,start    ] GC(10) Pause Remark
[2024-08-24T04:40:24.991+0000][65][info ][gc          ] GC(10) Pause Remark 38M->38M(512M) 4.409ms
[2024-08-24T04:40:24.991+0000][65][info ][gc,cpu      ] GC(10) User=0.02s Sys=0.00s Real=0.00s
[2024-08-24T04:40:24.991+0000][65][info ][safepoint   ] Safepoint "G1PauseRemark", Time since last: 5868792 ns, Reaching safepoint: 470458 ns, Cleanup: 57917 ns, At safepoint: 4574416 ns, Total: 5102791 ns
[2024-08-24T04:40:24.991+0000][65][info ][gc,marking  ] GC(10) Concurrent Mark 8.307ms
[2024-08-24T04:40:24.991+0000][65][info ][gc,marking  ] GC(10) Concurrent Rebuild Remembered Sets and Scrub Regions
[2024-08-24T04:40:24.994+0000][65][info ][gc,marking  ] GC(10) Concurrent Rebuild Remembered Sets and Scrub Regions 2.475ms
[2024-08-24T04:40:24.994+0000][65][info ][gc,start    ] GC(10) Pause Cleanup
[2024-08-24T04:40:24.995+0000][65][info ][gc          ] GC(10) Pause Cleanup 40M->40M(512M) 0.129ms
[2024-08-24T04:40:24.995+0000][65][info ][gc,cpu      ] GC(10) User=0.01s Sys=0.00s Real=0.00s
[2024-08-24T04:40:24.995+0000][65][info ][safepoint   ] Safepoint "G1PauseCleanup", Time since last: 2811834 ns, Reaching safepoint: 552166 ns, Cleanup: 74084 ns, At safepoint: 221750 ns, Total: 848000 ns
[2024-08-24T04:40:24.995+0000][65][info ][gc,marking  ] GC(10) Concurrent Clear Claimed Marks
[2024-08-24T04:40:24.995+0000][65][info ][gc,marking  ] GC(10) Concurrent Clear Claimed Marks 0.097ms
[2024-08-24T04:40:24.995+0000][65][info ][gc,marking  ] GC(10) Concurrent Cleanup for Next Mark
[2024-08-24T04:40:24.995+0000][65][info ][gc,marking  ] GC(10) Concurrent Cleanup for Next Mark 0.333ms
[2024-08-24T04:40:24.995+0000][65][info ][gc          ] GC(10) Concurrent Mark Cycle 15.346ms
[2024-08-24T04:40:25.195+0000][65][info ][safepoint   ] Safepoint "ICBufferFull", Time since last: 199842375 ns, Reaching safepoint: 2625 ns, Cleanup: 116375 ns, At safepoint: 4458 ns, Total: 123458 ns
[2024-08-24T04:40:25.305+0000][65][info ][safepoint   ] Safepoint "ICBufferFull", Time since last: 110252542 ns, Reaching safepoint: 2875 ns, Cleanup: 125417 ns, At safepoint: 5375 ns, Total: 133667 ns
[2024-08-24T04:40:25.363+0000][65][info ][safepoint   ] Safepoint "ICBufferFull", Time since last: 58218208 ns, Reaching safepoint: 3500 ns, Cleanup: 144667 ns, At safepoint: 7791 ns, Total: 155958 ns
[2024-08-24T04:40:25.479+0000][65][info ][safepoint   ] Safepoint "ICBufferFull", Time since last: 115938834 ns, Reaching safepoint: 4500 ns, Cleanup: 167625 ns, At safepoint: 9916 ns, Total: 182041 ns
[2024-08-24T04:40:25.873+0000][65][info ][gc,start    ] GC(11) Pause Young (Normal) (G1 Evacuation Pause)
[2024-08-24T04:40:25.873+0000][65][info ][gc,task     ] GC(11) Using 8 workers of 8 for evacuation
[2024-08-24T04:40:25.873+0000][65][debug][gc,age      ] GC(11) Desired survivor size 20971520 bytes, new threshold 15 (max threshold 15)
[2024-08-24T04:40:25.884+0000][65][info ][gc,phases   ] GC(11)   Pre Evacuate Collection Set: 0.1ms
[2024-08-24T04:40:25.884+0000][65][info ][gc,phases   ] GC(11)   Merge Heap Roots: 0.1ms
[2024-08-24T04:40:25.884+0000][65][info ][gc,phases   ] GC(11)   Evacuate Collection Set: 9.4ms
[2024-08-24T04:40:25.884+0000][65][info ][gc,phases   ] GC(11)   Post Evacuate Collection Set: 1.2ms
[2024-08-24T04:40:25.884+0000][65][info ][gc,phases   ] GC(11)   Other: 0.1ms
[2024-08-24T04:40:25.884+0000][65][trace][gc,age      ] GC(11) Age table with threshold 15 (max threshold 15)
[2024-08-24T04:40:25.884+0000][65][trace][gc,age      ] GC(11) - age   1:   18617520 bytes,   18617520 total
[2024-08-24T04:40:25.884+0000][65][trace][gc,age      ] GC(11) - age   2:     200104 bytes,   18817624 total
[2024-08-24T04:40:25.884+0000][65][trace][gc,age      ] GC(11) - age   3:    3642288 bytes,   22459912 total
[2024-08-24T04:40:25.884+0000][65][trace][gc,age      ] GC(11) - age   4:    4593344 bytes,   27053256 total
[2024-08-24T04:40:25.884+0000][65][trace][gc,age      ] GC(11) - age   5:    4028016 bytes,   31081272 total
[2024-08-24T04:40:25.884+0000][65][trace][gc,age      ] GC(11) - age   6:    7275992 bytes,   38357264 total
[2024-08-24T04:40:25.884+0000][65][trace][gc,age      ] GC(11) - age   7:     959936 bytes,   39317200 total
[2024-08-24T04:40:25.884+0000][65][info ][gc,heap     ] GC(11) Eden regions: 70->0(66)
[2024-08-24T04:40:25.884+0000][65][info ][gc,heap     ] GC(11) Survivor regions: 6->10(10)
[2024-08-24T04:40:25.884+0000][65][info ][gc,heap     ] GC(11) Old regions: 3->3
[2024-08-24T04:40:25.885+0000][65][info ][gc,heap     ] GC(11) Archive regions: 2->2
[2024-08-24T04:40:25.885+0000][65][info ][gc,heap     ] GC(11) Humongous regions: 0->0
[2024-08-24T04:40:25.885+0000][65][info ][gc,metaspace] GC(11) Metaspace: 44117K(45440K)->44117K(45440K) NonClass: 38782K(39552K)->38782K(39552K) Class: 5335K(5888K)->5335K(5888K)
[2024-08-24T04:40:25.885+0000][65][info ][gc          ] GC(11) Pause Young (Normal) (G1 Evacuation Pause) 316M->53M(512M) 11.779ms
[2024-08-24T04:40:25.885+0000][65][info ][gc,cpu      ] GC(11) User=0.07s Sys=0.00s Real=0.02s
[2024-08-24T04:40:25.885+0000][65][info ][safepoint   ] Safepoint "G1CollectForAllocation", Time since last: 393226542 ns, Reaching safepoint: 3292 ns, Cleanup: 127000 ns, At safepoint: 11887667 ns, Total: 12017959 ns
[2024-08-24T04:40:26.035+0000][65][info ][safepoint   ] Safepoint "ICBufferFull", Time since last: 150269083 ns, Reaching safepoint: 3167 ns, Cleanup: 163041 ns, At safepoint: 14167 ns, Total: 180375 ns
[2024-08-24T04:40:26.152+0000][65][info ][safepoint   ] Safepoint "ICBufferFull", Time since last: 116645833 ns, Reaching safepoint: 2959 ns, Cleanup: 113083 ns, At safepoint: 2167 ns, Total: 118209 ns
[2024-08-24T04:40:26.327+0000][65][info ][safepoint   ] Safepoint "ICBufferFull", Time since last: 174486500 ns, Reaching safepoint: 2750 ns, Cleanup: 149541 ns, At safepoint: 2375 ns, Total: 154666 ns
[2024-08-24T04:40:26.427+0000][65][info ][gc,start    ] GC(12) Pause Young (Concurrent Start) (Metadata GC Threshold)
[2024-08-24T04:40:26.427+0000][65][info ][gc,task     ] GC(12) Using 8 workers of 8 for evacuation
[2024-08-24T04:40:26.427+0000][65][debug][gc,age      ] GC(12) Desired survivor size 20971520 bytes, new threshold 3 (max threshold 15)
[2024-08-24T04:40:26.439+0000][65][info ][gc,phases   ] GC(12)   Pre Evacuate Collection Set: 0.1ms
[2024-08-24T04:40:26.439+0000][65][info ][gc,phases   ] GC(12)   Merge Heap Roots: 0.0ms
[2024-08-24T04:40:26.439+0000][65][info ][gc,phases   ] GC(12)   Evacuate Collection Set: 9.6ms
[2024-08-24T04:40:26.439+0000][65][info ][gc,phases   ] GC(12)   Post Evacuate Collection Set: 1.1ms
[2024-08-24T04:40:26.439+0000][65][info ][gc,phases   ] GC(12)   Other: 0.4ms
[2024-08-24T04:40:26.439+0000][65][trace][gc,age      ] GC(12) Age table with threshold 3 (max threshold 15)
[2024-08-24T04:40:26.439+0000][65][trace][gc,age      ] GC(12) - age   1:    7551960 bytes,    7551960 total
[2024-08-24T04:40:26.439+0000][65][trace][gc,age      ] GC(12) - age   2:   17884776 bytes,   25436736 total
[2024-08-24T04:40:26.439+0000][65][trace][gc,age      ] GC(12) - age   3:     186280 bytes,   25623016 total
[2024-08-24T04:40:26.439+0000][65][info ][gc,heap     ] GC(12) Eden regions: 45->0(68)
[2024-08-24T04:40:26.439+0000][65][info ][gc,heap     ] GC(12) Survivor regions: 10->8(10)
[2024-08-24T04:40:26.439+0000][65][info ][gc,heap     ] GC(12) Old regions: 3->8
[2024-08-24T04:40:26.439+0000][65][info ][gc,heap     ] GC(12) Archive regions: 2->2
[2024-08-24T04:40:26.439+0000][65][info ][gc,heap     ] GC(12) Humongous regions: 0->0
[2024-08-24T04:40:26.439+0000][65][info ][gc,metaspace] GC(12) Metaspace: 59347K(60736K)->59347K(60736K) NonClass: 51800K(52608K)->51800K(52608K) Class: 7546K(8128K)->7546K(8128K)
[2024-08-24T04:40:26.439+0000][65][info ][gc          ] GC(12) Pause Young (Concurrent Start) (Metadata GC Threshold) 233M->63M(512M) 12.050ms
[2024-08-24T04:40:26.439+0000][65][info ][gc,cpu      ] GC(12) User=0.07s Sys=0.01s Real=0.01s
[2024-08-24T04:40:26.439+0000][65][info ][safepoint   ] Safepoint "CollectForMetadataAllocation", Time since last: 100602084 ns, Reaching safepoint: 2666 ns, Cleanup: 99000 ns, At safepoint: 12218584 ns, Total: 12320250 ns
[2024-08-24T04:40:26.439+0000][65][info ][gc          ] GC(13) Concurrent Mark Cycle
[2024-08-24T04:40:26.440+0000][65][info ][gc,marking  ] GC(13) Concurrent Scan Root Regions
[2024-08-24T04:40:26.451+0000][65][info ][gc,marking  ] GC(13) Concurrent Scan Root Regions 11.499ms
[2024-08-24T04:40:26.452+0000][65][info ][gc,marking  ] GC(13) Concurrent Mark
[2024-08-24T04:40:26.452+0000][65][info ][gc,marking  ] GC(13) Concurrent Mark From Roots
[2024-08-24T04:40:26.452+0000][65][info ][gc,task     ] GC(13) Using 2 workers of 2 for marking
[2024-08-24T04:40:26.458+0000][65][info ][gc,marking  ] GC(13) Concurrent Mark From Roots 6.039ms
[2024-08-24T04:40:26.458+0000][65][info ][gc,marking  ] GC(13) Concurrent Preclean
[2024-08-24T04:40:26.458+0000][65][info ][gc,marking  ] GC(13) Concurrent Preclean 0.092ms
[2024-08-24T04:40:26.458+0000][65][info ][safepoint   ] Safepoint "CollectForMetadataAllocation", Time since last: 18712917 ns, Reaching safepoint: 2750 ns, Cleanup: 42041 ns, At safepoint: 62334 ns, Total: 107125 ns
[2024-08-24T04:40:26.459+0000][65][info ][gc,start    ] GC(13) Pause Remark
[2024-08-24T04:40:26.463+0000][65][info ][gc          ] GC(13) Pause Remark 67M->67M(512M) 3.529ms
[2024-08-24T04:40:26.463+0000][65][info ][gc,cpu      ] GC(13) User=0.02s Sys=0.00s Real=0.00s
[2024-08-24T04:40:26.463+0000][65][info ][safepoint   ] Safepoint "G1PauseRemark", Time since last: 94041 ns, Reaching safepoint: 927292 ns, Cleanup: 66458 ns, At safepoint: 3685209 ns, Total: 4678959 ns
[2024-08-24T04:40:26.463+0000][65][info ][gc,marking  ] GC(13) Concurrent Mark 11.302ms
[2024-08-24T04:40:26.463+0000][65][info ][gc,marking  ] GC(13) Concurrent Rebuild Remembered Sets and Scrub Regions
[2024-08-24T04:40:26.467+0000][65][info ][gc,marking  ] GC(13) Concurrent Rebuild Remembered Sets and Scrub Regions 3.657ms
[2024-08-24T04:40:26.467+0000][65][info ][gc,start    ] GC(13) Pause Cleanup
[2024-08-24T04:40:26.468+0000][65][info ][gc          ] GC(13) Pause Cleanup 69M->69M(512M) 0.117ms
[2024-08-24T04:40:26.468+0000][65][info ][gc,cpu      ] GC(13) User=0.00s Sys=0.00s Real=0.00s
[2024-08-24T04:40:26.468+0000][65][info ][safepoint   ] Safepoint "G1PauseCleanup", Time since last: 3884458 ns, Reaching safepoint: 365208 ns, Cleanup: 52167 ns, At safepoint: 206125 ns, Total: 623500 ns
[2024-08-24T04:40:26.468+0000][65][info ][gc,marking  ] GC(13) Concurrent Clear Claimed Marks
[2024-08-24T04:40:26.468+0000][65][info ][gc,marking  ] GC(13) Concurrent Clear Claimed Marks 0.117ms
[2024-08-24T04:40:26.468+0000][65][info ][gc,marking  ] GC(13) Concurrent Cleanup for Next Mark
[2024-08-24T04:40:26.468+0000][65][info ][gc,marking  ] GC(13) Concurrent Cleanup for Next Mark 0.171ms
[2024-08-24T04:40:26.468+0000][65][info ][gc          ] GC(13) Concurrent Mark Cycle 28.668ms
[2024-08-24T04:40:26.633+0000][65][info ][safepoint   ] Safepoint "ICBufferFull", Time since last: 164827625 ns, Reaching safepoint: 6292 ns, Cleanup: 136666 ns, At safepoint: 6542 ns, Total: 149500 ns
[2024-08-24T04:40:27.061+0000][65][info ][gc,start    ] GC(14) Pause Young (Normal) (G1 Evacuation Pause)
[2024-08-24T04:40:27.061+0000][65][info ][gc,task     ] GC(14) Using 8 workers of 8 for evacuation
[2024-08-24T04:40:27.061+0000][65][debug][gc,age      ] GC(14) Desired survivor size 20971520 bytes, new threshold 2 (max threshold 15)
[2024-08-24T04:40:27.069+0000][65][info ][gc,phases   ] GC(14)   Pre Evacuate Collection Set: 0.1ms
[2024-08-24T04:40:27.070+0000][65][info ][gc,phases   ] GC(14)   Merge Heap Roots: 0.1ms
[2024-08-24T04:40:27.070+0000][65][info ][gc,phases   ] GC(14)   Evacuate Collection Set: 7.1ms
[2024-08-24T04:40:27.070+0000][65][info ][gc,phases   ] GC(14)   Post Evacuate Collection Set: 0.9ms
[2024-08-24T04:40:27.070+0000][65][info ][gc,phases   ] GC(14)   Other: 0.1ms
[2024-08-24T04:40:27.070+0000][65][trace][gc,age      ] GC(14) Age table with threshold 2 (max threshold 15)
[2024-08-24T04:40:27.070+0000][65][trace][gc,age      ] GC(14) - age   1:    2226920 bytes,    2226920 total
[2024-08-24T04:40:27.070+0000][65][trace][gc,age      ] GC(14) - age   2:    7308280 bytes,    9535200 total
[2024-08-24T04:40:27.070+0000][65][info ][gc,heap     ] GC(14) Eden regions: 68->0(73)
[2024-08-24T04:40:27.070+0000][65][info ][gc,heap     ] GC(14) Survivor regions: 8->3(10)
[2024-08-24T04:40:27.070+0000][65][info ][gc,heap     ] GC(14) Old regions: 8->13
[2024-08-24T04:40:27.070+0000][65][info ][gc,heap     ] GC(14) Archive regions: 2->2
[2024-08-24T04:40:27.070+0000][65][info ][gc,heap     ] GC(14) Humongous regions: 0->0
[2024-08-24T04:40:27.070+0000][65][info ][gc,metaspace] GC(14) Metaspace: 66717K(68224K)->66717K(68224K) NonClass: 58045K(58944K)->58045K(58944K) Class: 8672K(9280K)->8672K(9280K)
[2024-08-24T04:40:27.070+0000][65][info ][gc          ] GC(14) Pause Young (Normal) (G1 Evacuation Pause) 335M->65M(512M) 9.010ms
[2024-08-24T04:40:27.070+0000][65][info ][gc,cpu      ] GC(14) User=0.05s Sys=0.00s Real=0.01s
[2024-08-24T04:40:27.070+0000][65][info ][safepoint   ] Safepoint "G1CollectForAllocation", Time since last: 428294958 ns, Reaching safepoint: 2375 ns, Cleanup: 139667 ns, At safepoint: 9097083 ns, Total: 9239125 ns
[2024-08-24T04:40:27.267+0000][65][info ][safepoint   ] Safepoint "ICBufferFull", Time since last: 196685292 ns, Reaching safepoint: 2459 ns, Cleanup: 176125 ns, At safepoint: 1666 ns, Total: 180250 ns
[2024-08-24T04:40:27.752+0000][65][info ][safepoint   ] Safepoint "ICBufferFull", Time since last: 485031917 ns, Reaching safepoint: 3083 ns, Cleanup: 158959 ns, At safepoint: 7333 ns, Total: 169375 ns
[2024-08-24T04:40:27.849+0000][65][info ][safepoint   ] Safepoint "ICBufferFull", Time since last: 96683167 ns, Reaching safepoint: 5000 ns, Cleanup: 122250 ns, At safepoint: 5291 ns, Total: 132541 ns
[2024-08-24T04:40:28.022+0000][65][info ][safepoint   ] Safepoint "ICBufferFull", Time since last: 173352167 ns, Reaching safepoint: 2875 ns, Cleanup: 124334 ns, At safepoint: 9875 ns, Total: 137084 ns
[2024-08-24T04:40:28.091+0000][65][info ][gc,start    ] GC(15) Pause Young (Concurrent Start) (Metadata GC Threshold)
[2024-08-24T04:40:28.091+0000][65][info ][gc,task     ] GC(15) Using 8 workers of 8 for evacuation
[2024-08-24T04:40:28.091+0000][65][debug][gc,age      ] GC(15) Desired survivor size 20971520 bytes, new threshold 15 (max threshold 15)
[2024-08-24T04:40:28.103+0000][65][info ][gc,phases   ] GC(15)   Pre Evacuate Collection Set: 0.1ms
[2024-08-24T04:40:28.103+0000][65][info ][gc,phases   ] GC(15)   Merge Heap Roots: 0.1ms
[2024-08-24T04:40:28.103+0000][65][info ][gc,phases   ] GC(15)   Evacuate Collection Set: 10.0ms
[2024-08-24T04:40:28.103+0000][65][info ][gc,phases   ] GC(15)   Post Evacuate Collection Set: 1.2ms
[2024-08-24T04:40:28.103+0000][65][info ][gc,phases   ] GC(15)   Other: 0.1ms
[2024-08-24T04:40:28.103+0000][65][trace][gc,age      ] GC(15) Age table with threshold 15 (max threshold 15)
[2024-08-24T04:40:28.103+0000][65][trace][gc,age      ] GC(15) - age   1:   14256152 bytes,   14256152 total
[2024-08-24T04:40:28.103+0000][65][trace][gc,age      ] GC(15) - age   2:    2042464 bytes,   16298616 total
[2024-08-24T04:40:28.103+0000][65][trace][gc,age      ] GC(15) - age   3:    7204152 bytes,   23502768 total
[2024-08-24T04:40:28.103+0000][65][info ][gc,heap     ] GC(15) Eden regions: 49->0(69)
[2024-08-24T04:40:28.103+0000][65][info ][gc,heap     ] GC(15) Survivor regions: 3->7(10)
[2024-08-24T04:40:28.103+0000][65][info ][gc,heap     ] GC(15) Old regions: 13->13
[2024-08-24T04:40:28.103+0000][65][info ][gc,heap     ] GC(15) Archive regions: 2->2
[2024-08-24T04:40:28.103+0000][65][info ][gc,heap     ] GC(15) Humongous regions: 0->0
[2024-08-24T04:40:28.103+0000][65][info ][gc,metaspace] GC(15) Metaspace: 99042K(101888K)->99042K(101888K) NonClass: 85653K(87168K)->85653K(87168K) Class: 13389K(14720K)->13389K(14720K)
[2024-08-24T04:40:28.103+0000][65][info ][gc          ] GC(15) Pause Young (Concurrent Start) (Metadata GC Threshold) 259M->78M(512M) 12.251ms
[2024-08-24T04:40:28.103+0000][65][info ][gc,cpu      ] GC(15) User=0.07s Sys=0.01s Real=0.01s
[2024-08-24T04:40:28.103+0000][65][info ][safepoint   ] Safepoint "CollectForMetadataAllocation", Time since last: 68431791 ns, Reaching safepoint: 3042 ns, Cleanup: 91625 ns, At safepoint: 12441708 ns, Total: 12536375 ns
[2024-08-24T04:40:28.103+0000][65][info ][gc          ] GC(16) Concurrent Mark Cycle
[2024-08-24T04:40:28.104+0000][65][info ][gc,marking  ] GC(16) Concurrent Scan Root Regions
[2024-08-24T04:40:28.110+0000][65][info ][gc,marking  ] GC(16) Concurrent Scan Root Regions 6.760ms
[2024-08-24T04:40:28.111+0000][65][info ][gc,marking  ] GC(16) Concurrent Mark
[2024-08-24T04:40:28.111+0000][65][info ][gc,marking  ] GC(16) Concurrent Mark From Roots
[2024-08-24T04:40:28.111+0000][65][info ][gc,task     ] GC(16) Using 2 workers of 2 for marking
[2024-08-24T04:40:28.125+0000][65][info ][safepoint   ] Safepoint "CollectForMetadataAllocation", Time since last: 21803709 ns, Reaching safepoint: 52625 ns, Cleanup: 32333 ns, At safepoint: 59667 ns, Total: 144625 ns
[2024-08-24T04:40:28.135+0000][65][info ][gc,marking  ] GC(16) Concurrent Mark From Roots 23.930ms
[2024-08-24T04:40:28.135+0000][65][info ][gc,marking  ] GC(16) Concurrent Preclean
[2024-08-24T04:40:28.135+0000][65][info ][gc,marking  ] GC(16) Concurrent Preclean 0.440ms
[2024-08-24T04:40:28.136+0000][65][info ][gc,start    ] GC(16) Pause Remark
[2024-08-24T04:40:28.140+0000][65][info ][gc          ] GC(16) Pause Remark 84M->84M(512M) 3.963ms
[2024-08-24T04:40:28.140+0000][65][info ][gc,cpu      ] GC(16) User=0.02s Sys=0.00s Real=0.00s
[2024-08-24T04:40:28.140+0000][65][info ][safepoint   ] Safepoint "G1PauseRemark", Time since last: 10084000 ns, Reaching safepoint: 6166 ns, Cleanup: 78375 ns, At safepoint: 4115125 ns, Total: 4199666 ns
[2024-08-24T04:40:28.140+0000][65][info ][gc,marking  ] GC(16) Concurrent Mark 29.238ms
[2024-08-24T04:40:28.140+0000][65][info ][gc,marking  ] GC(16) Concurrent Rebuild Remembered Sets and Scrub Regions
[2024-08-24T04:40:28.148+0000][65][info ][gc,marking  ] GC(16) Concurrent Rebuild Remembered Sets and Scrub Regions 8.530ms
[2024-08-24T04:40:28.149+0000][65][info ][gc,start    ] GC(16) Pause Cleanup
[2024-08-24T04:40:28.149+0000][65][info ][gc          ] GC(16) Pause Cleanup 86M->86M(512M) 0.103ms
[2024-08-24T04:40:28.150+0000][65][info ][gc,cpu      ] GC(16) User=0.00s Sys=0.00s Real=0.00s
[2024-08-24T04:40:28.150+0000][65][info ][safepoint   ] Safepoint "G1PauseCleanup", Time since last: 8951000 ns, Reaching safepoint: 711959 ns, Cleanup: 44375 ns, At safepoint: 230041 ns, Total: 986375 ns
[2024-08-24T04:40:28.150+0000][65][info ][gc,marking  ] GC(16) Concurrent Clear Claimed Marks
[2024-08-24T04:40:28.150+0000][65][info ][gc,marking  ] GC(16) Concurrent Clear Claimed Marks 0.351ms
[2024-08-24T04:40:28.150+0000][65][info ][gc,marking  ] GC(16) Concurrent Cleanup for Next Mark
[2024-08-24T04:40:28.150+0000][65][info ][gc,marking  ] GC(16) Concurrent Cleanup for Next Mark 0.236ms
[2024-08-24T04:40:28.150+0000][65][info ][gc          ] GC(16) Concurrent Mark Cycle 47.016ms
[2024-08-24T04:40:28.457+0000][65][info ][safepoint   ] Safepoint "ICBufferFull", Time since last: 307015292 ns, Reaching safepoint: 4292 ns, Cleanup: 217125 ns, At safepoint: 4291 ns, Total: 225708 ns
[2024-08-24T04:40:28.577+0000][65][info ][safepoint   ] Safepoint "ICBufferFull", Time since last: 118399167 ns, Reaching safepoint: 1095542 ns, Cleanup: 160292 ns, At safepoint: 20041 ns, Total: 1275875 ns
[2024-08-24T04:40:28.688+0000][65][info ][safepoint   ] Safepoint "ICBufferFull", Time since last: 111109042 ns, Reaching safepoint: 8375 ns, Cleanup: 151625 ns, At safepoint: 10042 ns, Total: 170042 ns
[2024-08-24T04:40:28.722+0000][65][info ][safepoint   ] Safepoint "ICBufferFull", Time since last: 33578625 ns, Reaching safepoint: 8958 ns, Cleanup: 156000 ns, At safepoint: 9375 ns, Total: 174333 ns
[2024-08-24T04:40:28.742+0000][65][info ][safepoint   ] Safepoint "ICBufferFull", Time since last: 19824792 ns, Reaching safepoint: 4916 ns, Cleanup: 150834 ns, At safepoint: 31000 ns, Total: 186750 ns
[2024-08-24T04:40:28.771+0000][65][info ][safepoint   ] Safepoint "ICBufferFull", Time since last: 29104666 ns, Reaching safepoint: 5125 ns, Cleanup: 156709 ns, At safepoint: 21916 ns, Total: 183750 ns
[2024-08-24T04:40:28.814+0000][65][info ][safepoint   ] Safepoint "ICBufferFull", Time since last: 43208542 ns, Reaching safepoint: 4750 ns, Cleanup: 163042 ns, At safepoint: 6500 ns, Total: 174292 ns
[2024-08-24T04:40:28.895+0000][65][info ][safepoint   ] Safepoint "ICBufferFull", Time since last: 80626541 ns, Reaching safepoint: 5042 ns, Cleanup: 141417 ns, At safepoint: 2958 ns, Total: 149417 ns
[2024-08-24T04:40:28.985+0000][65][info ][safepoint   ] Safepoint "ICBufferFull", Time since last: 89030917 ns, Reaching safepoint: 520500 ns, Cleanup: 114458 ns, At safepoint: 5542 ns, Total: 640500 ns
[2024-08-24T04:40:29.090+0000][65][info ][safepoint   ] Safepoint "ICBufferFull", Time since last: 103605958 ns, Reaching safepoint: 1178542 ns, Cleanup: 117458 ns, At safepoint: 8667 ns, Total: 1304667 ns
[2024-08-24T04:40:29.130+0000][65][info ][safepoint   ] Safepoint "ICBufferFull", Time since last: 39143333 ns, Reaching safepoint: 682625 ns, Cleanup: 104167 ns, At safepoint: 8458 ns, Total: 795250 ns
[2024-08-24T04:40:30.131+0000][65][info ][safepoint   ] Safepoint "Cleanup", Time since last: 1000774126 ns, Reaching safepoint: 8333 ns, Cleanup: 183208 ns, At safepoint: 5709 ns, Total: 197250 ns
[2024-08-24T04:40:32.140+0000][65][info ][safepoint   ] Safepoint "Cleanup", Time since last: 2009408751 ns, Reaching safepoint: 31291 ns, Cleanup: 144959 ns, At safepoint: 9208 ns, Total: 185458 ns
[2024-08-24T04:40:34.143+0000][65][info ][safepoint   ] Safepoint "Cleanup", Time since last: 2002945792 ns, Reaching safepoint: 8875 ns, Cleanup: 122334 ns, At safepoint: 4291 ns, Total: 135500 ns
[2024-08-24T04:40:35.144+0000][65][info ][safepoint   ] Safepoint "Cleanup", Time since last: 1001134334 ns, Reaching safepoint: 20500 ns, Cleanup: 50500 ns, At safepoint: 1834 ns, Total: 72834 ns
[2024-08-24T04:40:39.150+0000][65][info ][safepoint   ] Safepoint "Cleanup", Time since last: 4005953668 ns, Reaching safepoint: 13542 ns, Cleanup: 44583 ns, At safepoint: 2500 ns, Total: 60625 ns
[2024-08-24T04:40:42.157+0000][65][info ][safepoint   ] Safepoint "Cleanup", Time since last: 3006066960 ns, Reaching safepoint: 120333 ns, Cleanup: 177709 ns, At safepoint: 9250 ns, Total: 307292 ns
[2024-08-24T04:40:43.159+0000][65][info ][safepoint   ] Safepoint "Cleanup", Time since last: 1002250042 ns, Reaching safepoint: 15833 ns, Cleanup: 111958 ns, At safepoint: 5292 ns, Total: 133083 ns
[2024-08-24T04:40:44.160+0000][65][info ][safepoint   ] Safepoint "Cleanup", Time since last: 1001150917 ns, Reaching safepoint: 8125 ns, Cleanup: 34917 ns, At safepoint: 1917 ns, Total: 44959 ns
[2024-08-24T04:40:49.169+0000][65][info ][safepoint   ] Safepoint "Cleanup", Time since last: 5009506251 ns, Reaching safepoint: 17750 ns, Cleanup: 101417 ns, At safepoint: 3833 ns, Total: 123000 ns
[2024-08-24T04:40:59.202+0000][65][info ][safepoint   ] Safepoint "Cleanup", Time since last: 10033038213 ns, Reaching safepoint: 34167 ns, Cleanup: 185542 ns, At safepoint: 10541 ns, Total: 230250 ns
[2024-08-24T04:41:15.227+0000][65][info ][safepoint   ] Safepoint "Cleanup", Time since last: 16024331175 ns, Reaching safepoint: 38708 ns, Cleanup: 81667 ns, At safepoint: 3708 ns, Total: 124083 ns
[2024-08-24T04:41:16.229+0000][65][info ][safepoint   ] Safepoint "Cleanup", Time since last: 1001693751 ns, Reaching safepoint: 10291 ns, Cleanup: 76292 ns, At safepoint: 3708 ns, Total: 90291 ns
[2024-08-24T04:41:17.233+0000][65][info ][safepoint   ] Safepoint "Cleanup", Time since last: 1003736917 ns, Reaching safepoint: 75209 ns, Cleanup: 137250 ns, At safepoint: 7500 ns, Total: 219959 ns
[2024-08-24T04:41:29.253+0000][65][info ][safepoint   ] Safepoint "Cleanup", Time since last: 12020976005 ns, Reaching safepoint: 37083 ns, Cleanup: 112375 ns, At safepoint: 5750 ns, Total: 155208 ns
[2024-08-24T04:41:30.255+0000][65][info ][safepoint   ] Safepoint "Cleanup", Time since last: 1001727876 ns, Reaching safepoint: 8916 ns, Cleanup: 35792 ns, At safepoint: 1583 ns, Total: 46291 ns
[2024-08-24T04:41:36.263+0000][65][info ][safepoint   ] Safepoint "Cleanup", Time since last: 6008744420 ns, Reaching safepoint: 35083 ns, Cleanup: 163459 ns, At safepoint: 7250 ns, Total: 205792 ns
[2024-08-24T04:41:37.265+0000][65][info ][safepoint   ] Safepoint "Cleanup", Time since last: 1001205333 ns, Reaching safepoint: 31417 ns, Cleanup: 224458 ns, At safepoint: 11167 ns, Total: 267042 ns
[2024-08-24T04:41:59.308+0000][65][info ][safepoint   ] Safepoint "Cleanup", Time since last: 22044714593 ns, Reaching safepoint: 33417 ns, Cleanup: 174833 ns, At safepoint: 8542 ns, Total: 216792 ns
[2024-08-24T04:42:08.335+0000][65][info ][safepoint   ] Safepoint "Cleanup", Time since last: 9026616796 ns, Reaching safepoint: 103916 ns, Cleanup: 127875 ns, At safepoint: 22417 ns, Total: 254208 ns
[2024-08-24T04:42:17.360+0000][65][info ][safepoint   ] Safepoint "Cleanup", Time since last: 9024269254 ns, Reaching safepoint: 108250 ns, Cleanup: 172792 ns, At safepoint: 7250 ns, Total: 288292 ns
[2024-08-24T04:42:28.377+0000][65][info ][safepoint   ] Safepoint "Cleanup", Time since last: 11017959797 ns, Reaching safepoint: 106625 ns, Cleanup: 158666 ns, At safepoint: 17209 ns, Total: 282500 ns
[2024-08-24T04:42:29.380+0000][65][info ][safepoint   ] Safepoint "Cleanup", Time since last: 1003376084 ns, Reaching safepoint: 9916 ns, Cleanup: 66125 ns, At safepoint: 3792 ns, Total: 79833 ns
[2024-08-24T04:42:33.390+0000][65][info ][safepoint   ] Safepoint "Cleanup", Time since last: 4009501335 ns, Reaching safepoint: 37458 ns, Cleanup: 241250 ns, At safepoint: 15125 ns, Total: 293833 ns
[2024-08-24T04:42:34.393+0000][65][info ][safepoint   ] Safepoint "Cleanup", Time since last: 1002507251 ns, Reaching safepoint: 17583 ns, Cleanup: 66084 ns, At safepoint: 2625 ns, Total: 86292 ns
[2024-08-24T04:42:35.394+0000][65][info ][safepoint   ] Safepoint "Cleanup", Time since last: 1001354625 ns, Reaching safepoint: 16958 ns, Cleanup: 157792 ns, At safepoint: 6000 ns, Total: 180750 ns
[2024-08-24T04:42:54.440+0000][65][info ][safepoint   ] Safepoint "Cleanup", Time since last: 19046595842 ns, Reaching safepoint: 92458 ns, Cleanup: 134459 ns, At safepoint: 6375 ns, Total: 233292 ns
[2024-08-24T04:43:07.476+0000][65][info ][safepoint   ] Safepoint "Cleanup", Time since last: 13035531256 ns, Reaching safepoint: 52125 ns, Cleanup: 126541 ns, At safepoint: 4709 ns, Total: 183375 ns
[2024-08-24T04:43:28.511+0000][65][info ][safepoint   ] Safepoint "Cleanup", Time since last: 21036077509 ns, Reaching safepoint: 141083 ns, Cleanup: 132667 ns, At safepoint: 21750 ns, Total: 295500 ns
[2024-08-24T04:43:32.521+0000][65][info ][safepoint   ] Safepoint "Cleanup", Time since last: 4009617960 ns, Reaching safepoint: 9459 ns, Cleanup: 70750 ns, At safepoint: 4041 ns, Total: 84250 ns
[2024-08-24T04:43:58.586+0000][65][info ][safepoint   ] Safepoint "Cleanup", Time since last: 26065945971 ns, Reaching safepoint: 18875 ns, Cleanup: 96708 ns, At safepoint: 2917 ns, Total: 118500 ns
[2024-08-24T04:43:59.588+0000][65][info ][safepoint   ] Safepoint "Cleanup", Time since last: 1002426834 ns, Reaching safepoint: 35791 ns, Cleanup: 132584 ns, At safepoint: 6708 ns, Total: 175083 ns
[2024-08-24T04:46:28.884+0000][65][info ][safepoint   ] Safepoint "Cleanup", Time since last: 149301735652 ns, Reaching safepoint: 116958 ns, Cleanup: 222500 ns, At safepoint: 8875 ns, Total: 348333 ns
[2024-08-24T04:46:38.900+0000][65][info ][safepoint   ] Safepoint "Cleanup", Time since last: 10015660546 ns, Reaching safepoint: 52417 ns, Cleanup: 75333 ns, At safepoint: 8584 ns, Total: 136334 ns
[2024-08-24T04:46:45.911+0000][65][info ][safepoint   ] Safepoint "Cleanup", Time since last: 7011660753 ns, Reaching safepoint: 16125 ns, Cleanup: 87875 ns, At safepoint: 4333 ns, Total: 108333 ns
[2024-08-24T04:46:47.913+0000][65][info ][safepoint   ] Safepoint "Cleanup", Time since last: 2002806667 ns, Reaching safepoint: 10375 ns, Cleanup: 52459 ns, At safepoint: 2291 ns, Total: 65125 ns
[2024-08-24T04:47:04.941+0000][65][info ][safepoint   ] Safepoint "Cleanup", Time since last: 17027908175 ns, Reaching safepoint: 34125 ns, Cleanup: 178750 ns, At safepoint: 20542 ns, Total: 233417 ns
[2024-08-24T04:47:28.975+0000][65][info ][safepoint   ] Safepoint "Cleanup", Time since last: 24033624219 ns, Reaching safepoint: 124833 ns, Cleanup: 305875 ns, At safepoint: 13333 ns, Total: 444041 ns
[2024-08-24T04:48:59.168+0000][65][info ][safepoint   ] Safepoint "Cleanup", Time since last: 90196533250 ns, Reaching safepoint: 26750 ns, Cleanup: 40917 ns, At safepoint: 3125 ns, Total: 70792 ns
[2024-08-24T04:49:19.232+0000][65][info ][safepoint   ] Safepoint "Cleanup", Time since last: 20065763300 ns, Reaching safepoint: 28292 ns, Cleanup: 152875 ns, At safepoint: 8292 ns, Total: 189459 ns
[2024-08-24T04:50:52.424+0000][65][info ][safepoint   ] Safepoint "Cleanup", Time since last: 93194786668 ns, Reaching safepoint: 29583 ns, Cleanup: 145750 ns, At safepoint: 8458 ns, Total: 183791 ns
[2024-08-24T04:50:53.986+0000][65][info ][gc,heap,exit] Heap
[2024-08-24T04:50:53.987+0000][65][info ][gc,heap,exit]  garbage-first heap   total 524288K, used 280051K [0x00000000e0000000, 0x0000000100000000)
[2024-08-24T04:50:53.987+0000][65][info ][gc,heap,exit]   region size 4096K, 56 young (229376K), 7 survivors (28672K)
[2024-08-24T04:50:53.988+0000][65][info ][gc,heap,exit]  Metaspace       used 113380K, committed 116672K, reserved 1179648K
[2024-08-24T04:50:53.988+0000][65][info ][gc,heap,exit]   class space    used 15541K, committed 17152K, reserved 1048576K
